{"job_id": "8029766a38d66367bdba0339567a336e1a4ba4ad", "completed": true, "traceback": "", "csv_url": "http://127.0.0.1:6789/plots//8029766a38d66367bdba0339567a336e1a4ba4ad.zip", "minutes_remaining": 0, "filename": "/local1/data/scratch/nik/GISportal/html/plots//8029766a38d66367bdba0339567a336e1a4ba4ad-plot.html", "state": "complete", "percentage": 100, "csv": "/local1/data/scratch/nik/GISportal/html/plots//8029766a38d66367bdba0339567a336e1a4ba4ad.zip", "message": "Complete"}