[{"wmsURL":"http://rsg.pml.ac.uk/thredds/wms/CCI_ALL-v3.0-5DAY?","serverName":"rsg.pml.ac.uk-thredds-wms-CCI_ALL-v3.0-5DAY","contactInfo":{"person":"Remote Sensing Group","email":"rsgweb@pml.ac.uk","address":"","phone":"","position":""},"provider":"Plymouth Marine Laboratory","timeStamp":"2017-01-13T15:55:34.062Z","owner":"127.0.0.1:6789"},{"wmsURL":"http://rsg.pml.ac.uk/thredds/wms/CCI_ALL-v3.0-DAILY?","serverName":"rsg.pml.ac.uk-thredds-wms-CCI_ALL-v3.0-DAILY","contactInfo":{"person":"Remote Sensing Group","email":"rsgweb@pml.ac.uk","address":"","phone":"","position":""},"provider":"Plymouth Marine Laboratory","timeStamp":"2017-01-13T15:53:22.707Z","owner":"127.0.0.1:6789"},{"wmsURL":"http://rsg.pml.ac.uk/thredds/wms/CCI_ALL-v3.0-MONTHLY?","serverName":"rsg.pml.ac.uk-thredds-wms-CCI_ALL-v3.0-MONTHLY","contactInfo":{"person":"Remote Sensing Group","email":"rsgweb@pml.ac.uk","address":"","phone":"","position":""},"provider":"Plymouth Marine Laboratory","timeStamp":"2017-01-13T15:56:30.276Z","owner":"a.user@pml.ac.uk"}]