{"job_id": "19541046a974ba4671175a12f151fcefdae9b6f4", "completed": true, "traceback": "", "csv_url": "http://127.0.0.1:6789/plots//19541046a974ba4671175a12f151fcefdae9b6f4.zip", "minutes_remaining": 0, "filename": "/local1/data/scratch/nik/GISportal/html/plots//19541046a974ba4671175a12f151fcefdae9b6f4-plot.html", "state": "complete", "percentage": 100, "csv": "/local1/data/scratch/nik/GISportal/html/plots//19541046a974ba4671175a12f151fcefdae9b6f4.zip", "message": "Complete"}