{"job_id": "22e591f68bd47fcbed8c106b2ab6fb1c1ef1b1b9", "completed": true, "traceback": "", "csv_url": "http://127.0.0.1:6789/plots//22e591f68bd47fcbed8c106b2ab6fb1c1ef1b1b9.zip", "minutes_remaining": 0, "filename": "/local1/data/scratch/nik/GISportal/html/plots//22e591f68bd47fcbed8c106b2ab6fb1c1ef1b1b9-plot.html", "state": "complete", "percentage": 100, "csv": "/local1/data/scratch/nik/GISportal/html/plots//22e591f68bd47fcbed8c106b2ab6fb1c1ef1b1b9.zip", "message": "Complete"}