
<!DOCTYPE html>
<html lang="en-US">

<body>
<div id="plot">
    
<script type="text/javascript">
    Bokeh.$(function() {
    var docs_json = {"5b09bcec-d092-47e5-b28c-2c4967ed3cd4":{"roots":{"references":[{"attributes":{"plot":{"id":"54595431-e88e-4566-a257-19b0205a9744","subtype":"Figure","type":"Plot"}},"id":"b29d88f1-6c31-49fb-bc96-74a483a9b578","type":"ResetTool"},{"attributes":{"axis_label":"Date","axis_label_text_font_size":{"value":"10pt"},"formatter":{"id":"3887dcb1-f512-4be5-acae-ba9da1f92ff9","type":"DatetimeTickFormatter"},"plot":{"id":"54595431-e88e-4566-a257-19b0205a9744","subtype":"Figure","type":"Plot"},"ticker":{"id":"6e49b2c5-c98b-4766-8e08-a5ee85b3a720","type":"DatetimeTicker"}},"id":"a2294c84-3d59-4ef7-94fb-be5e1cda8337","type":"DatetimeAxis"},{"attributes":{"callback":null,"column_names":["y","x"],"data":{"x":[1440806400000,1441238400000,1441670400000,1442102400000,1442534400000,1442966400000,1443398400000,1443398400000,1442966400000,1442534400000,1442102400000,1441670400000,1441238400000,1440806400000],"y":[7.67255210876,10.4875087738,10.9911680222,12.3331699371,7.76297426224,8.81705474854,12.8256521225,0.331730544567,0.297525942326,0.253536373377,0.378623962402,0.348950237036,0.324343591928,0.269990682602]}},"id":"6ddf7fdc-2eb2-4ae6-8a7c-af9888e237d0","type":"ColumnDataSource"},{"attributes":{"line_color":{"value":"blue"},"x":{"field":"date"},"y":{"field":"mean"}},"id":"b8045306-a96d-4a4e-a9ca-9a979b17912c","type":"Line"},{"attributes":{"legends":[["Mean chlor_a",[{"id":"cf153420-2a39-44d0-aa6e-5a3066403d12","type":"GlyphRenderer"}]]],"location":"top_left","plot":{"id":"54595431-e88e-4566-a257-19b0205a9744","subtype":"Figure","type":"Plot"}},"id":"9ccff755-53d8-4b28-a799-dfa389e349e6","type":"Legend"},{"attributes":{"fill_alpha":{"value":0.1},"fill_color":{"value":"#1f77b4"},"line_alpha":{"value":0.1},"line_color":{"value":"#1f77b4"},"size":{"units":"screen","value":5},"x":{"field":"date"},"y":{"field":"mean"}},"id":"544e8293-4f3b-48fd-a013-4ad74c69f874","type":"Circle"},{"attributes":{"days":[1,15]},"id":"318e8eca-a30a-46fb-b926-d713f5630729","type":"DaysTicker"},{"attributes":{"num_minor_ticks":5},"id":"6e49b2c5-c98b-4766-8e08-a5ee85b3a720","type":"DatetimeTicker"},{"attributes":{"plot":{"id":"54595431-e88e-4566-a257-19b0205a9744","subtype":"Figure","type":"Plot"}},"id":"24f93ba8-3879-427a-89d3-85348e202da6","type":"PanTool"},{"attributes":{"axis_label":"Mass Concentration of Chlorophyll a in Sea Water (milligram m-3)","axis_label_text_font_size":{"value":"10pt"},"formatter":{"id":"f26f7c43-3685-413f-ab9f-3fd61317e053","type":"NumeralTickFormatter"},"plot":{"id":"54595431-e88e-4566-a257-19b0205a9744","subtype":"Figure","type":"Plot"},"ticker":{"id":"cae4e3ac-4692-4286-8760-9880d9aec019","type":"LogTicker"}},"id":"e352357c-1522-4c54-87c6-ede439c289d9","type":"LogAxis"},{"attributes":{"line_alpha":{"value":0.1},"line_color":{"value":"#1f77b4"},"x":{"field":"date"},"y":{"field":"mean"}},"id":"08edffa8-01d3-44df-9808-c2b0f01d529c","type":"Line"},{"attributes":{"plot":{"id":"54595431-e88e-4566-a257-19b0205a9744","subtype":"Figure","type":"Plot"},"ticker":{"id":"6e49b2c5-c98b-4766-8e08-a5ee85b3a720","type":"DatetimeTicker"}},"id":"210d0950-47ac-4276-a452-ad90a125fc4c","type":"Grid"},{"attributes":{"plot":{"id":"54595431-e88e-4566-a257-19b0205a9744","subtype":"Figure","type":"Plot"}},"id":"6cf6b73c-e43b-4c11-9213-c9e7eceaa8be","type":"WheelZoomTool"},{"attributes":{"plot":{"id":"54595431-e88e-4566-a257-19b0205a9744","subtype":"Figure","type":"Plot"}},"id":"cf2bd92a-b761-403e-9905-fa64a32ee9aa","type":"HelpTool"},{"attributes":{"line_alpha":{"value":0.5},"line_color":{"value":"red"},"xs":{"field":"err_xs"},"ys":{"field":"err_ys"}},"id":"0e4ae52b-63d3-49a3-b65b-156fe797b8ca","type":"MultiLine"},{"attributes":{},"id":"fb562da7-8d72-4cdd-acc0-94ee54caf21e","type":"ToolEvents"},{"attributes":{"data_source":{"id":"a9ed9663-151d-4f22-af2f-ecd3491454e3","type":"ColumnDataSource"},"glyph":{"id":"b8045306-a96d-4a4e-a9ca-9a979b17912c","type":"Line"},"hover_glyph":null,"nonselection_glyph":{"id":"08edffa8-01d3-44df-9808-c2b0f01d529c","type":"Line"},"selection_glyph":null},"id":"cf153420-2a39-44d0-aa6e-5a3066403d12","type":"GlyphRenderer"},{"attributes":{"overlay":{"id":"290349a5-5329-4888-a28a-8513fac405fe","type":"BoxAnnotation"},"plot":{"id":"54595431-e88e-4566-a257-19b0205a9744","subtype":"Figure","type":"Plot"}},"id":"1b027000-bbcd-4c53-932c-805a28c35653","type":"BoxZoomTool"},{"attributes":{},"id":"3887dcb1-f512-4be5-acae-ba9da1f92ff9","type":"DatetimeTickFormatter"},{"attributes":{"days":[1,4,7,10,13,16,19,22,25,28]},"id":"6b7fbbac-a829-497b-b469-8dec55ce15be","type":"DaysTicker"},{"attributes":{"data_source":{"id":"a9ed9663-151d-4f22-af2f-ecd3491454e3","type":"ColumnDataSource"},"glyph":{"id":"0e4ae52b-63d3-49a3-b65b-156fe797b8ca","type":"MultiLine"},"hover_glyph":null,"nonselection_glyph":{"id":"c7f1fc51-525d-4df2-816d-1b83cd6f7314","type":"MultiLine"},"selection_glyph":null},"id":"07a9907b-d439-41e1-9034-e616608f7d99","type":"GlyphRenderer"},{"attributes":{"below":[{"id":"a2294c84-3d59-4ef7-94fb-be5e1cda8337","type":"DatetimeAxis"}],"left":[{"id":"e352357c-1522-4c54-87c6-ede439c289d9","type":"LogAxis"}],"logo":null,"plot_height":400,"plot_width":1200,"renderers":[{"id":"a2294c84-3d59-4ef7-94fb-be5e1cda8337","type":"DatetimeAxis"},{"id":"210d0950-47ac-4276-a452-ad90a125fc4c","type":"Grid"},{"id":"e352357c-1522-4c54-87c6-ede439c289d9","type":"LogAxis"},{"id":"fcc833ff-28ef-45c3-a11d-c6ba07859bad","type":"Grid"},{"id":"290349a5-5329-4888-a28a-8513fac405fe","type":"BoxAnnotation"},{"id":"e5062329-9a79-4c76-a943-60218eeb5778","type":"GlyphRenderer"},{"id":"9ccff755-53d8-4b28-a799-dfa389e349e6","type":"Legend"},{"id":"cf153420-2a39-44d0-aa6e-5a3066403d12","type":"GlyphRenderer"},{"id":"84dbf2bc-36c8-4db1-879c-bd9054b6c251","type":"GlyphRenderer"},{"id":"07a9907b-d439-41e1-9034-e616608f7d99","type":"GlyphRenderer"}],"responsive":true,"title":"Plymouth_Marine_Laboratory: Mass Concentration of Chlorophyll a in Sea Water","title_text_font_size":{"value":"14pt"},"tool_events":{"id":"fb562da7-8d72-4cdd-acc0-94ee54caf21e","type":"ToolEvents"},"tools":[{"id":"24f93ba8-3879-427a-89d3-85348e202da6","type":"PanTool"},{"id":"6cf6b73c-e43b-4c11-9213-c9e7eceaa8be","type":"WheelZoomTool"},{"id":"1b027000-bbcd-4c53-932c-805a28c35653","type":"BoxZoomTool"},{"id":"5ee503e3-2217-437d-ba6c-4d1ecc5228a1","type":"PreviewSaveTool"},{"id":"c7e02299-14db-403c-b51d-2a300eeaa8e2","type":"ResizeTool"},{"id":"b29d88f1-6c31-49fb-bc96-74a483a9b578","type":"ResetTool"},{"id":"cf2bd92a-b761-403e-9905-fa64a32ee9aa","type":"HelpTool"},{"id":"a27ae642-db37-4aee-a9ae-2da44c8d0ecd","type":"CrosshairTool"},{"id":"bb2dffb3-6bb3-4d60-ac28-31b9f72b248e","type":"HoverTool"}],"x_range":{"id":"6236914d-3952-41d6-8674-e6ed9e49e212","type":"DataRange1d"},"y_mapper_type":"log","y_range":{"id":"e3aac79a-2c2e-4538-ba08-bc431c406b4a","type":"Range1d"}},"id":"54595431-e88e-4566-a257-19b0205a9744","subtype":"Figure","type":"Plot"},{"attributes":{"line_alpha":{"value":0.1},"line_color":{"value":"#1f77b4"},"xs":{"field":"err_xs"},"ys":{"field":"err_ys"}},"id":"c7f1fc51-525d-4df2-816d-1b83cd6f7314","type":"MultiLine"},{"attributes":{"days":[1,2,3,4,5,6,7,8,9,10,11,12,13,14,15,16,17,18,19,20,21,22,23,24,25,26,27,28,29,30,31]},"id":"8a64fe23-fa42-45ef-b375-181103a3d2d5","type":"DaysTicker"},{"attributes":{"dimension":1,"plot":{"id":"54595431-e88e-4566-a257-19b0205a9744","subtype":"Figure","type":"Plot"},"ticker":{"id":"cae4e3ac-4692-4286-8760-9880d9aec019","type":"LogTicker"}},"id":"fcc833ff-28ef-45c3-a11d-c6ba07859bad","type":"Grid"},{"attributes":{"callback":null},"id":"6236914d-3952-41d6-8674-e6ed9e49e212","type":"DataRange1d"},{"attributes":{"plot":{"id":"54595431-e88e-4566-a257-19b0205a9744","subtype":"Figure","type":"Plot"}},"id":"a27ae642-db37-4aee-a9ae-2da44c8d0ecd","type":"CrosshairTool"},{"attributes":{},"id":"e325aa94-3f34-42bc-bc5c-d2c7fb30b336","type":"YearsTicker"},{"attributes":{"max_interval":500.0,"num_minor_ticks":0},"id":"26142f0c-77c1-4bf3-ab54-b7341038f407","type":"AdaptiveTicker"},{"attributes":{"base":60,"mantissas":[1,2,5,10,15,20,30],"max_interval":1800000.0,"min_interval":1000.0,"num_minor_ticks":0},"id":"edde7542-122e-46ab-8bef-a2f878843b2a","type":"AdaptiveTicker"},{"attributes":{"fill_alpha":{"value":0.05},"fill_color":{"value":"#7570B3"},"line_alpha":{"value":0},"line_color":{"value":"#7570B3"},"x":{"field":"x"},"y":{"field":"y"}},"id":"083d272f-b720-4730-a059-e6d4dbcd1ff2","type":"Patch"},{"attributes":{"data_source":{"id":"6ddf7fdc-2eb2-4ae6-8a7c-af9888e237d0","type":"ColumnDataSource"},"glyph":{"id":"083d272f-b720-4730-a059-e6d4dbcd1ff2","type":"Patch"},"hover_glyph":null,"nonselection_glyph":{"id":"229ea872-b980-4e07-90b1-fd68542e265b","type":"Patch"},"selection_glyph":null},"id":"e5062329-9a79-4c76-a943-60218eeb5778","type":"GlyphRenderer"},{"attributes":{"data_source":{"id":"a9ed9663-151d-4f22-af2f-ecd3491454e3","type":"ColumnDataSource"},"glyph":{"id":"4121234f-98ef-4f2d-8f6f-fa3ac3110cc2","type":"Circle"},"hover_glyph":null,"nonselection_glyph":{"id":"544e8293-4f3b-48fd-a013-4ad74c69f874","type":"Circle"},"selection_glyph":null},"id":"84dbf2bc-36c8-4db1-879c-bd9054b6c251","type":"GlyphRenderer"},{"attributes":{"base":24,"mantissas":[1,2,4,6,8,12],"max_interval":43200000.0,"min_interval":3600000.0,"num_minor_ticks":0},"id":"7e107b61-b463-4be8-afde-cbc4768e3165","type":"AdaptiveTicker"},{"attributes":{"bottom_units":"screen","fill_alpha":{"value":0.5},"fill_color":{"value":"lightgrey"},"left_units":"screen","level":"overlay","line_alpha":{"value":1.0},"line_color":{"value":"black"},"line_dash":[4,4],"line_width":{"value":2},"plot":null,"render_mode":"css","right_units":"screen","top_units":"screen"},"id":"290349a5-5329-4888-a28a-8513fac405fe","type":"BoxAnnotation"},{"attributes":{"callback":null,"column_names":["sdate","min","max","err_xs","err_ys","stderr","date","mean"],"data":{"date":[1440806400000,1441238400000,1441670400000,1442102400000,1442534400000,1442966400000,1443398400000],"err_xs":[[1440806400000,1440806400000],[1441238400000,1441238400000],[1441670400000,1441670400000],[1442102400000,1442102400000],[1442534400000,1442534400000],[1442966400000,1442966400000],[1443398400000,1443398400000]],"err_ys":[[0.29300814867,1.88630670309],[0.2818370461430001,1.9719974398570002],[0.4398551583289999,2.267941176891],[0.3825963139509999,2.321007668969],[0.38385629653599995,2.198083162304],[0.39612406492200014,2.361483633518],[0.37677299977,2.89509212971]],"max":["7.67255210876","10.4875087738","10.9911680222","12.3331699371","7.76297426224","8.81705474854","12.8256521225"],"mean":["1.08965742588","1.126917243","1.35389816761","1.35180199146","1.29096972942","1.37880384922","1.63593256474"],"min":["0.269990682602","0.324343591928","0.348950237036","0.378623962402","0.253536373377","0.297525942326","0.331730544567"],"sdate":["2015-08-29T00:00:00","2015-09-03T00:00:00","2015-09-08T00:00:00","2015-09-13T00:00:00","2015-09-18T00:00:00","2015-09-23T00:00:00","2015-09-28T00:00:00"],"stderr":["0.79664927721","0.845080196857","0.914043009281","0.969205677509","0.907113432884","0.982679784298","1.25915956497"]}},"id":"a9ed9663-151d-4f22-af2f-ecd3491454e3","type":"ColumnDataSource"},{"attributes":{"plot":{"id":"54595431-e88e-4566-a257-19b0205a9744","subtype":"Figure","type":"Plot"}},"id":"5ee503e3-2217-437d-ba6c-4d1ecc5228a1","type":"PreviewSaveTool"},{"attributes":{"fill_alpha":{"value":0.1},"fill_color":{"value":"#1f77b4"},"line_alpha":{"value":0.1},"line_color":{"value":"#1f77b4"},"x":{"field":"x"},"y":{"field":"y"}},"id":"229ea872-b980-4e07-90b1-fd68542e265b","type":"Patch"},{"attributes":{"plot":{"id":"54595431-e88e-4566-a257-19b0205a9744","subtype":"Figure","type":"Plot"}},"id":"c7e02299-14db-403c-b51d-2a300eeaa8e2","type":"ResizeTool"},{"attributes":{"callback":null,"end":3.02575488388835,"start":0.1511742919646501},"id":"e3aac79a-2c2e-4538-ba08-bc431c406b4a","type":"Range1d"},{"attributes":{"months":[0,2,4,6,8,10]},"id":"e1c5fb53-cffa-46c6-8e0e-70ce8f69cb8b","type":"MonthsTicker"},{"attributes":{"callback":null,"plot":{"id":"54595431-e88e-4566-a257-19b0205a9744","subtype":"Figure","type":"Plot"},"tooltips":[["Date","@sdate"],["Mean","@mean{0.000}"],["Max ","@max{0.000}"],["Min ","@min{0.000}"],["Std ","@stderr{0.000}"]]},"id":"bb2dffb3-6bb3-4d60-ac28-31b9f72b248e","type":"HoverTool"},{"attributes":{"months":[0,1,2,3,4,5,6,7,8,9,10,11]},"id":"dafa2215-ca31-4cf4-a762-26001c8d91b8","type":"MonthsTicker"},{"attributes":{"fill_alpha":{"value":0.5},"fill_color":{"value":"red"},"line_alpha":{"value":0},"line_color":{"value":"red"},"size":{"units":"screen","value":5},"x":{"field":"date"},"y":{"field":"mean"}},"id":"4121234f-98ef-4f2d-8f6f-fa3ac3110cc2","type":"Circle"},{"attributes":{"months":[0,6]},"id":"180ca15f-758c-455a-8c2c-38cb14a0672e","type":"MonthsTicker"},{"attributes":{"months":[0,4,8]},"id":"0c0b1713-a42b-41f3-830a-327bde3fe560","type":"MonthsTicker"},{"attributes":{"num_minor_ticks":10},"id":"cae4e3ac-4692-4286-8760-9880d9aec019","type":"LogTicker"},{"attributes":{"days":[1,8,15,22]},"id":"85de0d16-1a49-44e3-8cc5-076540d9eacc","type":"DaysTicker"},{"attributes":{"format":"0.000"},"id":"f26f7c43-3685-413f-ab9f-3fd61317e053","type":"NumeralTickFormatter"}],"root_ids":["54595431-e88e-4566-a257-19b0205a9744"]},"title":"Bokeh Application","version":"0.11.1"}};
    var render_items = [{"docid":"5b09bcec-d092-47e5-b28c-2c4967ed3cd4","elementid":"55f77ee6-dfa3-41cf-8c4c-b2ad92ed693b","modelid":"54595431-e88e-4566-a257-19b0205a9744"}];
    
    Bokeh.embed.embed_items(docs_json, render_items);
});
</script>
    
    
<div class="plotdiv" id="55f77ee6-dfa3-41cf-8c4c-b2ad92ed693b"></div>
</div>
</body>

</html>
