{"status": "success", "dir_name": "/local1/data/scratch/nik/GISportal/html/plots/", "palette": "alg", "xAxis": {"scale": "linear", "tickFormat": "%d/%m/%Y", "ticks": "auto", "weight": "auto", "label": "Date/Time"}, "title": "Plymouth_Marine_Laboratory: Mass Concentration of Chlorophyll a in Sea Water", "data": [{"scale": "log", "data": [["2015-09-08T00:00:00", 0.34895023703575134, 10.991168022155762, 1.3538981676101685, 0.9140430092811584], ["2015-09-28T00:00:00", 0.33173054456710815, 12.825652122497559, 1.6359325647354126, 1.2591595649719238], ["2015-09-13T00:00:00", 0.37862396240234375, 12.333169937133789, 1.3518019914627075, 0.9692056775093079], ["2015-09-03T00:00:00", 0.32434359192848206, 10.487508773803711, 1.1269172430038452, 0.8450801968574524], ["2015-09-18T00:00:00", 0.2535363733768463, 7.762974262237549, 1.290969729423523, 0.9071134328842163], ["2015-09-23T00:00:00", 0.29752594232559204, 8.817054748535156, 1.3788038492202759, 0.9826797842979431]], "vars": ["date", "min", "max", "mean", "std"], "coverage": "chlor_a", "yaxis": 1}], "req_hash": "22e591f68bd47fcbed8c106b2ab6fb1c1ef1b1b9", "matchup_log": false, "req_id": "14931169169497", "y1Axis": {"scale": "log", "tickFormat": "auto", "ticks": "auto", "weight": "auto", "label": "Mass Concentration of Chlorophyll a in Sea Water (milligram m-3)"}, "type": "timeseries"}