{"job_id": "259d911a85ec876652f2d059b676faceb3f18ab7", "completed": true, "traceback": "", "csv_url": "http://127.0.0.1:6789/plots//259d911a85ec876652f2d059b676faceb3f18ab7.zip", "minutes_remaining": 0, "filename": "/local1/data/scratch/nik/GISportal/html/plots//259d911a85ec876652f2d059b676faceb3f18ab7-plot.html", "state": "complete", "percentage": 100, "csv": "/local1/data/scratch/nik/GISportal/html/plots//259d911a85ec876652f2d059b676faceb3f18ab7.zip", "message": "Complete"}