{"status": "success", "dir_name": "/local1/data/scratch/nik/GISportal/html/plots/", "palette": "alg", "xAxis": {"scale": "linear", "tickFormat": "%d/%m/%Y", "ticks": "auto", "weight": "auto", "label": "Date/Time"}, "title": "Plymouth_Marine_Laboratory: Mass Concentration of Chlorophyll a in Sea Water", "data": [{"scale": "log", "data": [["2015-12-17T00:00:00", 0.009884637780487537, 72.19446563720703, 0.23037013411521912, 0.5142215490341187], ["2015-12-02T00:00:00", 0.011981043964624405, 73.2022476196289, 0.24496859312057495, 0.537768542766571], ["2015-12-27T00:00:00", 0.011423910968005657, 73.28376770019531, 0.23069316148757935, 0.41509902477264404], ["2015-11-27T00:00:00", 0.020067529752850533, 99.74085235595703, 0.2793053686618805, 0.6055821776390076], ["2015-12-07T00:00:00", 0.002691838424652815, 54.15309524536133, 0.25641152262687683, 0.4704664647579193], ["2015-12-12T00:00:00", 0.006510178558528423, 86.63379669189453, 0.23969005048274994, 0.4884321689605713], ["2015-12-22T00:00:00", 0.012849243357777596, 61.529747009277344, 0.283986359834671, 0.5155412554740906]], "vars": ["date", "min", "max", "mean", "std"], "coverage": "chlor_a", "yaxis": 1}], "req_hash": "259d911a85ec876652f2d059b676faceb3f18ab7", "matchup_log": false, "req_id": "149304431917577", "y1Axis": {"scale": "log", "tickFormat": "auto", "ticks": "auto", "weight": "auto", "label": "Mass Concentration of Chlorophyll a in Sea Water (milligram m-3)"}, "type": "timeseries"}