
<!DOCTYPE html>
<html lang="en-US">

<body>
<div id="plot">
    
<script type="text/javascript">
    Bokeh.$(function() {
    var docs_json = {"4a8bd085-effb-4449-a18d-f750c4fc9938":{"roots":{"references":[{"attributes":{"axis_label":"Mass Concentration of Chlorophyll a in Sea Water (milligram m-3)","axis_label_text_font_size":{"value":"10pt"},"formatter":{"id":"57e2f7ae-637b-4318-8bd4-0eb458aafe07","type":"NumeralTickFormatter"},"plot":{"id":"a500e1fd-ff01-43e9-bdab-dbd05b890d17","subtype":"Figure","type":"Plot"},"ticker":{"id":"775e17f4-ff1f-453d-ae23-cd2fd66b5195","type":"BasicTicker"}},"id":"bfd6e1c4-ae1c-4e80-90e0-d243c055f44f","type":"LinearAxis"},{"attributes":{"base":24,"mantissas":[1,2,4,6,8,12],"max_interval":43200000.0,"min_interval":3600000.0,"num_minor_ticks":0},"id":"034fcb14-1381-44da-9531-d8d9823a29c4","type":"AdaptiveTicker"},{"attributes":{},"id":"a0e657c2-8e58-407c-866f-35544d5ccde8","type":"DatetimeTickFormatter"},{"attributes":{"callback":null},"id":"cd388d6b-860e-48a5-bfeb-526503ffba38","type":"DataRange1d"},{"attributes":{"fill_alpha":{"value":0.5},"fill_color":{"value":"red"},"line_alpha":{"value":0},"line_color":{"value":"red"},"size":{"units":"screen","value":5},"x":{"field":"date"},"y":{"field":"mean"}},"id":"e8666b19-a73a-4b4b-b6c3-86b8cd069e2d","type":"Circle"},{"attributes":{"plot":{"id":"a500e1fd-ff01-43e9-bdab-dbd05b890d17","subtype":"Figure","type":"Plot"},"ticker":{"id":"b571233f-1743-4fdb-adbf-80026f88b299","type":"DatetimeTicker"}},"id":"e0647d94-0d82-43e1-84d9-b3ed33b555e5","type":"Grid"},{"attributes":{"months":[0,4,8]},"id":"c2c199fd-c101-41fb-9eba-a21649623b7b","type":"MonthsTicker"},{"attributes":{"plot":{"id":"a500e1fd-ff01-43e9-bdab-dbd05b890d17","subtype":"Figure","type":"Plot"}},"id":"0bcf227d-8b33-42fb-80f6-264b3e91cc4a","type":"PreviewSaveTool"},{"attributes":{"days":[1,2,3,4,5,6,7,8,9,10,11,12,13,14,15,16,17,18,19,20,21,22,23,24,25,26,27,28,29,30,31]},"id":"d76a970a-8f31-4c08-8c5a-4eac7df313c2","type":"DaysTicker"},{"attributes":{"bottom_units":"screen","fill_alpha":{"value":0.5},"fill_color":{"value":"lightgrey"},"left_units":"screen","level":"overlay","line_alpha":{"value":1.0},"line_color":{"value":"black"},"line_dash":[4,4],"line_width":{"value":2},"plot":null,"render_mode":"css","right_units":"screen","top_units":"screen"},"id":"1b748ebb-a1f4-4bef-8f8b-b46d25406b26","type":"BoxAnnotation"},{"attributes":{"callback":null,"column_names":["sdate","min","max","err_xs","err_ys","stderr","date","mean"],"data":{"date":[1448582400000,1449014400000,1449446400000,1449878400000,1450310400000,1450742400000,1451174400000],"err_xs":[[1448582400000,1448582400000],[1449014400000,1449014400000],[1449446400000,1449446400000],[1449878400000,1449878400000],[1450310400000,1450310400000],[1450742400000,1450742400000],[1451174400000,1451174400000]],"err_ys":[[-0.326276808977,0.884887546301],[-0.29279994964600004,0.782737135888],[-0.21405494213100001,0.726877987385],[-0.248742118478,0.728122219444],[-0.28385141491899996,0.744591683149],[-0.231554895639,0.799527615309],[-0.18440586328499997,0.645792186261]],"max":["99.740852356","73.2022476196","54.1530952454","86.6337966919","72.1944656372","61.5297470093","73.2837677002"],"mean":["0.279305368662","0.244968593121","0.256411522627","0.239690050483","0.230370134115","0.283986359835","0.230693161488"],"min":["0.0200675297529","0.0119810439646","0.00269183842465","0.00651017855853","0.00988463778049","0.0128492433578","0.011423910968"],"sdate":["2015-11-27T00:00:00","2015-12-02T00:00:00","2015-12-07T00:00:00","2015-12-12T00:00:00","2015-12-17T00:00:00","2015-12-22T00:00:00","2015-12-27T00:00:00"],"stderr":["0.605582177639","0.537768542767","0.470466464758","0.488432168961","0.514221549034","0.515541255474","0.415099024773"]}},"id":"32e79797-e9bb-44b8-bdb4-61bbb52e4a67","type":"ColumnDataSource"},{"attributes":{"data_source":{"id":"32e79797-e9bb-44b8-bdb4-61bbb52e4a67","type":"ColumnDataSource"},"glyph":{"id":"9fca733b-e704-429f-b725-f54a10b3100c","type":"Line"},"hover_glyph":null,"nonselection_glyph":{"id":"1727441d-8b4b-4c73-8358-742aad5bd8be","type":"Line"},"selection_glyph":null},"id":"1ff3813e-c19d-4e43-909b-770a03a40145","type":"GlyphRenderer"},{"attributes":{"line_alpha":{"value":0.1},"line_color":{"value":"#1f77b4"},"x":{"field":"date"},"y":{"field":"mean"}},"id":"1727441d-8b4b-4c73-8358-742aad5bd8be","type":"Line"},{"attributes":{"fill_alpha":{"value":0.05},"fill_color":{"value":"#7570B3"},"line_alpha":{"value":0},"line_color":{"value":"#7570B3"},"x":{"field":"x"},"y":{"field":"y"}},"id":"057fc609-7291-4f4c-bbb8-1d520abeb55b","type":"Patch"},{"attributes":{},"id":"d2fc2776-e322-4fcf-bb0b-ab17e18d28fe","type":"ToolEvents"},{"attributes":{"line_color":{"value":"blue"},"x":{"field":"date"},"y":{"field":"mean"}},"id":"9fca733b-e704-429f-b725-f54a10b3100c","type":"Line"},{"attributes":{"base":60,"mantissas":[1,2,5,10,15,20,30],"max_interval":1800000.0,"min_interval":1000.0,"num_minor_ticks":0},"id":"8ece973d-618f-490c-9680-fd48843a3a88","type":"AdaptiveTicker"},{"attributes":{"max_interval":500.0,"num_minor_ticks":0},"id":"9dae7c03-00fb-45cf-ad51-97963d90ecc2","type":"AdaptiveTicker"},{"attributes":{"months":[0,2,4,6,8,10]},"id":"60dac0ca-1745-4a9b-be8c-66e06d0ac1e1","type":"MonthsTicker"},{"attributes":{},"id":"a1bc591c-8cc0-48a5-91f3-79e8a40151db","type":"YearsTicker"},{"attributes":{"callback":null,"column_names":["y","x"],"data":{"x":[1448582400000,1449014400000,1449446400000,1449878400000,1450310400000,1450742400000,1451174400000,1451174400000,1450742400000,1450310400000,1449878400000,1449446400000,1449014400000,1448582400000],"y":[99.740852356,73.2022476196,54.1530952454,86.6337966919,72.1944656372,61.5297470093,73.2837677002,0.011423910968,0.0128492433578,0.00988463778049,0.00651017855853,0.00269183842465,0.0119810439646,0.0200675297529]}},"id":"010f1616-3587-4709-861e-790ea8955a81","type":"ColumnDataSource"},{"attributes":{"days":[1,8,15,22]},"id":"275da4f8-4884-4a53-8d41-21b5a82d790d","type":"DaysTicker"},{"attributes":{"callback":null,"end":0.9454457640649,"start":-0.38683502674090003},"id":"f85b4659-caac-4870-a771-17ff3f16265a","type":"Range1d"},{"attributes":{"legends":[["Mean chlor_a",[{"id":"1ff3813e-c19d-4e43-909b-770a03a40145","type":"GlyphRenderer"}]]],"location":"top_left","plot":{"id":"a500e1fd-ff01-43e9-bdab-dbd05b890d17","subtype":"Figure","type":"Plot"}},"id":"d9b5b5dd-e5c1-44b2-80b8-3bc0d703a0a8","type":"Legend"},{"attributes":{"format":"0.000"},"id":"57e2f7ae-637b-4318-8bd4-0eb458aafe07","type":"NumeralTickFormatter"},{"attributes":{"data_source":{"id":"32e79797-e9bb-44b8-bdb4-61bbb52e4a67","type":"ColumnDataSource"},"glyph":{"id":"1be44f09-ed42-4a96-89ee-a1b66ecef7cc","type":"MultiLine"},"hover_glyph":null,"nonselection_glyph":{"id":"85901dfb-81ab-48af-9ff6-42aa50816eed","type":"MultiLine"},"selection_glyph":null},"id":"396ced51-6781-4787-adfa-095df718a538","type":"GlyphRenderer"},{"attributes":{"plot":{"id":"a500e1fd-ff01-43e9-bdab-dbd05b890d17","subtype":"Figure","type":"Plot"}},"id":"9c0c1c8d-9700-454a-a6a9-e5f843741347","type":"WheelZoomTool"},{"attributes":{"plot":{"id":"a500e1fd-ff01-43e9-bdab-dbd05b890d17","subtype":"Figure","type":"Plot"}},"id":"dba70037-2cd4-4058-940b-4e2af7854112","type":"PanTool"},{"attributes":{"plot":{"id":"a500e1fd-ff01-43e9-bdab-dbd05b890d17","subtype":"Figure","type":"Plot"}},"id":"354a63aa-6313-4c67-a48d-672400160c2c","type":"CrosshairTool"},{"attributes":{"fill_alpha":{"value":0.1},"fill_color":{"value":"#1f77b4"},"line_alpha":{"value":0.1},"line_color":{"value":"#1f77b4"},"x":{"field":"x"},"y":{"field":"y"}},"id":"2f2a8bd0-d24f-416f-b733-41681ec49c3a","type":"Patch"},{"attributes":{"fill_alpha":{"value":0.1},"fill_color":{"value":"#1f77b4"},"line_alpha":{"value":0.1},"line_color":{"value":"#1f77b4"},"size":{"units":"screen","value":5},"x":{"field":"date"},"y":{"field":"mean"}},"id":"838d3193-e940-4b96-ac3b-7cb93ed1057a","type":"Circle"},{"attributes":{"months":[0,6]},"id":"0476e884-657f-43e6-b6e0-ff637db95b31","type":"MonthsTicker"},{"attributes":{"plot":{"id":"a500e1fd-ff01-43e9-bdab-dbd05b890d17","subtype":"Figure","type":"Plot"}},"id":"02fb6a49-f1cc-486a-b89c-c35623db6e8f","type":"HelpTool"},{"attributes":{"line_alpha":{"value":0.1},"line_color":{"value":"#1f77b4"},"xs":{"field":"err_xs"},"ys":{"field":"err_ys"}},"id":"85901dfb-81ab-48af-9ff6-42aa50816eed","type":"MultiLine"},{"attributes":{"axis_label":"Date","axis_label_text_font_size":{"value":"10pt"},"formatter":{"id":"a0e657c2-8e58-407c-866f-35544d5ccde8","type":"DatetimeTickFormatter"},"plot":{"id":"a500e1fd-ff01-43e9-bdab-dbd05b890d17","subtype":"Figure","type":"Plot"},"ticker":{"id":"b571233f-1743-4fdb-adbf-80026f88b299","type":"DatetimeTicker"}},"id":"801ffd83-b4fb-4a20-97dc-37e0db3594bf","type":"DatetimeAxis"},{"attributes":{"plot":{"id":"a500e1fd-ff01-43e9-bdab-dbd05b890d17","subtype":"Figure","type":"Plot"}},"id":"29ac1655-4fe3-4708-9e7c-ca75cfaa637e","type":"ResizeTool"},{"attributes":{"days":[1,4,7,10,13,16,19,22,25,28]},"id":"03f41cc8-844e-4522-b380-1a87b8e57aa8","type":"DaysTicker"},{"attributes":{"line_alpha":{"value":0.5},"line_color":{"value":"red"},"xs":{"field":"err_xs"},"ys":{"field":"err_ys"}},"id":"1be44f09-ed42-4a96-89ee-a1b66ecef7cc","type":"MultiLine"},{"attributes":{"data_source":{"id":"32e79797-e9bb-44b8-bdb4-61bbb52e4a67","type":"ColumnDataSource"},"glyph":{"id":"e8666b19-a73a-4b4b-b6c3-86b8cd069e2d","type":"Circle"},"hover_glyph":null,"nonselection_glyph":{"id":"838d3193-e940-4b96-ac3b-7cb93ed1057a","type":"Circle"},"selection_glyph":null},"id":"a8d6938f-4f16-438b-896c-18a7cced987d","type":"GlyphRenderer"},{"attributes":{"dimension":1,"plot":{"id":"a500e1fd-ff01-43e9-bdab-dbd05b890d17","subtype":"Figure","type":"Plot"},"ticker":{"id":"775e17f4-ff1f-453d-ae23-cd2fd66b5195","type":"BasicTicker"}},"id":"92a2221b-fcee-4339-8537-77e14514509e","type":"Grid"},{"attributes":{"data_source":{"id":"010f1616-3587-4709-861e-790ea8955a81","type":"ColumnDataSource"},"glyph":{"id":"057fc609-7291-4f4c-bbb8-1d520abeb55b","type":"Patch"},"hover_glyph":null,"nonselection_glyph":{"id":"2f2a8bd0-d24f-416f-b733-41681ec49c3a","type":"Patch"},"selection_glyph":null},"id":"9d7c3fcc-39f5-470d-ab23-341640f6235c","type":"GlyphRenderer"},{"attributes":{"num_minor_ticks":5},"id":"b571233f-1743-4fdb-adbf-80026f88b299","type":"DatetimeTicker"},{"attributes":{"overlay":{"id":"1b748ebb-a1f4-4bef-8f8b-b46d25406b26","type":"BoxAnnotation"},"plot":{"id":"a500e1fd-ff01-43e9-bdab-dbd05b890d17","subtype":"Figure","type":"Plot"}},"id":"bba570d7-9e42-4cd2-a5b7-c6c1d916e82b","type":"BoxZoomTool"},{"attributes":{"plot":{"id":"a500e1fd-ff01-43e9-bdab-dbd05b890d17","subtype":"Figure","type":"Plot"}},"id":"64b00607-ba09-4e89-ae64-88d556208ea1","type":"ResetTool"},{"attributes":{"days":[1,15]},"id":"3a3f562e-1225-4240-ac56-207263ade33b","type":"DaysTicker"},{"attributes":{"below":[{"id":"801ffd83-b4fb-4a20-97dc-37e0db3594bf","type":"DatetimeAxis"}],"left":[{"id":"bfd6e1c4-ae1c-4e80-90e0-d243c055f44f","type":"LinearAxis"}],"logo":null,"plot_height":400,"plot_width":1200,"renderers":[{"id":"801ffd83-b4fb-4a20-97dc-37e0db3594bf","type":"DatetimeAxis"},{"id":"e0647d94-0d82-43e1-84d9-b3ed33b555e5","type":"Grid"},{"id":"bfd6e1c4-ae1c-4e80-90e0-d243c055f44f","type":"LinearAxis"},{"id":"92a2221b-fcee-4339-8537-77e14514509e","type":"Grid"},{"id":"1b748ebb-a1f4-4bef-8f8b-b46d25406b26","type":"BoxAnnotation"},{"id":"9d7c3fcc-39f5-470d-ab23-341640f6235c","type":"GlyphRenderer"},{"id":"d9b5b5dd-e5c1-44b2-80b8-3bc0d703a0a8","type":"Legend"},{"id":"1ff3813e-c19d-4e43-909b-770a03a40145","type":"GlyphRenderer"},{"id":"a8d6938f-4f16-438b-896c-18a7cced987d","type":"GlyphRenderer"},{"id":"396ced51-6781-4787-adfa-095df718a538","type":"GlyphRenderer"}],"responsive":true,"title":"Plymouth_Marine_Laboratory: Mass Concentration of Chlorophyll a in Sea Water","title_text_font_size":{"value":"14pt"},"tool_events":{"id":"d2fc2776-e322-4fcf-bb0b-ab17e18d28fe","type":"ToolEvents"},"tools":[{"id":"dba70037-2cd4-4058-940b-4e2af7854112","type":"PanTool"},{"id":"9c0c1c8d-9700-454a-a6a9-e5f843741347","type":"WheelZoomTool"},{"id":"bba570d7-9e42-4cd2-a5b7-c6c1d916e82b","type":"BoxZoomTool"},{"id":"0bcf227d-8b33-42fb-80f6-264b3e91cc4a","type":"PreviewSaveTool"},{"id":"29ac1655-4fe3-4708-9e7c-ca75cfaa637e","type":"ResizeTool"},{"id":"64b00607-ba09-4e89-ae64-88d556208ea1","type":"ResetTool"},{"id":"02fb6a49-f1cc-486a-b89c-c35623db6e8f","type":"HelpTool"},{"id":"354a63aa-6313-4c67-a48d-672400160c2c","type":"CrosshairTool"},{"id":"ce334da6-fff3-401f-9e9d-201feef1291b","type":"HoverTool"}],"x_range":{"id":"cd388d6b-860e-48a5-bfeb-526503ffba38","type":"DataRange1d"},"y_range":{"id":"f85b4659-caac-4870-a771-17ff3f16265a","type":"Range1d"}},"id":"a500e1fd-ff01-43e9-bdab-dbd05b890d17","subtype":"Figure","type":"Plot"},{"attributes":{"callback":null,"plot":{"id":"a500e1fd-ff01-43e9-bdab-dbd05b890d17","subtype":"Figure","type":"Plot"},"tooltips":[["Date","@sdate"],["Mean","@mean{0.000}"],["Max ","@max{0.000}"],["Min ","@min{0.000}"],["Std ","@stderr{0.000}"]]},"id":"ce334da6-fff3-401f-9e9d-201feef1291b","type":"HoverTool"},{"attributes":{"months":[0,1,2,3,4,5,6,7,8,9,10,11]},"id":"ecc4a835-89e8-463a-ac10-c81f79c63737","type":"MonthsTicker"},{"attributes":{},"id":"775e17f4-ff1f-453d-ae23-cd2fd66b5195","type":"BasicTicker"}],"root_ids":["a500e1fd-ff01-43e9-bdab-dbd05b890d17"]},"title":"Bokeh Application","version":"0.11.1"}};
    var render_items = [{"docid":"4a8bd085-effb-4449-a18d-f750c4fc9938","elementid":"fa42e623-9ddd-411a-8565-e40fd7059ce6","modelid":"a500e1fd-ff01-43e9-bdab-dbd05b890d17"}];
    
    Bokeh.embed.embed_items(docs_json, render_items);
});
</script>
    
    
<div class="plotdiv" id="fa42e623-9ddd-411a-8565-e40fd7059ce6"></div>
</div>
</body>

</html>
