{"job_id": "4c4c49b3757dfa032fb014219758b5ebf47c51a2", "completed": true, "traceback": "", "csv_url": "http://127.0.0.1:6789/plots//4c4c49b3757dfa032fb014219758b5ebf47c51a2.zip", "minutes_remaining": 0, "filename": "/local1/data/scratch/nik/GISportal/html/plots//4c4c49b3757dfa032fb014219758b5ebf47c51a2-plot.html", "state": "complete", "percentage": 100, "csv": "/local1/data/scratch/nik/GISportal/html/plots//4c4c49b3757dfa032fb014219758b5ebf47c51a2.zip", "message": "Complete"}