{"job_id": "1a4e5b5abfd49eee0d9842c7dda1d823b79d309a", "completed": true, "traceback": "", "csv_url": "http://127.0.0.1:6789/plots//1a4e5b5abfd49eee0d9842c7dda1d823b79d309a.zip", "minutes_remaining": 0, "filename": "/local1/data/scratch/nik/GISportal/html/plots//1a4e5b5abfd49eee0d9842c7dda1d823b79d309a-plot.html", "state": "complete", "percentage": 100, "csv": "/local1/data/scratch/nik/GISportal/html/plots//1a4e5b5abfd49eee0d9842c7dda1d823b79d309a.zip", "message": "Complete"}