
<!DOCTYPE html>
<html lang="en">
    <head>
        <meta charset="utf-8">
        <title>Hovmoller example</title>
        
<link rel="stylesheet" href="https://cdn.pydata.org/bokeh/release/bokeh-0.11.1.min.css" type="text/css" />
        
<script type="text/javascript" src="https://cdn.pydata.org/bokeh/release/bokeh-0.11.1.min.js"></script>
<script type="text/javascript">
    Bokeh.set_log_level("info");
</script>
    </head>
    <body>
        
        <div class="plotdiv" id="d1923f52-5148-49f2-9992-fd1fa9420c51"></div>
        
        <script type="text/javascript">
            Bokeh.$(function() {
            var docs_json = {"dee27c5c-f33c-4151-95f7-c3e5ae448c98":{"roots":{"references":[{"attributes":{"base":60,"mantissas":[1,2,5,10,15,20,30],"max_interval":1800000.0,"min_interval":1000.0,"num_minor_ticks":0},"id":"e70925ca-8765-44f5-81ea-bdf4c62ab5d7","type":"AdaptiveTicker"},{"attributes":{"data_source":{"id":"c2c1c483-8adf-4534-a05c-ee6115481aed","type":"ColumnDataSource"},"glyph":{"id":"2568e9d8-d9f8-45a7-9cad-8b5afe6be360","type":"Rect"},"hover_glyph":null,"nonselection_glyph":{"id":"1855ad2f-4425-4d95-b34a-86ac2bc25016","type":"Rect"},"selection_glyph":null},"id":"b725e5e6-ccff-426a-b678-445ff2e0a8fc","type":"GlyphRenderer"},{"attributes":{"plot":{"id":"8fbfffa6-5cf3-4e23-b4c1-e6a083af5f37","subtype":"Figure","type":"Plot"}},"id":"30e5f332-49b0-4b36-9dd5-02ef4bbd94d7","type":"PreviewSaveTool"},{"attributes":{"num_minor_ticks":5},"id":"aa152496-5d63-4e03-8aac-1762962b4a79","type":"DatetimeTicker"},{"attributes":{"children":[{"id":"4e9f8e5b-0812-4c8b-b69f-154c6bc8e23f","subtype":"Figure","type":"Plot"},{"id":"8fbfffa6-5cf3-4e23-b4c1-e6a083af5f37","subtype":"Figure","type":"Plot"}]},"id":"89526b7f-8806-4a5c-847a-f40df1c7cb83","type":"HBox"},{"attributes":{"plot":{"id":"8fbfffa6-5cf3-4e23-b4c1-e6a083af5f37","subtype":"Figure","type":"Plot"}},"id":"95e28132-5f75-4400-8d20-7e2b923ca37b","type":"ResizeTool"},{"attributes":{},"id":"d0a79be2-1b1b-4e2d-8fc7-518dc0096eb8","type":"YearsTicker"},{"attributes":{"days":[1,8,15,22]},"id":"855b0dbe-b30b-497e-a469-0fc6e8d667ac","type":"DaysTicker"},{"attributes":{"dimension":1,"plot":{"id":"8fbfffa6-5cf3-4e23-b4c1-e6a083af5f37","subtype":"Figure","type":"Plot"},"ticker":{"id":"3f64a3f6-c38c-461b-8077-a57a5f44d387","type":"LogTicker"}},"id":"cb9bb92f-1a97-4bc7-9f18-131927d8c35f","type":"Grid"},{"attributes":{"days":[1,2,3,4,5,6,7,8,9,10,11,12,13,14,15,16,17,18,19,20,21,22,23,24,25,26,27,28,29,30,31]},"id":"0dbcc951-6afc-4fbe-9a8b-477194485ea7","type":"DaysTicker"},{"attributes":{"bottom_units":"screen","fill_alpha":{"value":0.5},"fill_color":{"value":"lightgrey"},"left_units":"screen","level":"overlay","line_alpha":{"value":1.0},"line_color":{"value":"black"},"line_dash":[4,4],"line_width":{"value":2},"plot":null,"render_mode":"css","right_units":"screen","top_units":"screen"},"id":"f5d3d5db-321a-421f-a11b-d3b97a6f2ffe","type":"BoxAnnotation"},{"attributes":{"num_minor_ticks":10},"id":"ab12391a-1f02-47b5-9bca-06e4319c3321","type":"LogTicker"},{"attributes":{"overlay":{"id":"2055c5c9-e133-4cec-8afb-417df10c2d82","type":"BoxAnnotation"},"plot":{"id":"4e9f8e5b-0812-4c8b-b69f-154c6bc8e23f","subtype":"Figure","type":"Plot"}},"id":"f90e7933-6de9-4854-9765-d9da18ef123a","type":"BoxZoomTool"},{"attributes":{"plot":{"id":"4e9f8e5b-0812-4c8b-b69f-154c6bc8e23f","subtype":"Figure","type":"Plot"}},"id":"e18fa8c5-2f67-44f9-a11f-e8af96027055","type":"ResizeTool"},{"attributes":{"formatter":{"id":"b2c6052f-702b-41de-9240-aa5395c62bea","type":"BasicTickFormatter"},"plot":{"id":"4e9f8e5b-0812-4c8b-b69f-154c6bc8e23f","subtype":"Figure","type":"Plot"},"ticker":{"id":"40ebea7f-afa5-4122-8ac4-de89e7076568","type":"BasicTicker"},"visible":false},"id":"4103d5e4-fc82-4936-8e74-76be6a4ae510","type":"LinearAxis"},{"attributes":{"days":[1,15]},"id":"9cb6ecad-1a70-4676-92f4-05061779564c","type":"DaysTicker"},{"attributes":{"plot":{"id":"8fbfffa6-5cf3-4e23-b4c1-e6a083af5f37","subtype":"Figure","type":"Plot"}},"id":"55a6e4f2-dd01-4a75-909b-a127ac930317","type":"WheelZoomTool"},{"attributes":{},"id":"ec3c3571-a05e-4bba-825c-50c36e69ba06","type":"DatetimeTickFormatter"},{"attributes":{"below":[{"id":"4103d5e4-fc82-4936-8e74-76be6a4ae510","type":"LinearAxis"}],"left":[{"id":"49f2ad76-cab5-4c86-bd6d-9e6b7505cddb","type":"LogAxis"}],"plot_width":150,"renderers":[{"id":"4103d5e4-fc82-4936-8e74-76be6a4ae510","type":"LinearAxis"},{"id":"a70e6a47-df6f-40dc-b8ff-9671c3b1d1e5","type":"Grid"},{"id":"49f2ad76-cab5-4c86-bd6d-9e6b7505cddb","type":"LogAxis"},{"id":"d21c73d5-153d-4edf-9efb-7541c70b46bd","type":"Grid"},{"id":"2055c5c9-e133-4cec-8afb-417df10c2d82","type":"BoxAnnotation"},{"id":"b725e5e6-ccff-426a-b678-445ff2e0a8fc","type":"GlyphRenderer"}],"tool_events":{"id":"29a18b47-eb52-427d-82d9-e7570c914d9b","type":"ToolEvents"},"toolbar_location":null,"tools":[{"id":"2d93d369-7a5e-4908-9363-876f80259e5d","type":"PanTool"},{"id":"27a59d38-1247-4ec4-9cb0-72ed801783c9","type":"WheelZoomTool"},{"id":"f90e7933-6de9-4854-9765-d9da18ef123a","type":"BoxZoomTool"},{"id":"7d8eb928-7f23-4752-9487-61da2e68bd08","type":"PreviewSaveTool"},{"id":"e18fa8c5-2f67-44f9-a11f-e8af96027055","type":"ResizeTool"},{"id":"5bc6ac1c-f4a1-4a1d-bb91-241cd3a6ecf4","type":"ResetTool"},{"id":"ad250a0c-2f1d-4173-8d56-a8ecd149b8f2","type":"HelpTool"}],"x_range":{"id":"603fd0da-bf84-4b3b-b160-56fd71b42074","type":"DataRange1d"},"y_mapper_type":"log","y_range":{"id":"ec788b97-49bb-4df7-86ba-8d255217eb92","type":"Range1d"}},"id":"4e9f8e5b-0812-4c8b-b69f-154c6bc8e23f","subtype":"Figure","type":"Plot"},{"attributes":{"months":[0,4,8]},"id":"535e90f6-f318-4951-91ec-cf27578862eb","type":"MonthsTicker"},{"attributes":{"ticker":null},"id":"43158547-e52f-45b5-bcfa-5fdfffa0a3c7","type":"LogTickFormatter"},{"attributes":{"overlay":{"id":"f5d3d5db-321a-421f-a11b-d3b97a6f2ffe","type":"BoxAnnotation"},"plot":{"id":"8fbfffa6-5cf3-4e23-b4c1-e6a083af5f37","subtype":"Figure","type":"Plot"}},"id":"f620ae0e-85be-4b03-b1d3-093effcbbec6","type":"BoxZoomTool"},{"attributes":{"dimension":1,"plot":{"id":"4e9f8e5b-0812-4c8b-b69f-154c6bc8e23f","subtype":"Figure","type":"Plot"},"ticker":{"id":"ab12391a-1f02-47b5-9bca-06e4319c3321","type":"LogTicker"}},"id":"d21c73d5-153d-4edf-9efb-7541c70b46bd","type":"Grid"},{"attributes":{"callback":null,"end":1443614400000,"start":1440590400000},"id":"f55d248e-89ed-4cc3-a636-80a39fd3b681","type":"Range1d"},{"attributes":{"callback":null,"end":50.708333969099996,"start":48.6250019073},"id":"22f8ee7f-2e27-498a-a24c-a16910c25e1d","type":"Range1d"},{"attributes":{"callback":null},"id":"603fd0da-bf84-4b3b-b160-56fd71b42074","type":"DataRange1d"},{"attributes":{"months":[0,6]},"id":"6cbb51ca-9710-48a0-95be-1576a882a484","type":"MonthsTicker"},{"attributes":{"months":[0,2,4,6,8,10]},"id":"ffae41a2-e2e4-4a79-b1d6-8b9c1aef0bae","type":"MonthsTicker"},{"attributes":{"below":[{"id":"766a0344-f060-4d84-8168-2dc3e6728b17","type":"DatetimeAxis"}],"left":[{"id":"b99f7641-b768-429e-81d3-c2023ec7992f","type":"LogAxis"}],"logo":null,"plot_width":800,"renderers":[{"id":"766a0344-f060-4d84-8168-2dc3e6728b17","type":"DatetimeAxis"},{"id":"1d3bff1c-1896-4025-af9a-6cf0d596adc4","type":"Grid"},{"id":"b99f7641-b768-429e-81d3-c2023ec7992f","type":"LogAxis"},{"id":"cb9bb92f-1a97-4bc7-9f18-131927d8c35f","type":"Grid"},{"id":"f5d3d5db-321a-421f-a11b-d3b97a6f2ffe","type":"BoxAnnotation"},{"id":"7fd52c9a-26bd-4655-a841-ee849de40cf2","type":"GlyphRenderer"}],"responsive":true,"title":"Hovmoller - Plymouth_Marine_Laboratory: Mass Concentration of Chlorophyll a in Sea Water","title_text_font_size":{"value":"14pt"},"tool_events":{"id":"0937b680-7110-4a25-857e-b8655bbfead3","type":"ToolEvents"},"tools":[{"id":"e45a832a-7184-487e-bf2d-efd52715999b","type":"PanTool"},{"id":"55a6e4f2-dd01-4a75-909b-a127ac930317","type":"WheelZoomTool"},{"id":"f620ae0e-85be-4b03-b1d3-093effcbbec6","type":"BoxZoomTool"},{"id":"30e5f332-49b0-4b36-9dd5-02ef4bbd94d7","type":"PreviewSaveTool"},{"id":"95e28132-5f75-4400-8d20-7e2b923ca37b","type":"ResizeTool"},{"id":"ec61a3c5-9ec0-4408-8474-3cbc6706ca5f","type":"ResetTool"},{"id":"6f2a558c-a2ec-4fe0-b1c8-0277b22daa7c","type":"HelpTool"},{"id":"fd8b28a1-859d-435a-88a2-b37a5c3bf6c7","type":"CrosshairTool"}],"x_range":{"id":"f55d248e-89ed-4cc3-a636-80a39fd3b681","type":"Range1d"},"y_mapper_type":"log","y_range":{"id":"22f8ee7f-2e27-498a-a24c-a16910c25e1d","type":"Range1d"}},"id":"8fbfffa6-5cf3-4e23-b4c1-e6a083af5f37","subtype":"Figure","type":"Plot"},{"attributes":{"plot":{"id":"8fbfffa6-5cf3-4e23-b4c1-e6a083af5f37","subtype":"Figure","type":"Plot"},"ticker":{"id":"aa152496-5d63-4e03-8aac-1762962b4a79","type":"DatetimeTicker"}},"id":"1d3bff1c-1896-4025-af9a-6cf0d596adc4","type":"Grid"},{"attributes":{"axis_label":"Latitude","axis_label_text_font_size":{"value":"10pt"},"formatter":{"id":"43158547-e52f-45b5-bcfa-5fdfffa0a3c7","type":"LogTickFormatter"},"plot":{"id":"8fbfffa6-5cf3-4e23-b4c1-e6a083af5f37","subtype":"Figure","type":"Plot"},"ticker":{"id":"3f64a3f6-c38c-461b-8077-a57a5f44d387","type":"LogTicker"}},"id":"b99f7641-b768-429e-81d3-c2023ec7992f","type":"LogAxis"},{"attributes":{"dh":{"field":"dh","units":"data"},"dw":{"field":"dw","units":"data"},"image":{"field":"image"},"x":{"field":"x"},"y":{"field":"y"}},"id":"a481fa14-c804-43eb-8303-00474217e0dd","type":"ImageRGBA"},{"attributes":{"plot":{"id":"8fbfffa6-5cf3-4e23-b4c1-e6a083af5f37","subtype":"Figure","type":"Plot"}},"id":"fd8b28a1-859d-435a-88a2-b37a5c3bf6c7","type":"CrosshairTool"},{"attributes":{"axis_label":"chlor_a Mass Concentration of Chlorophyll a in Sea Water (milligram m-3)","formatter":{"id":"206279a0-e6f4-43e4-aece-11fb14d0961b","type":"NumeralTickFormatter"},"plot":{"id":"4e9f8e5b-0812-4c8b-b69f-154c6bc8e23f","subtype":"Figure","type":"Plot"},"ticker":{"id":"ab12391a-1f02-47b5-9bca-06e4319c3321","type":"LogTicker"}},"id":"49f2ad76-cab5-4c86-bd6d-9e6b7505cddb","type":"LogAxis"},{"attributes":{"dilate":true,"fill_color":{"field":"color"},"height":{"field":"heights","units":"data"},"line_color":{"field":"color"},"width":{"units":"data","value":1},"x":{"value":0.5},"y":{"field":"value"}},"id":"2568e9d8-d9f8-45a7-9cad-8b5afe6be360","type":"Rect"},{"attributes":{"plot":{"id":"4e9f8e5b-0812-4c8b-b69f-154c6bc8e23f","subtype":"Figure","type":"Plot"}},"id":"7d8eb928-7f23-4752-9487-61da2e68bd08","type":"PreviewSaveTool"},{"attributes":{"plot":{"id":"4e9f8e5b-0812-4c8b-b69f-154c6bc8e23f","subtype":"Figure","type":"Plot"}},"id":"ad250a0c-2f1d-4173-8d56-a8ecd149b8f2","type":"HelpTool"},{"attributes":{"bottom_units":"screen","fill_alpha":{"value":0.5},"fill_color":{"value":"lightgrey"},"left_units":"screen","level":"overlay","line_alpha":{"value":1.0},"line_color":{"value":"black"},"line_dash":[4,4],"line_width":{"value":2},"plot":null,"render_mode":"css","right_units":"screen","top_units":"screen"},"id":"2055c5c9-e133-4cec-8afb-417df10c2d82","type":"BoxAnnotation"},{"attributes":{},"id":"29a18b47-eb52-427d-82d9-e7570c914d9b","type":"ToolEvents"},{"attributes":{"format":"0.000"},"id":"206279a0-e6f4-43e4-aece-11fb14d0961b","type":"NumeralTickFormatter"},{"attributes":{"plot":{"id":"8fbfffa6-5cf3-4e23-b4c1-e6a083af5f37","subtype":"Figure","type":"Plot"}},"id":"6f2a558c-a2ec-4fe0-b1c8-0277b22daa7c","type":"HelpTool"},{"attributes":{"axis_label":"Date","axis_label_text_font_size":{"value":"10pt"},"formatter":{"id":"ec3c3571-a05e-4bba-825c-50c36e69ba06","type":"DatetimeTickFormatter"},"plot":{"id":"8fbfffa6-5cf3-4e23-b4c1-e6a083af5f37","subtype":"Figure","type":"Plot"},"ticker":{"id":"aa152496-5d63-4e03-8aac-1762962b4a79","type":"DatetimeTicker"}},"id":"766a0344-f060-4d84-8168-2dc3e6728b17","type":"DatetimeAxis"},{"attributes":{"plot":{"id":"4e9f8e5b-0812-4c8b-b69f-154c6bc8e23f","subtype":"Figure","type":"Plot"},"ticker":{"id":"40ebea7f-afa5-4122-8ac4-de89e7076568","type":"BasicTicker"}},"id":"a70e6a47-df6f-40dc-b8ff-9671c3b1d1e5","type":"Grid"},{"attributes":{"callback":null,"end":1.91288173199,"start":0.502554059029},"id":"ec788b97-49bb-4df7-86ba-8d255217eb92","type":"Range1d"},{"attributes":{"plot":{"id":"8fbfffa6-5cf3-4e23-b4c1-e6a083af5f37","subtype":"Figure","type":"Plot"}},"id":"e45a832a-7184-487e-bf2d-efd52715999b","type":"PanTool"},{"attributes":{"data_source":{"id":"9f579a1d-9c6e-4905-9c80-c17173d27081","type":"ColumnDataSource"},"glyph":{"id":"a481fa14-c804-43eb-8303-00474217e0dd","type":"ImageRGBA"},"hover_glyph":null,"nonselection_glyph":{"id":"a9228f28-b808-4d74-a259-a324c56d57fa","type":"ImageRGBA"},"selection_glyph":null},"id":"7fd52c9a-26bd-4655-a841-ee849de40cf2","type":"GlyphRenderer"},{"attributes":{"callback":null,"column_names":["y","x","image","dh","dw"],"data":{"dh":[2.083332061799993],"dw":[3024000000],"image":[[[4294115072,4294901846,4294954752,4294924288,4294901892,4294914048,4294967040],[4292148992,4294901865,4294508288,4294954752,4294901964,4294916096,4291493632],[4286643968,4294901819,4292148992,4291493632,4294901911,4294948608,4280811264],[4291755776,4294901865,4293263104,4294954752,4294901964,4294967040,4285398784],[4294960896,4294901878,4294311680,4294916096,4294901872,4294115072,4289593088],[4294934528,4294901832,4286316288,4294912000,4294901865,4288282368,4292411136],[4294924288,4294909952,4278714138,4294916096,4294901786,4289330944,4294311680],[4291755776,4294964992,4280549258,4294922240,4294942464,4285988608,4280549120],[4288937728,4291297024,4281270200,4294940416,4294311680,4286971648,4283432704],[4289134336,4291297024,4280811422,4294508288,4293459712,4288741120,4285398784],[4287299328,4292804352,4280877015,4291952384,4291755776,4288478976,4286643968],[4284743424,4292607744,4279435245,4293000960,4293459712,4286643968,4286316288],[4284415744,4290445056,4279435245,4292607744,4292411136,4284415744,4285398784],[4289593088,4282777344,4278583290,4289593088,4290838272,4283760384,4285726464],[4290838272,4279631702,4278232831,4288478976,4288478976,4281794304,4287954688],[4290248448,4281466821,4278213083,4289986304,4288282368,4279566080,4287299328],[4286643968,4281466830,4278197946,4279631702,4283760384,4279107381,4281794304],[4288282368,4280942550,4278190250,4281204690,4279041838,4280745879,4282777344],[4292804352,4280418270,4278202821,4281401279,4280221665,4280221665,4281138944],[4293918464,4280811422,4278218214,4281466821,4278252287,4278253823,4278583060],[4294960896,4278386439,4278210518,4278254847,4278247167,4278230271,4279762780],[4294958848,4283432704,4278218214,4278255615,4278233599,4278229503,4279631702],[4294770432,4288282368,4278234623,4278779895,4278226938,4278213083,4280614801],[4293656320,4288937728,4279631850,4278232831,4278234623,4278224372,4281401279],[4291493632,4286643968,4281204690,4278250495,4278231295,4278244607,4280877015],[4291297024,4287299328,4280811422,4279173105,4278232831,4278246399,4280877015],[4289330944,4286316288,4280418180,4278910965,4278251519,4278976500,4280156130],[4288282368,4285398784,4280418180,4278249727,4280156130,4278452220,4279435245],[4289986304,4288937728,4280090480,4278247935,4280942550,4278648825,4278910965],[4288282368,4288937728,4279238459,4278244607,4280942501,4279500780,4278245631],[4285726464,4289330944,4280221440,4279500780,4279631702,4280156130,4278232831],[4283105024,4291755776,4284088064,4280221558,4279762780,4281401295,4278229503],[4283105024,4294508288,4288937728,4279893760,4281794304,4279893859,4278246399],[4283432704,4293656320,4290838272,4285726464,4287299328,4281138944,4279304175],[4283432704,4293000960,4291100416,4284415744,4289330944,4288741120,4281270225],[4281466624,4292148992,4289986304,4288741120,4290445056,4290445056,4281073579],[4279631702,4290248448,4290838272,4287954688,4290838272,4291493632,4281466830],[4280287101,4289330944,4291100416,4287954688,4290641664,4293263104,4280942550],[4280811422,4290641664,4289986304,4287627008,4289986304,4293459712,4280877015],[4280418180,4291755776,4289789696,4278583060,4285398784,4289789696,4280352735],[4279566159,4288937728,4286643968,4279893859,4282777344,4286971648,4278779895],[4281597900,4283432704,4279959401,4279435245,4278583060,4278910720,4278244607],[4278910965,4279107381,4280352735,4278220524,4280352735,4280745945,4278218214],[4278253055,4279959401,4280025060,4278241279,4279304175,4280680410,4278223089],[4278252287,4279762780,4281597900,4278211801,4280352735,4280942550,4278223089],[4278255615,4278910759,4280418180,4278228220,4281270200,4281597900,4278234623],[4279107570,4280811264,4279566080,4278648825,4280811422,4280418180,4278245631],[4281270200,4286316288,4285726464,4278779681,4281794304,4281794304,4278386685],[4281401279,4278386439,4282449664,4280614801,4285398784,4278255360,4278246399],[4281401279,4279435080,4279107381,4280156130,4282777344,4279566159,4278229503],[4281401295,4278255360,4280811422,4284743424,4281794304,4278583040,4278240511],[4294944512,4287299328,4285071104,4294948608,4294942464,4282449664,4280549258]]],"x":[1440590400000],"y":[48.6250019073]}},"id":"9f579a1d-9c6e-4905-9c80-c17173d27081","type":"ColumnDataSource"},{"attributes":{},"id":"0937b680-7110-4a25-857e-b8655bbfead3","type":"ToolEvents"},{"attributes":{"callback":null,"column_names":["color","value","heights"],"data":{"color":["#cc00ff","#c500ff","#bf00ff","#b800ff","#b200ff","#ab00ff","#a500ff","#9e00ff","#9700ff","#9100ff","#8a00ff","#8400ff","#7d00ff","#7600ff","#7000ff","#6900ff","#6300ff","#5c00ff","#5600ff","#4f00ff","#4800ff","#4200ff","#3b00ff","#3500ff","#2e00ff","#2700ff","#2100ff","#1a00ff","#1400ff","#0d00ff","#0700ff","#0000ff","#0008ff","#0010ff","#0018ff","#0020ff","#0028ff","#0030ff","#0038ff","#0040ff","#0048ff","#0050ff","#0058ff","#0060ff","#0068ff","#0070ff","#0078ff","#0080ff","#0087ff","#008fff","#008fff","#0097ff","#009fff","#00a7ff","#00afff","#00b7ff","#00bfff","#00c7ff","#00cfff","#00d7ff","#00dfff","#00e7ff","#00efff","#00f7ff","#00ffff","#00fffc","#00fff8","#00fff5","#00fff2","#00ffef","#00ffeb","#00ffe8","#00ffe5","#00ffe1","#00ffde","#00ffdb","#00ffd8","#00ffd4","#00ffd1","#00ffce","#00ffca","#00ffc7","#00ffc4","#00ffc0","#00ffbd","#00ffba","#00ffb7","#00ffb3","#00ffb0","#00ffad","#00ffa9","#00ffa6","#00ffa3","#00ffa0","#00ff9c","#00ff99","#00ff94","#00ff8f","#00ff8a","#00ff85","#00ff80","#00ff80","#00ff7b","#00ff76","#00ff72","#00ff6d","#00ff68","#00ff63","#00ff5e","#00ff59","#00ff54","#00ff4f","#00ff4a","#00ff45","#00ff40","#00ff3b","#00ff36","#00ff31","#00ff2c","#00ff27","#00ff23","#00ff1e","#00ff19","#00ff14","#00ff0f","#00ff0a","#00ff05","#00ff00","#07ff02","#0dff03","#14ff05","#1aff07","#21ff08","#27ff0a","#2eff0c","#35ff0d","#3bff0f","#42ff10","#48ff12","#4fff14","#56ff15","#5cff17","#63ff19","#69ff1a","#70ff1c","#76ff1e","#7dff1f","#84ff21","#8aff23","#91ff24","#97ff26","#9eff27","#9eff27","#a5ff29","#abff2b","#b2ff2c","#b8ff2e","#bfff30","#c5ff31","#ccff33","#ceff31","#cfff30","#d1ff2e","#d2ff2d","#d4ff2b","#d6ff29","#d7ff28","#d9ff26","#daff25","#dcff23","#deff21","#dfff20","#e1ff1e","#e2ff1d","#e4ff1b","#e6ff1a","#e7ff18","#e9ff16","#eaff15","#ecff13","#edff12","#efff10","#f1ff0e","#f2ff0d","#f4ff0b","#f5ff0a","#f7ff08","#f9ff06","#faff05","#fcff03","#fdff02","#ffff00","#fffc00","#fff800","#fff500","#fff200","#ffef00","#ffeb00","#ffe800","#ffe500","#ffe100","#ffde00","#ffdb00","#ffdb00","#ffd800","#ffd400","#ffd100","#ffce00","#ffca00","#ffc700","#ffc400","#ffc000","#ffbd00","#ffba00","#ffb700","#ffb300","#ffb000","#ffad00","#ffa900","#ffa600","#ffa300","#ffa000","#ff9c00","#ff9900","#fc9400","#fa8f00","#f78a00","#f48500","#f18000","#ef7b00","#ec7600","#e97200","#e66d00","#e46800","#e16300","#de5e00","#db5900","#d95400","#d64f00","#d34a00","#d04500","#ce4000","#cb3b00","#c83600","#c53100","#c32c00","#c02700","#bd2300","#ba1e00","#b81900","#b51400","#b20f00","#af0a00","#aa0000","#aa0000"],"heights":[0.0,0.002651637793780637,0.0026656286925964556,0.0026796934119207583,0.0026938323412540877,0.0027080458721525646,0.002722334398238213,0.002736698315209951,0.00275113802085436,0.002765653915057009,0.0027802463998134463,0.0027949158792403006,0.0028096627595861623,0.0028244874492434624,0.0028393903587591307,0.002854371900846586,0.0028694324903968393,0.002884572544489483,0.002899792482405461,0.0029150927256378356,0.002930473697902891,0.0029459358251535672,0.002961479535589673,0.0029771052596704317,0.002992813430126584,0.0030086044819714886,0.003024478852514556,0.00304043698137213,0.0030564793104798094,0.003072606284105772,0.003088818348861766,0.0031051159537160977,0.0031214995500058462,0.0031379695914498518,0.0031545265341605955,0.003171170836657522,0.0031879029598786968,0.003204723367195017,0.003221632524421758,0.003238630899832229,0.0032557189641703177,0.003272897190664148,0.0032901660550379574,0.0033075260355268643,0.0033249776128888575,0.0033425212704185636,0.0033601574939610135,0.003377886771924188,0.003395709595293228,0.0034136264576444253,0.0034316378551574322,0.003449744286630363,0.003467946253493448,0.0034862442598219134,0.0035046388123515237,0.0035231304204906833,0.0035417195963367565,0.0035604068546880585,0.0035791927130599532,0.003598077691697954,0.0036170623135924895,0.003636147104493892,0.0036553325929259417,0.0036746193102016322,0.0036940077904370483,0.0037134985705663537,0.0037330921903570013,0.0037527891924242773,0.003772590122246622,0.003792495528180173,0.003812505961475199,0.0038326219762894187,0.003852844129705768,0.0038731729817451654,0.003893609095384609,0.003914153036570722,0.003934805374236516,0.003955566680317046,0.0039764375297648424,0.003997418500566008,0.004018510173756762,0.004039713133438205,0.004061027966794417,0.004082455264106777,0.0041039956187716164,0.004125649627315986,0.004147417889414751,0.004169301007906245,0.004191299588810371,0.004213414241343916,0.004235645577938318,0.004257994214256655,0.0042804607692100705,0.00430304586497543,0.004325750127012418,0.004348574184080745,0.004371518668257912,0.00439458421495631,0.004417771462940756,0.004441081054346929,0.004464513634697909,0.004488069852923493,0.004511750361376854,0.004535555815853631,0.004559486875609364,0.004583544203378254,0.004607728465391037,0.004632040331393861,0.004656480474666713,0.004681049572042073,0.0047057483039233405,0.004730577354303933,0.004755537410787047,0.0047806291646025345,0.0048058533106286605,0.004831210547408982,0.004856701577174216,0.004882327105858564,0.004908087843122466,0.004933984502369482,0.004960017800768934,0.004986188459272234,0.00501249720263619,0.005038944759441111,0.005065531862111672,0.005092259246937014,0.00511912765409106,0.005146137827653163,0.005173290515629203,0.0052005864699706805,0.0052280264465977,0.00525561120541862,0.005283341510350592,0.00531121812934221,0.005339241834393826,0.005367413401579313,0.005395733611067044,0.005424203247141213,0.005452823098225368,0.005481593956903064,0.005510516619938288,0.0055395918883001105,0.005568820567183996,0.005598203466033347,0.005627741398562591,0.005657435182778947,0.005687285641007511,0.005717293599910134,0.005747459890511619,0.005777785348221487,0.0058082708128561755,0.005838917128665022,0.005869725144350024,0.005900695713092263,0.005931829692574109,0.0059631279450040875,0.005994591337138644,0.006026220740309007,0.0060580170304422865,0.006089981088089003,0.006122113798444184,0.006154416051374012,0.006186888741440688,0.006219532767924862,0.006252349034853388,0.006285338451022193,0.006318501930023146,0.006351840390268038,0.0063853547550138945,0.00641904595239029,0.0064529149154235466,0.006486962582062272,0.006521189895204671,0.006555597802724078,0.006590187257494717,0.006624959217418347,0.00665991464545157,0.006695054509631149,0.006730379783102203,0.006765891444143968,0.00680159047619755,0.006837477867892794,0.0068735546130767045,0.0069098217108389814,0.006946280165541552,0.006982930986845659,0.007019775189739841,0.0070568137945674625,0.007094047827056693,0.007131478318346041,0.007169106305016992,0.007206932829118218,0.007244958938197321,0.007283185685330151,0.007321614129146781,0.007360245333865256,0.007399080369316691,0.007438120310978791,0.007477366240002725,0.0075168192432442105,0.007556480413293931,0.007596350848507738,0.007636431653035736,0.007676723936854923,0.007717228815797839,0.007757947411586086,0.00779888085185787,0.00784003027020308,0.007881396806191265,0.00792298160540561,0.007964785819473574,0.008006810606098647,0.008049057129092985,0.008091526558410056,0.008134220070174836,0.008177138846719556,0.008220284076613238,0.008263656954697884,0.008307258682118457,0.008351090466358624,0.008395153521271626,0.008439449067117133,0.008483978330592112,0.00852874254486724,0.00857374294961799,0.008618980791061936,0.008664457321991836,0.008710173801810939,0.008756131496566955,0.008802331678987807,0.008848775628517602,0.008895464631349714,0.008942399980464755,0.008989582975665655,0.009037014923612974,0.009084697137862197,0.009132630938899045,0.009180817654176554,0.00922925861815349,0.009277955172326768,0.009326908665273193,0.00937612045268521,0.009425591897407992,0.009475324369476956,0.009525319246157737,0.009575577911980382,0.0096261017587842,0.009676892185747743,0.009727950599434987,0.009779278413830417,0.009830877050379216,0.009882747938026792,0.00993489251325852,0.009987312220137046,0.010040008510348475],"value":[0.502554059029,0.5052056968227806,0.5078713255153771,0.5105510189272978,0.5132448512685519,0.5159528971407045,0.5186752315389427,0.5214119298541526,0.524163067875007,0.526928721790064,0.5297089681898774,0.5325038840691177,0.5353135468287039,0.5381380342779474,0.5409774246367065,0.5438317965375531,0.5467012290279499,0.5495858015724394,0.5524855940548449,0.5554006867804827,0.5583311604783856,0.5612770963035392,0.5642385758391288,0.5672156810987993,0.5702084945289259,0.5732170990108973,0.5762415778634119,0.579282014844784,0.5823384941552638,0.5854111004393696,0.5884999187882314,0.5916050347419475,0.5947265342919533,0.5978645038834032,0.6010190304175638,0.6041902012542213,0.6073781042141,0.610582827581295,0.6138044601057168,0.617043091005549,0.6202988099697193,0.6235717071603835,0.6268618732154214,0.6301693992509483,0.6334943768638371,0.6368368981342557,0.6401970556282167,0.6435749424001409,0.6469706519954341,0.6503842784530786,0.653815916308236,0.6572656605948664,0.6607336068483598,0.6642198511081817,0.6677244899205332,0.6712476203410239,0.6747893399373607,0.6783497467920487,0.6819289395051087,0.6855270171968066,0.6891440795103991,0.692780226614893,0.696435559207819,0.7001101785180206,0.7038041863084576,0.707517684879024,0.711250777069381,0.7150035662618053,0.7187761563840519,0.7225686519122321,0.7263811578737073,0.7302137798499967,0.7340666239797025,0.7379397969614476,0.7418334060568322,0.745747559093403,0.7496823644676395,0.7536379311479565,0.7576143686777214,0.7616117871782874,0.7656302973520441,0.7696700104854823,0.7737310384522768,0.7778134937163835,0.7819174893351551,0.7860431389624711,0.7901905568518859,0.7943598578597921,0.7985511574486025,0.8027645716899464,0.8070002172678847,0.8112582114821414,0.8155386722513515,0.8198417181163269,0.8241674682433393,0.82851604242742,0.832887561095678,0.8372821453106343,0.841699916773575,0.846140997827922,0.8506055114626199,0.8550935813155434,0.8596053316769202,0.8641408874927738,0.8687003743683832,0.8732839185717615,0.8778916470371525,0.8825236873685464,0.8871801678432131,0.8918612174152551,0.8965669657191785,0.9012975430734824,0.9060530804842695,0.910833709648872,0.9156395629595007,0.9204707735069096,0.9253274750840839,0.9302098021899424,0.9351178900330649,0.9400518745354344,0.9450118923362033,0.9499980807954755,0.9550105779981117,0.9600495227575528,0.9651150546196645,0.9702073138666015,0.9753264415206926,0.9804725793483458,0.985645869863975,0.9908464563339456,0.9960744827805433,1.001330093985962,1.0066134354963125,1.0119246536256548,1.0172638954600486,1.022631308861628,1.028027042472695,1.0334512457198362,1.0389040688180615,1.0443856627749646,1.0498961793949029,1.055435771283203,1.061004591850387,1.0666027953164203,1.072230536714983,1.0778879718977619,1.0835752575387694,1.0892925511386795,1.0950400110291911,1.1008177963774126,1.1066260671902688,1.1124649843189338,1.1183347094632838,1.124235405176376,1.1301672348689502,1.1361303628139543,1.142124954151093,1.148151174891402,1.1542091919218442,1.1602991730099332,1.1664212868083774,1.1725757028597514,1.1787625916011921,1.184982124369117,1.1912344734039704,1.1975198118549926,1.2038383137850157,1.2101901541752837,1.2165755089302976,1.222994554882688,1.2294474697981115,1.2359344323801738,1.2424556222753784,1.2490112200781025,1.2556014073355972,1.2622263665530156,1.2688862811984671,1.2755813357080983,1.2823117154912005,1.2890776069353445,1.295879197411542,1.3027166752794348,1.3095902298925115,1.3165000516033505,1.323446331768892,1.3304292627557377,1.3374490379454775,1.344505851740045,1.3515998995671017,1.3587313778854477,1.3659004841904647,1.373107417019583,1.3803523759577803,1.3876355616431104,1.3949571757722572,1.4023174211061225,1.4097165014754391,1.417154621786418,1.4246319880264207,1.4321488072696649,1.4397052876829588,1.4473016385314665,1.4549380701845023,1.4626147941213572,1.470332022937155,1.4780899703487411,1.485888851200599,1.493728881470802,1.5016102782769933,1.509533259882399,1.5174980457018725,1.5255048563079712,1.5335539134370642,1.5416454399954742,1.549779660065649,1.5579567989123686,1.5661770829889818,1.5744407399436797,1.5827479986257982,1.5910990890921568,1.5994942426134284,1.6079336916805456,1.6164176700111377,1.624946412556005,1.633520155505623,1.6421391362966848,1.6508035936186767,1.6595137674204876,1.6682698989170546,1.6770722305960424,1.68592100622456,1.6948164708559097,1.7037588708363745,1.71274845381204,1.721785468735653,1.7308701658735153,1.7400027968124143,1.7491836144665909,1.7584128730847444,1.7676908282570711,1.7770177369223443,1.7863938573750295,1.7958194492724375,1.8052947736419145,1.8148200928880722,1.8243956708000526,1.8340217725588368,1.8436986647445845,1.8534266153440195,1.86320589375785,1.8730367708082292,1.882919518746256,1.8928544112595145,1.9028417234796515,1.91288173199]}},"id":"c2c1c483-8adf-4534-a05c-ee6115481aed","type":"ColumnDataSource"},{"attributes":{"plot":{"id":"8fbfffa6-5cf3-4e23-b4c1-e6a083af5f37","subtype":"Figure","type":"Plot"}},"id":"ec61a3c5-9ec0-4408-8474-3cbc6706ca5f","type":"ResetTool"},{"attributes":{"plot":{"id":"4e9f8e5b-0812-4c8b-b69f-154c6bc8e23f","subtype":"Figure","type":"Plot"}},"id":"2d93d369-7a5e-4908-9363-876f80259e5d","type":"PanTool"},{"attributes":{"num_minor_ticks":10},"id":"3f64a3f6-c38c-461b-8077-a57a5f44d387","type":"LogTicker"},{"attributes":{"plot":{"id":"4e9f8e5b-0812-4c8b-b69f-154c6bc8e23f","subtype":"Figure","type":"Plot"}},"id":"27a59d38-1247-4ec4-9cb0-72ed801783c9","type":"WheelZoomTool"},{"attributes":{"dh":{"field":"dh","units":"data"},"dw":{"field":"dw","units":"data"},"image":{"field":"image"},"x":{"field":"x"},"y":{"field":"y"}},"id":"a9228f28-b808-4d74-a259-a324c56d57fa","type":"ImageRGBA"},{"attributes":{"plot":{"id":"4e9f8e5b-0812-4c8b-b69f-154c6bc8e23f","subtype":"Figure","type":"Plot"}},"id":"5bc6ac1c-f4a1-4a1d-bb91-241cd3a6ecf4","type":"ResetTool"},{"attributes":{"days":[1,4,7,10,13,16,19,22,25,28]},"id":"3a5a3973-8512-489b-8f48-55cc2df07691","type":"DaysTicker"},{"attributes":{"months":[0,1,2,3,4,5,6,7,8,9,10,11]},"id":"c8cf961f-2893-4ed0-93e8-1d62359b7093","type":"MonthsTicker"},{"attributes":{"dilate":true,"fill_alpha":{"value":0.1},"fill_color":{"value":"#1f77b4"},"height":{"field":"heights","units":"data"},"line_alpha":{"value":0.1},"line_color":{"value":"#1f77b4"},"width":{"units":"data","value":1},"x":{"value":0.5},"y":{"field":"value"}},"id":"1855ad2f-4425-4d95-b34a-86ac2bc25016","type":"Rect"},{"attributes":{"max_interval":500.0,"num_minor_ticks":0},"id":"f97f68b2-6e16-4117-9b15-b5349ad0b4db","type":"AdaptiveTicker"},{"attributes":{},"id":"40ebea7f-afa5-4122-8ac4-de89e7076568","type":"BasicTicker"},{"attributes":{},"id":"b2c6052f-702b-41de-9240-aa5395c62bea","type":"BasicTickFormatter"},{"attributes":{"base":24,"mantissas":[1,2,4,6,8,12],"max_interval":43200000.0,"min_interval":3600000.0,"num_minor_ticks":0},"id":"daa9330b-c234-4853-9c23-34ecc9596f88","type":"AdaptiveTicker"}],"root_ids":["89526b7f-8806-4a5c-847a-f40df1c7cb83"]},"title":"Bokeh Application","version":"0.11.1"}};
            var render_items = [{"docid":"dee27c5c-f33c-4151-95f7-c3e5ae448c98","elementid":"d1923f52-5148-49f2-9992-fd1fa9420c51","modelid":"89526b7f-8806-4a5c-847a-f40df1c7cb83"}];
            
            Bokeh.embed.embed_items(docs_json, render_items);
        });
        </script>
    </body>
</html>