{"status": "success", "dir_name": "/local1/data/scratch/nik/GISportal/html/plots/", "palette": "alg", "xAxis": {"scale": "linear", "tickFormat": ",.2f", "ticks": "auto", "weight": "auto", "label": "Date/Time"}, "title": "Plymouth_Marine_Laboratory: Mass Concentration of Chlorophyll a in Sea Water", "data": [{"scale": "log", "coverage": "chlor_a", "vars": ["date", "latlon", "value"], "title": "Plymouth_Marine_Laboratory: Mass Concentration of Chlorophyll a in Sea Water", "units": "Mass Concentration of Chlorophyll a in Sea Water (milligram m-3)", "type": "hovmollerLat", "data": [["2015-08-29T00:00:00", 50.72916793823242, 0.6646512746810913], ["2015-08-29T00:00:00", 50.6875, 1.1744792461395264], ["2015-08-29T00:00:00", 50.64583206176758, 1.1518495082855225], ["2015-08-29T00:00:00", 50.60416793823242, 1.148476481437683], ["2015-08-29T00:00:00", 50.5625, 1.1470891237258911], ["2015-08-29T00:00:00", 50.52083206176758, 1.3178539276123047], ["2015-08-29T00:00:00", 50.47916793823242, 1.375805139541626], ["2015-08-29T00:00:00", 50.4375, 1.4095076322555542], ["2015-08-29T00:00:00", 50.39583206176758, 1.4017505645751953], ["2015-08-29T00:00:00", 50.35416793823242, 1.3350908756256104], ["2015-08-29T00:00:00", 50.3125, 1.1613341569900513], ["2015-08-29T00:00:00", 50.27083206176758, 1.0491588115692139], ["2015-08-29T00:00:00", 50.22916793823242, 1.0942927598953247], ["2015-08-29T00:00:00", 50.1875, 1.1203094720840454], ["2015-08-29T00:00:00", 50.14583206176758, 1.0892034769058228], ["2015-08-29T00:00:00", 50.10416793823242, 1.0506268739700317], ["2015-08-29T00:00:00", 50.0625, 0.931467592716217], ["2015-08-29T00:00:00", 50.02083206176758, 0.9027572870254517], ["2015-08-29T00:00:00", 49.97916793823242, 0.9055635333061218], ["2015-08-29T00:00:00", 49.9375, 0.9074153900146484], ["2015-08-29T00:00:00", 49.89583206176758, 0.9090399146080017], ["2015-08-29T00:00:00", 49.85416793823242, 0.8708826303482056], ["2015-08-29T00:00:00", 49.8125, 0.830961287021637], ["2015-08-29T00:00:00", 49.77083206176758, 0.7983580827713013], ["2015-08-29T00:00:00", 49.72916793823242, 0.8296820521354675], ["2015-08-29T00:00:00", 49.6875, 0.8091971278190613], ["2015-08-29T00:00:00", 49.64583206176758, 0.7722495198249817], ["2015-08-29T00:00:00", 49.60416793823242, 0.7682816386222839], ["2015-08-29T00:00:00", 49.5625, 0.7298915386199951], ["2015-08-29T00:00:00", 49.52083206176758, 0.710161566734314], ["2015-08-29T00:00:00", 49.47916793823242, 0.6922852993011475], ["2015-08-29T00:00:00", 49.4375, 0.6947222352027893], ["2015-08-29T00:00:00", 49.39583206176758, 0.7249252796173096], ["2015-08-29T00:00:00", 49.35416793823242, 0.7457337379455566], ["2015-08-29T00:00:00", 49.3125, 0.8318058252334595], ["2015-08-29T00:00:00", 49.27083206176758, 0.8567022681236267], ["2015-08-29T00:00:00", 49.22916793823242, 0.7929709553718567], ["2015-08-29T00:00:00", 49.1875, 0.7817685008049011], ["2015-08-29T00:00:00", 49.14583206176758, 0.8038638830184937], ["2015-08-29T00:00:00", 49.10416793823242, 0.891348123550415], ["2015-08-29T00:00:00", 49.0625, 0.8867872953414917], ["2015-08-29T00:00:00", 49.02083206176758, 0.8460227847099304], ["2015-08-29T00:00:00", 48.97916793823242, 0.8141542077064514], ["2015-08-29T00:00:00", 48.9375, 0.819729745388031], ["2015-08-29T00:00:00", 48.89583206176758, 0.7618559002876282], ["2015-08-29T00:00:00", 48.85416793823242, 0.6271238327026367], ["2015-08-29T00:00:00", 48.8125, 0.6466410160064697], ["2015-08-29T00:00:00", 48.77083206176758, 0.6950278878211975], ["2015-08-29T00:00:00", 48.72916793823242, 0.7633693814277649], ["2015-08-29T00:00:00", 48.6875, 0.8568219542503357], ["2015-08-29T00:00:00", 48.64583206176758, 0.7562834620475769], ["2015-08-29T00:00:00", 48.60416793823242, 0.7193034887313843], ["2015-09-03T00:00:00", 50.72916793823242, 0.8443534970283508], ["2015-09-03T00:00:00", 50.6875, 0.982079029083252], ["2015-09-03T00:00:00", 50.64583206176758, 1.0418078899383545], ["2015-09-03T00:00:00", 50.60416793823242, 0.9904352426528931], ["2015-09-03T00:00:00", 50.5625, 0.8625681400299072], ["2015-09-03T00:00:00", 50.52083206176758, 0.9427686929702759], ["2015-09-03T00:00:00", 50.47916793823242, 1.017091989517212], ["2015-09-03T00:00:00", 50.4375, 1.0583250522613525], ["2015-09-03T00:00:00", 50.39583206176758, 1.0670243501663208], ["2015-09-03T00:00:00", 50.35416793823242, 1.0229129791259766], ["2015-09-03T00:00:00", 50.3125, 0.9045239686965942], ["2015-09-03T00:00:00", 50.27083206176758, 0.8192378878593445], ["2015-09-03T00:00:00", 50.22916793823242, 0.7640142440795898], ["2015-09-03T00:00:00", 50.1875, 0.7847446203231812], ["2015-09-03T00:00:00", 50.14583206176758, 0.8097296953201294], ["2015-09-03T00:00:00", 50.10416793823242, 0.7914550304412842], ["2015-09-03T00:00:00", 50.0625, 0.753704845905304], ["2015-09-03T00:00:00", 50.02083206176758, 0.7399047017097473], ["2015-09-03T00:00:00", 49.97916793823242, 0.7282606959342957], ["2015-09-03T00:00:00", 49.9375, 0.7127535939216614], ["2015-09-03T00:00:00", 49.89583206176758, 0.7651814818382263], ["2015-09-03T00:00:00", 49.85416793823242, 0.8105413913726807], ["2015-09-03T00:00:00", 49.8125, 0.8173271417617798], ["2015-09-03T00:00:00", 49.77083206176758, 0.8189576268196106], ["2015-09-03T00:00:00", 49.72916793823242, 0.8744098544120789], ["2015-09-03T00:00:00", 49.6875, 0.8632064461708069], ["2015-09-03T00:00:00", 49.64583206176758, 0.8437036871910095], ["2015-09-03T00:00:00", 49.60416793823242, 0.8512230515480042], ["2015-09-03T00:00:00", 49.5625, 0.8164767026901245], ["2015-09-03T00:00:00", 49.52083206176758, 0.8318332433700562], ["2015-09-03T00:00:00", 49.47916793823242, 0.9029069542884827], ["2015-09-03T00:00:00", 49.4375, 0.9891743659973145], ["2015-09-03T00:00:00", 49.39583206176758, 1.114215612411499], ["2015-09-03T00:00:00", 49.35416793823242, 1.2354826927185059], ["2015-09-03T00:00:00", 49.3125, 1.1985902786254883], ["2015-09-03T00:00:00", 49.27083206176758, 1.1666123867034912], ["2015-09-03T00:00:00", 49.22916793823242, 1.159275770187378], ["2015-09-03T00:00:00", 49.1875, 1.054834246635437], ["2015-09-03T00:00:00", 49.14583206176758, 0.9111918210983276], ["2015-09-03T00:00:00", 49.10416793823242, 0.7864827513694763], ["2015-09-03T00:00:00", 49.0625, 0.7482038140296936], ["2015-09-03T00:00:00", 49.02083206176758, 0.7428841590881348], ["2015-09-03T00:00:00", 48.97916793823242, 0.7719926834106445], ["2015-09-03T00:00:00", 48.9375, 0.7709453701972961], ["2015-09-03T00:00:00", 48.89583206176758, 0.7033253908157349], ["2015-09-03T00:00:00", 48.85416793823242, 0.6058862805366516], ["2015-09-03T00:00:00", 48.8125, 0.5610664486885071], ["2015-09-03T00:00:00", 48.77083206176758, 0.5406553149223328], ["2015-09-03T00:00:00", 48.72916793823242, 0.5455527305603027], ["2015-09-03T00:00:00", 48.6875, 0.5658512115478516], ["2015-09-03T00:00:00", 48.64583206176758, 0.5457237958908081], ["2015-09-03T00:00:00", 48.60416793823242, 0.5536763072013855], ["2015-09-08T00:00:00", 50.72916793823242, 0.8785523176193237], ["2015-09-08T00:00:00", 50.6875, 1.1225831508636475], ["2015-09-08T00:00:00", 50.64583206176758, 1.0247538089752197], ["2015-09-08T00:00:00", 50.60416793823242, 0.9181051850318909], ["2015-09-08T00:00:00", 50.5625, 0.871486246585846], ["2015-09-08T00:00:00", 50.52083206176758, 0.9624105095863342], ["2015-09-08T00:00:00", 50.47916793823242, 1.0938423871994019], ["2015-09-08T00:00:00", 50.4375, 1.1637156009674072], ["2015-09-08T00:00:00", 50.39583206176758, 1.2580339908599854], ["2015-09-08T00:00:00", 50.35416793823242, 1.2417778968811035], ["2015-09-08T00:00:00", 50.3125, 1.0667626857757568], ["2015-09-08T00:00:00", 50.27083206176758, 0.856109619140625], ["2015-09-08T00:00:00", 50.22916793823242, 0.801930844783783], ["2015-09-08T00:00:00", 50.1875, 0.7947582006454468], ["2015-09-08T00:00:00", 50.14583206176758, 0.77736496925354], ["2015-09-08T00:00:00", 50.10416793823242, 0.7805464267730713], ["2015-09-08T00:00:00", 50.0625, 0.7966223359107971], ["2015-09-08T00:00:00", 50.02083206176758, 0.7767125964164734], ["2015-09-08T00:00:00", 49.97916793823242, 0.7810878157615662], ["2015-09-08T00:00:00", 49.9375, 0.8183565139770508], ["2015-09-08T00:00:00", 49.89583206176758, 0.8924328088760376], ["2015-09-08T00:00:00", 49.85416793823242, 0.9514702558517456], ["2015-09-08T00:00:00", 49.8125, 1.0300074815750122], ["2015-09-08T00:00:00", 49.77083206176758, 1.0726338624954224], ["2015-09-08T00:00:00", 49.72916793823242, 1.0928683280944824], ["2015-09-08T00:00:00", 49.6875, 1.0925860404968262], ["2015-09-08T00:00:00", 49.64583206176758, 1.1211647987365723], ["2015-09-08T00:00:00", 49.60416793823242, 1.1907118558883667], ["2015-09-08T00:00:00", 49.5625, 1.2842556238174438], ["2015-09-08T00:00:00", 49.52083206176758, 1.5756694078445435], ["2015-09-08T00:00:00", 49.47916793823242, 1.7080864906311035], ["2015-09-08T00:00:00", 49.4375, 1.7601187229156494], ["2015-09-08T00:00:00", 49.39583206176758, 1.7044062614440918], ["2015-09-08T00:00:00", 49.35416793823242, 1.8173354864120483], ["2015-09-08T00:00:00", 49.3125, 1.9128817319869995], ["2015-09-08T00:00:00", 49.27083206176758, 1.858170986175537], ["2015-09-08T00:00:00", 49.22916793823242, 1.7488025426864624], ["2015-09-08T00:00:00", 49.1875, 1.5921205282211304], ["2015-09-08T00:00:00", 49.14583206176758, 1.3522312641143799], ["2015-09-08T00:00:00", 49.10416793823242, 1.3019819259643555], ["2015-09-08T00:00:00", 49.0625, 1.2984123229980469], ["2015-09-08T00:00:00", 49.02083206176758, 1.2098510265350342], ["2015-09-08T00:00:00", 48.97916793823242, 1.1211899518966675], ["2015-09-08T00:00:00", 48.9375, 1.144643783569336], ["2015-09-08T00:00:00", 48.89583206176758, 1.099665880203247], ["2015-09-08T00:00:00", 48.85416793823242, 1.003629446029663], ["2015-09-08T00:00:00", 48.8125, 0.8603700995445251], ["2015-09-08T00:00:00", 48.77083206176758, 0.7178640365600586], ["2015-09-08T00:00:00", 48.72916793823242, 0.7352015972137451], ["2015-09-08T00:00:00", 48.6875, 0.7565649151802063], ["2015-09-08T00:00:00", 48.64583206176758, 0.7143374085426331], ["2015-09-08T00:00:00", 48.60416793823242, 0.6852951645851135], ["2015-09-13T00:00:00", 50.72916793823242, 0.673011839389801], ["2015-09-13T00:00:00", 50.6875, 0.8834585547447205], ["2015-09-13T00:00:00", 50.64583206176758, 1.251679539680481], ["2015-09-13T00:00:00", 50.60416793823242, 1.1036216020584106], ["2015-09-13T00:00:00", 50.5625, 1.0117343664169312], ["2015-09-13T00:00:00", 50.52083206176758, 1.349187970161438], ["2015-09-13T00:00:00", 50.47916793823242, 1.636561632156372], ["2015-09-13T00:00:00", 50.4375, 1.7566274404525757], ["2015-09-13T00:00:00", 50.39583206176758, 1.5116130113601685], ["2015-09-13T00:00:00", 50.35416793823242, 1.6929471492767334], ["2015-09-13T00:00:00", 50.3125, 1.2972235679626465], ["2015-09-13T00:00:00", 50.27083206176758, 1.0630607604980469], ["2015-09-13T00:00:00", 50.22916793823242, 0.9963030815124512], ["2015-09-13T00:00:00", 50.1875, 0.84125155210495], ["2015-09-13T00:00:00", 50.14583206176758, 0.8370960354804993], ["2015-09-13T00:00:00", 50.10416793823242, 0.8356279730796814], ["2015-09-13T00:00:00", 50.0625, 0.8214704394340515], ["2015-09-13T00:00:00", 50.02083206176758, 0.8877617716789246], ["2015-09-13T00:00:00", 49.97916793823242, 0.8698824048042297], ["2015-09-13T00:00:00", 49.9375, 0.9584999084472656], ["2015-09-13T00:00:00", 49.89583206176758, 1.0815263986587524], ["2015-09-13T00:00:00", 49.85416793823242, 1.290229320526123], ["2015-09-13T00:00:00", 49.8125, 1.478216290473938], ["2015-09-13T00:00:00", 49.77083206176758, 1.4459236860275269], ["2015-09-13T00:00:00", 49.72916793823242, 1.4287132024765015], ["2015-09-13T00:00:00", 49.6875, 1.332108497619629], ["2015-09-13T00:00:00", 49.64583206176758, 1.3123555183410645], ["2015-09-13T00:00:00", 49.60416793823242, 1.418156623840332], ["2015-09-13T00:00:00", 49.5625, 1.5965478420257568], ["2015-09-13T00:00:00", 49.52083206176758, 1.3432167768478394], ["2015-09-13T00:00:00", 49.47916793823242, 1.3801981210708618], ["2015-09-13T00:00:00", 49.4375, 1.3828076124191284], ["2015-09-13T00:00:00", 49.39583206176758, 1.159041404724121], ["2015-09-13T00:00:00", 49.35416793823242, 1.149665117263794], ["2015-09-13T00:00:00", 49.3125, 1.190443992614746], ["2015-09-13T00:00:00", 49.27083206176758, 1.0526684522628784], ["2015-09-13T00:00:00", 49.22916793823242, 0.7984201908111572], ["2015-09-13T00:00:00", 49.1875, 0.8276063799858093], ["2015-09-13T00:00:00", 49.14583206176758, 0.8049672245979309], ["2015-09-13T00:00:00", 49.10416793823242, 0.7471553087234497], ["2015-09-13T00:00:00", 49.0625, 0.74068284034729], ["2015-09-13T00:00:00", 49.02083206176758, 0.7609477639198303], ["2015-09-13T00:00:00", 48.97916793823242, 0.7124464511871338], ["2015-09-13T00:00:00", 48.9375, 0.6600984930992126], ["2015-09-13T00:00:00", 48.89583206176758, 0.6261686086654663], ["2015-09-13T00:00:00", 48.85416793823242, 0.6154302358627319], ["2015-09-13T00:00:00", 48.8125, 0.6079317927360535], ["2015-09-13T00:00:00", 48.77083206176758, 0.6143375039100647], ["2015-09-13T00:00:00", 48.72916793823242, 0.6833412647247314], ["2015-09-13T00:00:00", 48.6875, 0.7692441344261169], ["2015-09-13T00:00:00", 48.64583206176758, 0.6825028657913208], ["2015-09-13T00:00:00", 48.60416793823242, 0.6272542476654053], ["2015-09-18T00:00:00", 50.72916793823242, 0.6638603806495667], ["2015-09-18T00:00:00", 50.6875, 0.9272044897079468], ["2015-09-18T00:00:00", 50.64583206176758, 0.9110038876533508], ["2015-09-18T00:00:00", 50.60416793823242, 0.8761462569236755], ["2015-09-18T00:00:00", 50.5625, 0.9268531203269958], ["2015-09-18T00:00:00", 50.52083206176758, 1.1204721927642822], ["2015-09-18T00:00:00", 50.47916793823242, 1.1471855640411377], ["2015-09-18T00:00:00", 50.4375, 1.2418471574783325], ["2015-09-18T00:00:00", 50.39583206176758, 1.3032922744750977], ["2015-09-18T00:00:00", 50.35416793823242, 1.2400368452072144], ["2015-09-18T00:00:00", 50.3125, 0.9963184595108032], ["2015-09-18T00:00:00", 50.27083206176758, 0.9140762686729431], ["2015-09-18T00:00:00", 50.22916793823242, 0.8739391565322876], ["2015-09-18T00:00:00", 50.1875, 0.7951095104217529], ["2015-09-18T00:00:00", 50.14583206176758, 0.782482385635376], ["2015-09-18T00:00:00", 50.10416793823242, 0.7778960466384888], ["2015-09-18T00:00:00", 50.0625, 0.7887123227119446], ["2015-09-18T00:00:00", 50.02083206176758, 0.8096582889556885], ["2015-09-18T00:00:00", 49.97916793823242, 0.8443125486373901], ["2015-09-18T00:00:00", 49.9375, 0.9276701807975769], ["2015-09-18T00:00:00", 49.89583206176758, 1.058140754699707], ["2015-09-18T00:00:00", 49.85416793823242, 1.0533030033111572], ["2015-09-18T00:00:00", 49.8125, 1.1260682344436646], ["2015-09-18T00:00:00", 49.77083206176758, 1.200167179107666], ["2015-09-18T00:00:00", 49.72916793823242, 1.2541992664337158], ["2015-09-18T00:00:00", 49.6875, 1.4132744073867798], ["2015-09-18T00:00:00", 49.64583206176758, 1.5920354127883911], ["2015-09-18T00:00:00", 49.60416793823242, 1.6087825298309326], ["2015-09-18T00:00:00", 49.5625, 1.576999545097351], ["2015-09-18T00:00:00", 49.52083206176758, 1.6443562507629395], ["2015-09-18T00:00:00", 49.47916793823242, 1.5884783267974854], ["2015-09-18T00:00:00", 49.4375, 1.4507678747177124], ["2015-09-18T00:00:00", 49.39583206176758, 1.406518578529358], ["2015-09-18T00:00:00", 49.35416793823242, 1.245922565460205], ["2015-09-18T00:00:00", 49.3125, 1.0174388885498047], ["2015-09-18T00:00:00", 49.27083206176758, 0.8991208076477051], ["2015-09-18T00:00:00", 49.22916793823242, 0.8308128714561462], ["2015-09-18T00:00:00", 49.1875, 0.8279480934143066], ["2015-09-18T00:00:00", 49.14583206176758, 0.7788876295089722], ["2015-09-18T00:00:00", 49.10416793823242, 0.7523435950279236], ["2015-09-18T00:00:00", 49.0625, 0.7324374318122864], ["2015-09-18T00:00:00", 49.02083206176758, 0.7633839845657349], ["2015-09-18T00:00:00", 48.97916793823242, 0.7327942252159119], ["2015-09-18T00:00:00", 48.9375, 0.7164663076400757], ["2015-09-18T00:00:00", 48.89583206176758, 0.6621801257133484], ["2015-09-18T00:00:00", 48.85416793823242, 0.5817627310752869], ["2015-09-18T00:00:00", 48.8125, 0.5441982746124268], ["2015-09-18T00:00:00", 48.77083206176758, 0.5434257984161377], ["2015-09-18T00:00:00", 48.72916793823242, 0.5025540590286255], ["2015-09-18T00:00:00", 48.6875, 0.5244361758232117], ["2015-09-18T00:00:00", 48.64583206176758, 0.5051255822181702], ["2015-09-18T00:00:00", 48.60416793823242, 0.5340263247489929], ["2015-09-23T00:00:00", 50.72916793823242, 0.9158123135566711], ["2015-09-23T00:00:00", 50.6875, 0.9760349988937378], ["2015-09-23T00:00:00", 50.64583206176758, 1.0481536388397217], ["2015-09-23T00:00:00", 50.60416793823242, 0.9824938178062439], ["2015-09-23T00:00:00", 50.5625, 0.9280087351799011], ["2015-09-23T00:00:00", 50.52083206176758, 1.0904110670089722], ["2015-09-23T00:00:00", 50.47916793823242, 1.166418194770813], ["2015-09-23T00:00:00", 50.4375, 1.202929139137268], ["2015-09-23T00:00:00", 50.39583206176758, 1.2204393148422241], ["2015-09-23T00:00:00", 50.35416793823242, 1.2107409238815308], ["2015-09-23T00:00:00", 50.3125, 0.971392035484314], ["2015-09-23T00:00:00", 50.27083206176758, 0.8497952222824097], ["2015-09-23T00:00:00", 50.22916793823242, 0.7998665571212769], ["2015-09-23T00:00:00", 50.1875, 0.7320630550384521], ["2015-09-23T00:00:00", 50.14583206176758, 0.7351789474487305], ["2015-09-23T00:00:00", 50.10416793823242, 0.7658479809761047], ["2015-09-23T00:00:00", 50.0625, 0.786531925201416], ["2015-09-23T00:00:00", 50.02083206176758, 0.8223348259925842], ["2015-09-23T00:00:00", 49.97916793823242, 0.9362625479698181], ["2015-09-23T00:00:00", 49.9375, 1.0629364252090454], ["2015-09-23T00:00:00", 49.89583206176758, 1.1778532266616821], ["2015-09-23T00:00:00", 49.85416793823242, 1.2503756284713745], ["2015-09-23T00:00:00", 49.8125, 1.2897580862045288], ["2015-09-23T00:00:00", 49.77083206176758, 1.3459279537200928], ["2015-09-23T00:00:00", 49.72916793823242, 1.3655626773834229], ["2015-09-23T00:00:00", 49.6875, 1.3254799842834473], ["2015-09-23T00:00:00", 49.64583206176758, 1.4682632684707642], ["2015-09-23T00:00:00", 49.60416793823242, 1.4823883771896362], ["2015-09-23T00:00:00", 49.5625, 1.6652264595031738], ["2015-09-23T00:00:00", 49.52083206176758, 1.7474181652069092], ["2015-09-23T00:00:00", 49.47916793823242, 1.6319267749786377], ["2015-09-23T00:00:00", 49.4375, 1.617035150527954], ["2015-09-23T00:00:00", 49.39583206176758, 1.3929438591003418], ["2015-09-23T00:00:00", 49.35416793823242, 1.2437617778778076], ["2015-09-23T00:00:00", 49.3125, 1.1113510131835938], ["2015-09-23T00:00:00", 49.27083206176758, 1.025063157081604], ["2015-09-23T00:00:00", 49.22916793823242, 0.9630450010299683], ["2015-09-23T00:00:00", 49.1875, 0.9260563850402832], ["2015-09-23T00:00:00", 49.14583206176758, 0.8975272178649902], ["2015-09-23T00:00:00", 49.10416793823242, 0.8916060924530029], ["2015-09-23T00:00:00", 49.0625, 0.8522718548774719], ["2015-09-23T00:00:00", 49.02083206176758, 0.8246264457702637], ["2015-09-23T00:00:00", 48.97916793823242, 0.8205640912055969], ["2015-09-23T00:00:00", 48.9375, 0.8469850420951843], ["2015-09-23T00:00:00", 48.89583206176758, 0.8654336333274841], ["2015-09-23T00:00:00", 48.85416793823242, 0.8084991574287415], ["2015-09-23T00:00:00", 48.8125, 0.8308428525924683], ["2015-09-23T00:00:00", 48.77083206176758, 0.7209532856941223], ["2015-09-23T00:00:00", 48.72916793823242, 0.7038540840148926], ["2015-09-23T00:00:00", 48.6875, 0.6725236773490906], ["2015-09-23T00:00:00", 48.64583206176758, 0.6147292852401733], ["2015-09-23T00:00:00", 48.60416793823242, 0.6116818189620972], ["2015-09-28T00:00:00", 50.72916793823242, 1.0994008779525757], ["2015-09-28T00:00:00", 50.6875, 1.5228769779205322], ["2015-09-28T00:00:00", 50.64583206176758, 1.6332389116287231], ["2015-09-28T00:00:00", 50.60416793823242, 1.4637916088104248], ["2015-09-28T00:00:00", 50.5625, 1.3699907064437866], ["2015-09-28T00:00:00", 50.52083206176758, 1.4751759767532349], ["2015-09-28T00:00:00", 50.47916793823242, 1.5774630308151245], ["2015-09-28T00:00:00", 50.4375, 1.6735378503799438], ["2015-09-28T00:00:00", 50.39583206176758, 1.6757909059524536], ["2015-09-28T00:00:00", 50.35416793823242, 1.7118319272994995], ["2015-09-28T00:00:00", 50.3125, 1.485688328742981], ["2015-09-28T00:00:00", 50.27083206176758, 1.3379333019256592], ["2015-09-28T00:00:00", 50.22916793823242, 1.2391995191574097], ["2015-09-28T00:00:00", 50.1875, 1.2073179483413696], ["2015-09-28T00:00:00", 50.14583206176758, 1.2018440961837769], ["2015-09-28T00:00:00", 50.10416793823242, 1.1700347661972046], ["2015-09-28T00:00:00", 50.0625, 1.1338480710983276], ["2015-09-28T00:00:00", 50.02083206176758, 1.1814708709716797], ["2015-09-28T00:00:00", 49.97916793823242, 1.3087700605392456], ["2015-09-28T00:00:00", 49.9375, 1.4690239429473877], ["2015-09-28T00:00:00", 49.89583206176758, 1.6280158758163452], ["2015-09-28T00:00:00", 49.85416793823242, 1.5955679416656494], ["2015-09-28T00:00:00", 49.8125, 1.4760938882827759], ["2015-09-28T00:00:00", 49.77083206176758, 1.334196925163269], ["2015-09-28T00:00:00", 49.72916793823242, 1.297626256942749], ["2015-09-28T00:00:00", 49.6875, 1.2505987882614136], ["2015-09-28T00:00:00", 49.64583206176758, 1.2076871395111084], ["2015-09-28T00:00:00", 49.60416793823242, 1.2078425884246826], ["2015-09-28T00:00:00", 49.5625, 1.1535632610321045], ["2015-09-28T00:00:00", 49.52083206176758, 1.1057777404785156], ["2015-09-28T00:00:00", 49.47916793823242, 1.0503877401351929], ["2015-09-28T00:00:00", 49.4375, 1.059934377670288], ["2015-09-28T00:00:00", 49.39583206176758, 0.9976158738136292], ["2015-09-28T00:00:00", 49.35416793823242, 0.9356980323791504], ["2015-09-28T00:00:00", 49.3125, 0.9141067862510681], ["2015-09-28T00:00:00", 49.27083206176758, 0.927605152130127], ["2015-09-28T00:00:00", 49.22916793823242, 0.8418142199516296], ["2015-09-28T00:00:00", 49.1875, 0.8361085057258606], ["2015-09-28T00:00:00", 49.14583206176758, 0.8732298016548157], ["2015-09-28T00:00:00", 49.10416793823242, 0.8777973055839539], ["2015-09-28T00:00:00", 49.0625, 0.8625861406326294], ["2015-09-28T00:00:00", 49.02083206176758, 0.8593658208847046], ["2015-09-28T00:00:00", 48.97916793823242, 0.8770236372947693], ["2015-09-28T00:00:00", 48.9375, 0.9058290123939514], ["2015-09-28T00:00:00", 48.89583206176758, 0.9464710354804993], ["2015-09-28T00:00:00", 48.85416793823242, 0.7183197140693665], ["2015-09-28T00:00:00", 48.8125, 0.7512550354003906], ["2015-09-28T00:00:00", 48.77083206176758, 0.80324786901474], ["2015-09-28T00:00:00", 48.72916793823242, 0.8762046694755554], ["2015-09-28T00:00:00", 48.6875, 0.9437810182571411], ["2015-09-28T00:00:00", 48.64583206176758, 0.7656959295272827], ["2015-09-28T00:00:00", 48.60416793823242, 0.7072669267654419]]}], "req_hash": "1a4e5b5abfd49eee0d9842c7dda1d823b79d309a", "matchup_log": false, "req_id": "149320640828155", "y1Axis": {"scale": "log", "tickFormat": "auto", "ticks": "auto", "weight": "auto", "label": "Mass Concentration of Chlorophyll a in Sea Water (milligram m-3)"}, "type": "hovmollerLat"}