
<!DOCTYPE html>
<html lang="en">
    <head>
        <meta charset="utf-8">
        <title>Scatter Plot</title>
        
<link rel="stylesheet" href="https://cdn.pydata.org/bokeh/release/bokeh-0.11.1.min.css" type="text/css" />
        
<script type="text/javascript" src="https://cdn.pydata.org/bokeh/release/bokeh-0.11.1.min.js"></script>
<script type="text/javascript">
    Bokeh.set_log_level("info");
</script>
    </head>
    <body>
        
        <div class="plotdiv" id="216d1647-ab4e-4acc-a7b6-06cd0aa1e147"></div>
        
        <script type="text/javascript">
            Bokeh.$(function() {
            var docs_json = {"1fe1fc06-4c0c-4f81-bdff-e13ebf5612d5":{"roots":{"references":[{"attributes":{"plot":{"id":"a5e1799b-9c9e-4eb4-b3f9-32f9f7a017fc","subtype":"Figure","type":"Plot"}},"id":"6e2f47b2-b866-4c95-96bc-605957e41425","type":"HelpTool"},{"attributes":{"plot":{"id":"a5e1799b-9c9e-4eb4-b3f9-32f9f7a017fc","subtype":"Figure","type":"Plot"}},"id":"a5e15d26-34bc-4f35-8906-6a0ec5fc03fc","type":"PanTool"},{"attributes":{"plot":{"id":"a5e1799b-9c9e-4eb4-b3f9-32f9f7a017fc","subtype":"Figure","type":"Plot"}},"id":"e2b632d4-d8c9-47cf-baad-a62309abee19","type":"ResetTool"},{"attributes":{"callback":null,"column_names":["y","x"],"data":{"x":[0.5414389371871948,1.5261088013648987],"y":[-0.010783939698492062,-0.042694309791332326]}},"id":"967f0073-5fd8-4936-b728-111823cdf73a","type":"ColumnDataSource"},{"attributes":{"overlay":{"id":"7dc5bc08-bc3e-4232-ba65-70607e3a7465","type":"BoxAnnotation"},"plot":{"id":"a5e1799b-9c9e-4eb4-b3f9-32f9f7a017fc","subtype":"Figure","type":"Plot"}},"id":"940249bd-005e-46b7-b451-88012a63db39","type":"BoxZoomTool"},{"attributes":{},"id":"ba4a3ce3-cefb-447f-b9bc-067ab7588850","type":"BasicTicker"},{"attributes":{"bottom_units":"screen","fill_alpha":{"value":0.5},"fill_color":{"value":"lightgrey"},"left_units":"screen","level":"overlay","line_alpha":{"value":1.0},"line_color":{"value":"black"},"line_dash":[4,4],"line_width":{"value":2},"plot":null,"render_mode":"css","right_units":"screen","top_units":"screen"},"id":"7dc5bc08-bc3e-4232-ba65-70607e3a7465","type":"BoxAnnotation"},{"attributes":{},"id":"4c306837-fca7-472a-a5da-2dbbdb5719d4","type":"ToolEvents"},{"attributes":{"fill_alpha":{"value":0.1},"fill_color":{"value":"#1f77b4"},"line_alpha":{"value":0.1},"line_color":{"value":"#1f77b4"},"size":{"units":"screen","value":10},"x":{"field":"x"},"y":{"field":"y"}},"id":"221ae6a1-833f-4ba9-863b-8d42e81e36d9","type":"Circle"},{"attributes":{"callback":null},"id":"fb2cf438-6cd1-4f02-b5ba-838815513512","type":"DataRange1d"},{"attributes":{"ticker":null},"id":"70998c62-253a-470b-a45c-d136674feada","type":"LogTickFormatter"},{"attributes":{"dimension":1,"plot":{"id":"a5e1799b-9c9e-4eb4-b3f9-32f9f7a017fc","subtype":"Figure","type":"Plot"},"ticker":{"id":"ba4a3ce3-cefb-447f-b9bc-067ab7588850","type":"BasicTicker"}},"id":"de1d8b78-4d72-4d12-aa8e-f1212dfa6718","type":"Grid"},{"attributes":{"plot":{"id":"a5e1799b-9c9e-4eb4-b3f9-32f9f7a017fc","subtype":"Figure","type":"Plot"}},"id":"bbe162cd-23ea-4bd9-b1e5-8afebac9472d","type":"ResizeTool"},{"attributes":{"line_color":{"value":"#1f77b4"},"x":{"field":"x"},"y":{"field":"y"}},"id":"25c479af-c9c4-4ce0-81fc-97012f7d78c4","type":"Line"},{"attributes":{"callback":null,"line_policy":"interp","plot":{"id":"a5e1799b-9c9e-4eb4-b3f9-32f9f7a017fc","subtype":"Figure","type":"Plot"},"renderers":[{"id":"bc4b46d4-16d9-48fd-8978-e53424775175","type":"GlyphRenderer"}],"tooltips":"Slope: -0.032<br>Intercept: 0.007<br>R<sup>2</sup>: 0.091"},"id":"3ac62344-44e5-49db-a6c3-154ab9bef31d","type":"HoverTool"},{"attributes":{"axis_label":"Mass Concentration of Chlorophyll a in Sea Water (milligram m-3)","axis_label_text_font_size":{"value":"10pt"},"formatter":{"id":"70998c62-253a-470b-a45c-d136674feada","type":"LogTickFormatter"},"plot":{"id":"a5e1799b-9c9e-4eb4-b3f9-32f9f7a017fc","subtype":"Figure","type":"Plot"},"ticker":{"id":"c3cd714a-f5a0-43d1-b397-624433aad4b1","type":"LogTicker"}},"id":"46e12c0a-e0a2-41ca-be9d-926da0ee96b9","type":"LogAxis"},{"attributes":{"callback":null,"plot":{"id":"a5e1799b-9c9e-4eb4-b3f9-32f9f7a017fc","subtype":"Figure","type":"Plot"},"renderers":[{"id":"2193cc37-8530-4b4d-8701-c35d288ae4e8","type":"GlyphRenderer"}],"tooltips":[["Date","@sdate"],["chlor_a","@x{0.000}"],["adg_412_bias","@y{0.000}"]]},"id":"ecf4129c-50be-4bd5-8ba5-2c76059c0c17","type":"HoverTool"},{"attributes":{"plot":{"id":"a5e1799b-9c9e-4eb4-b3f9-32f9f7a017fc","subtype":"Figure","type":"Plot"},"ticker":{"id":"c3cd714a-f5a0-43d1-b397-624433aad4b1","type":"LogTicker"}},"id":"7a9688b2-a143-4d82-8fda-3e77fd4d904a","type":"Grid"},{"attributes":{"data_source":{"id":"db3a0dcc-4f09-477e-90ec-1f134c68b191","type":"ColumnDataSource"},"glyph":{"id":"79e912c9-7100-4931-8da4-185b6e555ee4","type":"Circle"},"hover_glyph":null,"nonselection_glyph":{"id":"221ae6a1-833f-4ba9-863b-8d42e81e36d9","type":"Circle"},"selection_glyph":null},"id":"2193cc37-8530-4b4d-8701-c35d288ae4e8","type":"GlyphRenderer"},{"attributes":{"callback":null},"id":"130c63dc-e202-483a-a34a-00d8ee2d9c93","type":"DataRange1d"},{"attributes":{"line_alpha":{"value":0.1},"line_color":{"value":"#1f77b4"},"x":{"field":"x"},"y":{"field":"y"}},"id":"7fc94064-20a3-487a-95e4-425f116de39b","type":"Line"},{"attributes":{"plot":{"id":"a5e1799b-9c9e-4eb4-b3f9-32f9f7a017fc","subtype":"Figure","type":"Plot"}},"id":"3aeeff23-3b12-4cda-9b6d-c9dd86e966f6","type":"WheelZoomTool"},{"attributes":{},"id":"29987505-f070-491e-88eb-8519eee60054","type":"BasicTickFormatter"},{"attributes":{"axis_label":"Bias of Absorption Coefficient for Dissolved and Detrital Material at 412 Nm. (m-1)","axis_label_text_font_size":{"value":"10pt"},"formatter":{"id":"29987505-f070-491e-88eb-8519eee60054","type":"BasicTickFormatter"},"plot":{"id":"a5e1799b-9c9e-4eb4-b3f9-32f9f7a017fc","subtype":"Figure","type":"Plot"},"ticker":{"id":"ba4a3ce3-cefb-447f-b9bc-067ab7588850","type":"BasicTicker"}},"id":"f6cc5855-25b4-4853-b6d9-e771f430eae0","type":"LinearAxis"},{"attributes":{"plot":{"id":"a5e1799b-9c9e-4eb4-b3f9-32f9f7a017fc","subtype":"Figure","type":"Plot"}},"id":"47ec83f3-c628-42ee-903e-f76a46e4ee71","type":"PreviewSaveTool"},{"attributes":{"data_source":{"id":"967f0073-5fd8-4936-b728-111823cdf73a","type":"ColumnDataSource"},"glyph":{"id":"25c479af-c9c4-4ce0-81fc-97012f7d78c4","type":"Line"},"hover_glyph":null,"nonselection_glyph":{"id":"7fc94064-20a3-487a-95e4-425f116de39b","type":"Line"},"selection_glyph":null},"id":"bc4b46d4-16d9-48fd-8978-e53424775175","type":"GlyphRenderer"},{"attributes":{"num_minor_ticks":10},"id":"c3cd714a-f5a0-43d1-b397-624433aad4b1","type":"LogTicker"},{"attributes":{"fill_alpha":{"value":0.5},"fill_color":{"value":"red"},"line_alpha":{"value":0},"line_color":{"value":"red"},"size":{"units":"screen","value":10},"x":{"field":"x"},"y":{"field":"y"}},"id":"79e912c9-7100-4931-8da4-185b6e555ee4","type":"Circle"},{"attributes":{"callback":null,"column_names":["y","x","sdate","date"],"data":{"date":[1440806400000,1441238400000,1441670400000,1442102400000,1442534400000,1442966400000,1443398400000],"sdate":["2015-08-29T00:00:00","2015-09-03T00:00:00","2015-09-08T00:00:00","2015-09-13T00:00:00","2015-09-18T00:00:00","2015-09-23T00:00:00","2015-09-28T00:00:00"],"x":[0.9163249135017395,0.8696622252464294,1.1626439094543457,1.0993403196334839,1.0373708009719849,1.096874475479126,1.197885513305664],"y":[-0.013504085130989552,-0.021503182128071785,-0.037319380789995193,-0.047890644520521164,-0.027748078107833862,-0.03258376196026802,-0.011281168088316917]}},"id":"db3a0dcc-4f09-477e-90ec-1f134c68b191","type":"ColumnDataSource"},{"attributes":{"below":[{"id":"46e12c0a-e0a2-41ca-be9d-926da0ee96b9","type":"LogAxis"}],"left":[{"id":"f6cc5855-25b4-4853-b6d9-e771f430eae0","type":"LinearAxis"}],"logo":null,"plot_height":400,"plot_width":800,"renderers":[{"id":"46e12c0a-e0a2-41ca-be9d-926da0ee96b9","type":"LogAxis"},{"id":"7a9688b2-a143-4d82-8fda-3e77fd4d904a","type":"Grid"},{"id":"f6cc5855-25b4-4853-b6d9-e771f430eae0","type":"LinearAxis"},{"id":"de1d8b78-4d72-4d12-aa8e-f1212dfa6718","type":"Grid"},{"id":"7dc5bc08-bc3e-4232-ba65-70607e3a7465","type":"BoxAnnotation"},{"id":"2193cc37-8530-4b4d-8701-c35d288ae4e8","type":"GlyphRenderer"},{"id":"bc4b46d4-16d9-48fd-8978-e53424775175","type":"GlyphRenderer"}],"responsive":true,"title":"Plymouth_Marine_Laboratory: Mass Concentration of Chlorophyll a in Sea Water / Plymouth_Marine_Laboratory: Bias of Absorption Coefficient for Dissolved and Detrital Material at 412 Nm.","title_text_font_size":{"value":"14pt"},"tool_events":{"id":"4c306837-fca7-472a-a5da-2dbbdb5719d4","type":"ToolEvents"},"tools":[{"id":"a5e15d26-34bc-4f35-8906-6a0ec5fc03fc","type":"PanTool"},{"id":"3aeeff23-3b12-4cda-9b6d-c9dd86e966f6","type":"WheelZoomTool"},{"id":"940249bd-005e-46b7-b451-88012a63db39","type":"BoxZoomTool"},{"id":"47ec83f3-c628-42ee-903e-f76a46e4ee71","type":"PreviewSaveTool"},{"id":"bbe162cd-23ea-4bd9-b1e5-8afebac9472d","type":"ResizeTool"},{"id":"e2b632d4-d8c9-47cf-baad-a62309abee19","type":"ResetTool"},{"id":"6e2f47b2-b866-4c95-96bc-605957e41425","type":"HelpTool"},{"id":"3ac62344-44e5-49db-a6c3-154ab9bef31d","type":"HoverTool"},{"id":"ecf4129c-50be-4bd5-8ba5-2c76059c0c17","type":"HoverTool"}],"x_mapper_type":"log","x_range":{"id":"fb2cf438-6cd1-4f02-b5ba-838815513512","type":"DataRange1d"},"y_range":{"id":"130c63dc-e202-483a-a34a-00d8ee2d9c93","type":"DataRange1d"}},"id":"a5e1799b-9c9e-4eb4-b3f9-32f9f7a017fc","subtype":"Figure","type":"Plot"}],"root_ids":["a5e1799b-9c9e-4eb4-b3f9-32f9f7a017fc"]},"title":"Bokeh Application","version":"0.11.1"}};
            var render_items = [{"docid":"1fe1fc06-4c0c-4f81-bdff-e13ebf5612d5","elementid":"216d1647-ab4e-4acc-a7b6-06cd0aa1e147","modelid":"a5e1799b-9c9e-4eb4-b3f9-32f9f7a017fc"}];
            
            Bokeh.embed.embed_items(docs_json, render_items);
        });
        </script>
    </body>
</html>