{
  "status": "success",
  "dir_name": "/local1/data/scratch/nik/GISportal/html/plots/",
  "palette": "alg",
  "y2Axis": {
    "scale": "linear",
    "tickFormat": "auto",
    "ticks": "auto",
    "weight": "auto",
    "label": "Bias of Absorption Coefficient for Dissolved and Detrital Material at 412 Nm. (m-1)"
  },
  "xAxis": {
    "scale": "log",
    "tickFormat": "auto",
    "ticks": "auto",
    "weight": "auto",
    "label": "Mass Concentration of Chlorophyll a in Sea Water (milligram m-3)"
  },
  "title": "Plymouth_Marine_Laboratory: Mass Concentration of Chlorophyll a in Sea Water / Plymouth_Marine_Laboratory: Bias of Absorption Coefficient for Dissolved and Detrital Material at 412 Nm.",
  "data": [
    {
      "data": [
        [
          -0.021503182128071785,
          0.8696622252464294,
          "2015-09-03T00:00:00"
        ],
        [
          -0.037319380789995193,
          1.1626439094543457,
          "2015-09-08T00:00:00"
        ],
        [
          -0.047890644520521164,
          1.0993403196334839,
          "2015-09-13T00:00:00"
        ],
        [
          -0.027748078107833862,
          1.0373708009719849,
          "2015-09-18T00:00:00"
        ],
        [
          -0.03258376196026802,
          1.096874475479126,
          "2015-09-23T00:00:00"
        ],
        [
          -0.011281168088316917,
          1.197885513305664,
          "2015-09-28T00:00:00"
        ]
      ],
      "cov_meta": {
        "y": {
          "wcs_url": "https://rsg.pml.ac.uk/thredds/wcs/CCI_ALL-v3.0-5DAY",
          "time_bounds": [
            "2015-09-01/2015-10-01"
          ],
          "bbox": "POLYGON((-5.674 49.62,-0.467 50.62,1.181 50.718,1.269 50.334,-0.84 49.51,-1.126 49.872,-2.104 49.796,-1.796 48.906,-3.115 49.026,-4.927 48.587,-5.674 49.62))",
          "coverage": "adg_412_bias"
        },
        "x": {
          "wcs_url": "https://rsg.pml.ac.uk/thredds/wcs/CCI_ALL-v3.0-5DAY",
          "time_bounds": [
            "2015-09-01/2015-10-01"
          ],
          "bbox": "POLYGON((-5.674 49.62,-0.467 50.62,1.181 50.718,1.269 50.334,-0.84 49.51,-1.126 49.872,-2.104 49.796,-1.796 48.906,-3.115 49.026,-4.927 48.587,-5.674 49.62))",
          "coverage": "chlor_a"
        }
      },
      "order": [
        "adg_412_bias",
        "chlor_a",
        "Time"
      ]
    }
  ],
  "req_hash": "0ad6a57cfc9e37ec12bc28a2111d1949cb8619e0",
  "matchup_log": false,
  "req_id": "14932166236396",
  "y1Axis": {
    "scale": "linear",
    "tickFormat": "auto",
    "ticks": "auto",
    "weight": "auto",
    "label": "Bias of Absorption Coefficient for Dissolved and Detrital Material at 412 Nm. (m-1)"
  },
  "type": "scatter"
}