{"job_id": "0ad6a57cfc9e37ec12bc28a2111d1949cb8619e0", "completed": true, "traceback": "", "csv_url": "http://127.0.0.1:6789/plots//0ad6a57cfc9e37ec12bc28a2111d1949cb8619e0.zip", "minutes_remaining": 0, "filename": "/local1/data/scratch/nik/GISportal/html/plots//0ad6a57cfc9e37ec12bc28a2111d1949cb8619e0-plot.html", "state": "complete", "percentage": 100, "csv": "/local1/data/scratch/nik/GISportal/html/plots//0ad6a57cfc9e37ec12bc28a2111d1949cb8619e0.zip", "message": "Complete"}