{"job_id": "8944f55de97239899d1ed4d2f1278526d5e8390e", "completed": true, "traceback": "", "csv_url": "http://127.0.0.1:6789/plots//8944f55de97239899d1ed4d2f1278526d5e8390e.zip", "minutes_remaining": 0, "filename": "/local1/data/scratch/nik/GISportal/html/plots//8944f55de97239899d1ed4d2f1278526d5e8390e-plot.html", "state": "complete", "percentage": 100, "csv": "/local1/data/scratch/nik/GISportal/html/plots//8944f55de97239899d1ed4d2f1278526d5e8390e.zip", "message": "Complete"}