
<!DOCTYPE html>
<html lang="en">
    <head>
        <meta charset="utf-8">
        <title>Hovmoller example</title>
        
<link rel="stylesheet" href="https://cdn.pydata.org/bokeh/release/bokeh-0.11.1.min.css" type="text/css" />
        
<script type="text/javascript" src="https://cdn.pydata.org/bokeh/release/bokeh-0.11.1.min.js"></script>
<script type="text/javascript">
    Bokeh.set_log_level("info");
</script>
    </head>
    <body>
        
        <div class="plotdiv" id="1be95a7f-c789-45d6-942d-266400e82a1d"></div>
        
        <script type="text/javascript">
            Bokeh.$(function() {
            var docs_json = {"c0d85ecf-4e72-4fe8-8351-89ed80ccd8b5":{"roots":{"references":[{"attributes":{"callback":null,"end":1443614400000,"start":1440590400000},"id":"1c299572-b496-4b02-b0f7-ada4a4556f5e","type":"Range1d"},{"attributes":{"callback":null},"id":"2dfdeca6-36e5-48a1-9ca2-ca3a97ea98ac","type":"DataRange1d"},{"attributes":{"num_minor_ticks":10},"id":"8fa7dd2e-ba51-4e54-b201-3897432f6ed1","type":"LogTicker"},{"attributes":{"base":60,"mantissas":[1,2,5,10,15,20,30],"max_interval":1800000.0,"min_interval":1000.0,"num_minor_ticks":0},"id":"73caa793-6bcd-4f28-beb3-fb5b4533a306","type":"AdaptiveTicker"},{"attributes":{"ticker":null},"id":"ddcd37bf-41e0-41a8-bcad-46101d78753f","type":"LogTickFormatter"},{"attributes":{"axis_label":"Latitude","axis_label_text_font_size":{"value":"10pt"},"formatter":{"id":"ddcd37bf-41e0-41a8-bcad-46101d78753f","type":"LogTickFormatter"},"plot":{"id":"61ba20f3-a7e3-412a-8239-85482ccf05fa","subtype":"Figure","type":"Plot"},"ticker":{"id":"8fa7dd2e-ba51-4e54-b201-3897432f6ed1","type":"LogTicker"}},"id":"ec8e741f-21fb-435d-9b26-2ba6e523693b","type":"LogAxis"},{"attributes":{"months":[0,1,2,3,4,5,6,7,8,9,10,11]},"id":"ebf5faa1-085a-4721-b9a2-104b88de41c1","type":"MonthsTicker"},{"attributes":{"num_minor_ticks":10},"id":"65e8f046-21a9-4829-8ce3-c7ec170ac3fa","type":"LogTicker"},{"attributes":{"dilate":true,"fill_color":{"field":"color"},"height":{"field":"heights","units":"data"},"line_color":{"field":"color"},"width":{"units":"data","value":1},"x":{"value":0.5},"y":{"field":"value"}},"id":"7f766b5a-1628-4e9e-8442-cf4baa49bcf1","type":"Rect"},{"attributes":{"months":[0,4,8]},"id":"746d9c1a-ea4f-4bb0-bcec-19c5092652d5","type":"MonthsTicker"},{"attributes":{"days":[1,2,3,4,5,6,7,8,9,10,11,12,13,14,15,16,17,18,19,20,21,22,23,24,25,26,27,28,29,30,31]},"id":"880ef373-b736-49b2-af93-c6ffd90139be","type":"DaysTicker"},{"attributes":{"callback":null,"column_names":["color","value","heights"],"data":{"color":["#cc00ff","#c500ff","#bf00ff","#b800ff","#b200ff","#ab00ff","#a500ff","#9e00ff","#9700ff","#9100ff","#8a00ff","#8400ff","#7d00ff","#7600ff","#7000ff","#6900ff","#6300ff","#5c00ff","#5600ff","#4f00ff","#4800ff","#4200ff","#3b00ff","#3500ff","#2e00ff","#2700ff","#2100ff","#1a00ff","#1400ff","#0d00ff","#0700ff","#0000ff","#0008ff","#0010ff","#0018ff","#0020ff","#0028ff","#0030ff","#0038ff","#0040ff","#0048ff","#0050ff","#0058ff","#0060ff","#0068ff","#0070ff","#0078ff","#0080ff","#0087ff","#008fff","#008fff","#0097ff","#009fff","#00a7ff","#00afff","#00b7ff","#00bfff","#00c7ff","#00cfff","#00d7ff","#00dfff","#00e7ff","#00efff","#00f7ff","#00ffff","#00fffc","#00fff8","#00fff5","#00fff2","#00ffef","#00ffeb","#00ffe8","#00ffe5","#00ffe1","#00ffde","#00ffdb","#00ffd8","#00ffd4","#00ffd1","#00ffce","#00ffca","#00ffc7","#00ffc4","#00ffc0","#00ffbd","#00ffba","#00ffb7","#00ffb3","#00ffb0","#00ffad","#00ffa9","#00ffa6","#00ffa3","#00ffa0","#00ff9c","#00ff99","#00ff94","#00ff8f","#00ff8a","#00ff85","#00ff80","#00ff80","#00ff7b","#00ff76","#00ff72","#00ff6d","#00ff68","#00ff63","#00ff5e","#00ff59","#00ff54","#00ff4f","#00ff4a","#00ff45","#00ff40","#00ff3b","#00ff36","#00ff31","#00ff2c","#00ff27","#00ff23","#00ff1e","#00ff19","#00ff14","#00ff0f","#00ff0a","#00ff05","#00ff00","#07ff02","#0dff03","#14ff05","#1aff07","#21ff08","#27ff0a","#2eff0c","#35ff0d","#3bff0f","#42ff10","#48ff12","#4fff14","#56ff15","#5cff17","#63ff19","#69ff1a","#70ff1c","#76ff1e","#7dff1f","#84ff21","#8aff23","#91ff24","#97ff26","#9eff27","#9eff27","#a5ff29","#abff2b","#b2ff2c","#b8ff2e","#bfff30","#c5ff31","#ccff33","#ceff31","#cfff30","#d1ff2e","#d2ff2d","#d4ff2b","#d6ff29","#d7ff28","#d9ff26","#daff25","#dcff23","#deff21","#dfff20","#e1ff1e","#e2ff1d","#e4ff1b","#e6ff1a","#e7ff18","#e9ff16","#eaff15","#ecff13","#edff12","#efff10","#f1ff0e","#f2ff0d","#f4ff0b","#f5ff0a","#f7ff08","#f9ff06","#faff05","#fcff03","#fdff02","#ffff00","#fffc00","#fff800","#fff500","#fff200","#ffef00","#ffeb00","#ffe800","#ffe500","#ffe100","#ffde00","#ffdb00","#ffdb00","#ffd800","#ffd400","#ffd100","#ffce00","#ffca00","#ffc700","#ffc400","#ffc000","#ffbd00","#ffba00","#ffb700","#ffb300","#ffb000","#ffad00","#ffa900","#ffa600","#ffa300","#ffa000","#ff9c00","#ff9900","#fc9400","#fa8f00","#f78a00","#f48500","#f18000","#ef7b00","#ec7600","#e97200","#e66d00","#e46800","#e16300","#de5e00","#db5900","#d95400","#d64f00","#d34a00","#d04500","#ce4000","#cb3b00","#c83600","#c53100","#c32c00","#c02700","#bd2300","#ba1e00","#b81900","#b51400","#b20f00","#af0a00","#aa0000","#aa0000"],"heights":[0.0,0.003867549230520795,0.003901163997777346,0.00393507092746298,0.0039692725589045574,0.004003771453499727,0.004038570194908331,0.00407367138924597,0.004109077665279626,0.00414479167462356,0.004180816091939321,0.004217153615134583,0.00425380696556632,0.004290778888243585,0.004328072152034346,0.004365689549871821,0.004403633898963699,0.004441908041004083,0.004480514842384875,0.0045194571944117135,0.004558738013520025,0.004598360241492738,0.004638326845682328,0.0046786408192308615,0.004719305181296374,0.0047603229772766875,0.004801697279039896,0.0048434311851521805,0.004885527821111402,0.004927990339580801,0.004970821920624591,0.005014025771946318,0.005057605129130116,0.00510156325588107,0.005145903444271682,0.005190629014986792,0.00523574331757326,0.0052812497306905515,0.005327151662363305,0.0053734525502376895,0.005420155861837417,0.005467265094824536,0.00551478377726089,0.005562715467872681,0.005611063756316259,0.005659832263447795,0.005709024641593952,0.0057586445748257775,0.005808695779234041,0.005859182003208119,0.00591010702771666,0.0059614746665896945,0.006013288766806624,0.006065553208781105,0.006118271906654815,0.006171448808588331,0.0062250878970578905,0.006279193189153487,0.006333768736879186,0.006388818627457771,0.006444346983635163,0.006500357963990955,0.0065568557632481594,0.00661384461258907,0.0066713287799703425,0.006729312570444512,0.00678780032648052,0.006846796428290447,0.0069063052941565894,0.006966331380762969,0.007026879183528623,0.007087953236944888,0.007149558114913801,0.0072116984310920396,0.007274378839235984,0.00733760403354955,0.00740137874903668,0.007465707761854956,0.007530595889675085,0.007596047992039168,0.007662068970727076,0.007728663770121269,0.007795837377579717,0.007863594823806608,0.007931941183231483,0.008000881574387386,0.008070421160295549,0.008140565148851642,0.00821131879321535,0.008282687392204391,0.008354676290690977,0.008427290880002158,0.008500536598323949,0.008574418931108108,0.008648943411483145,0.008724115620668771,0.008799941188393445,0.008876425793317155,0.008953575163455074,0.009031395076608106,0.009109891360793876,0.009189069894685264,0.00926893660804895,0.009349497482190605,0.009430758550400986,0.009512725898410901,0.009595405664844847,0.0096788040416802,0.009762927274712396,0.009847781664022337,0.00993337356444779,0.010019709386059672,0.010106795594641671,0.010194638712175408,0.010283245317327161,0.010372622045942803,0.010462775591542961,0.010553712705825058,0.010645440199168466,0.010737964941145872,0.010831293861035984,0.010925433948342889,0.01102039225332141,0.0111161758875018,0.011212792024225315,0.011310247899179782,0.011408550810942497,0.011507708121524907,0.011607727256927047,0.01170861570769044,0.011810381029461858,0.011913030843557104,0.012016572837532324,0.012121014765761107,0.012226364450013127,0.012332629780040794,0.012439818714171658,0.012547939279901055,0.012656999574496508,0.012767007765602578,0.012877972091852374,0.012989900863485948,0.013102802462970908,0.013216685345630586,0.013331558040279301,0.013447429149858081,0.013564307352080807,0.013682201400083915,0.013801120123080546,0.013921072427024228,0.01404206729527413,0.01416411378926763,0.014287221049199328,0.014411398294706945,0.014536654825560102,0.01466300002235621,0.014790443347225901,0.01491899434453825,0.015048662641617971,0.01517945794946507,0.01531139006348381,0.015444468864212357,0.015578704318068848,0.01571410647809235,0.015850685484698923,0.0159884515664388,0.016127415040764204,0.016267586314801852,0.016408975886130994,0.016551594343571008,0.01669545236797476,0.0168405607330242,0.0169869303060457,0.01713457204881519,0.017283497018383942,0.017433716367905916,0.017585241347471303,0.017738083304951857,0.017892253686848658,0.01804776403914987,0.018204626008194058,0.018362851341546804,0.018522451888876024,0.01868343960283969,0.018845826539985122,0.019009624861645147,0.019174846834856485,0.019341504833272793,0.019509611338092814,0.019679178938996067,0.019850220335085655,0.020022748335838614,0.020196775862064698,0.02037231594687583,0.02054938173665999,0.020727986492067085,0.02090814358900328,0.021089866519630185,0.021273168893374272,0.021458064437952284,0.021644567000392634,0.021832690548076794,0.022022449169781133,0.02221385707673651,0.02240692860369009,0.02260167820997916,0.022798120480614692,0.02299627012737071,0.02319614198989317,0.023397751036802195,0.023601112366820498,0.023806241209898715,0.024013152928361148,0.02422186301805107,0.024432387109495135,0.024644740969073986,0.024858940500195992,0.025075001744501613,0.02529294088305134,0.02551277423754561,0.02573451827154427,0.02595818959169982,0.026183804949001743,0.026411381240030174,0.026640935508221553,0.026872484945147157,0.027106046891793856,0.027341638839873283,0.02757927843312391,0.027818983468632208,0.02806077189817069,0.0283046618295395,0.0285506715279209,0.02879881941724971,0.02904912408159399,0.029301604266538384,0.02955627888060386,0.029813166996649265,0.03007228785330529,0.030333660856416422,0.030597305580491785,0.030863241770171523,0.031131489341709173,0.031402068384455806,0.0316749991623726,0.03195030211554295,0.03222799786170549,0.032508107197798175,0.03279065110151391,0.033075650732874884,0.03336312743581349,0.033653102739775065,0.03394559836132727,0.03424063620578144,0.03453823836884862],"value":[0.444981127977,0.4488486772075208,0.45274984120529815,0.45668491213276113,0.4606541846916657,0.4646579561451654,0.46869652634007375,0.4727701977293197,0.47687927539459934,0.4810240670692229,0.4852048831611622,0.4894220367762968,0.49367584374186313,0.4979666226301067,0.5022946947821411,0.5066603843320129,0.5110640182309766,0.5155059262719807,0.5199864411143655,0.5245058983087773,0.5290646363222973,0.53366299656379,0.5383013234094723,0.5429799642287032,0.5476992694099996,0.5524595923872763,0.5572612896663162,0.5621047208514683,0.5669902486725797,0.5719182390121605,0.5768890609327851,0.5819030867047315,0.5869606918338616,0.5920622550897426,0.5972081585340143,0.6023987875490011,0.6076345308665744,0.6129157805972649,0.6182429322596282,0.6236163848098659,0.6290365406717033,0.6345038057665279,0.6400185895437888,0.6455813050116614,0.6511923687679777,0.6568522010314255,0.6625612256730194,0.6683198702478452,0.6741285660270793,0.6799877480302874,0.685897855058004,0.6918593297245937,0.6978726184914004,0.7039381717001815,0.7100564436068363,0.7162278924154246,0.7224529803124825,0.728732173501636,0.7350659422385152,0.741454760865973,0.7478991078496081,0.7543994658135991,0.7609563215768472,0.7675701661894363,0.7742414949694066,0.7809708075398512,0.7877586078663317,0.7946054042946221,0.8015117095887787,0.8084780409695417,0.8155049201530703,0.8225928733900152,0.829742431504929,0.836954129936021,0.844228508775257,0.8515661128088066,0.8589674915578432,0.8664331993196982,0.8739637952093733,0.8815598432014125,0.8892219121721395,0.8969505759422608,0.9047464133198405,0.9126100081436471,0.9205419493268786,0.928542830901266,0.9366132520615615,0.9447538172104132,0.9529651360036285,0.9612478233958329,0.9696024996865239,0.9780297905665261,0.98653032716485,0.9951047460959581,1.0037536895074413,1.01247780512811,1.0212777463165035,1.0301541721098206,1.0391077472732757,1.0481391423498838,1.0572490337106777,1.066438103605363,1.075707040213412,1.0850565376956025,1.0944872962460035,1.1040000221444144,1.1135954278092592,1.1232742318509394,1.1330371591256518,1.1428849407896742,1.152818314354122,1.1628380237401816,1.1729448193348233,1.1831394580469987,1.1934227033643259,1.2037953254102687,1.2142581010018116,1.2248118137076367,1.2354572539068052,1.246195218847951,1.257026512708987,1.26795194665733,1.2789723389106513,1.2900885147981531,1.3013013068223784,1.3126115547215582,1.3240201055325007,1.3355278136540256,1.3471355409109527,1.358844156618643,1.370654537648105,1.382567568491662,1.3945841413291944,1.4067051560949555,1.4189315205449686,1.4312641503250094,1.443703969039181,1.4562519083190821,1.4689089078935786,1.4816759156591812,1.4945538877510336,1.5075437886145195,1.5206465910774905,1.533863276423121,1.5471948344634003,1.5606422636132584,1.5742065709653392,1.5878887723654231,1.6016898924885037,1.615610964915528,1.629653032210802,1.6438171460000697,1.658104367049269,1.672515765343976,1.687052420169536,1.7017154201918923,1.7165058635391182,1.7314248578836564,1.7464735205252744,1.7616529784747395,1.7769643685382233,1.7924088374024356,1.8079875417205045,1.8237016481985968,1.8395523336832957,1.8555407852497345,1.8716682002904987,1.8879357866053006,1.9043447624914316,1.9208963568350026,1.9375918092029774,1.9544323699360016,1.9714193002420473,1.9885538722908624,2.0058373693092464,2.0232710856771523,2.0408563270246236,2.0585944103295755,2.076486664016424,2.094534428055574,2.112739054063768,2.131101905405315,2.149624357294191,2.1683077968970306,2.1871536234370157,2.206163248298661,2.2253380951335173,2.24467959996679,2.264189211304883,2.283868390243879,2.3037186105789647,2.3237413589148033,2.343938134776868,2.364310450723744,2.384859832460404,2.405587818952471,2.426495962541474,2.4475858290611043,2.4688589979544786,2.490317062392431,2.5119616293928235,2.5337943199409003,2.5558167691106815,2.578030626187418,2.600437554791108,2.623039233001087,2.645837353481702,2.6688336236090726,2.692029765598966,2.715427516635768,2.7390286290025885,2.762834870212487,2.7868480231408483,2.8110698861588994,2.8355022732683945,2.8601470142374685,2.8850059547376645,2.910080956482166,2.9353738973652175,2.960886671602763,2.9866211898743074,3.012579379466007,3.038763184415009,3.065174565655039,3.0918155011632606,3.118687986108408,3.1457940330002017,3.173135671840075,3.200714950273199,3.228533933741831,3.2565947056400018,3.2848993674695413,3.313450038997462,3.342248858414712,3.371297982496306,3.4005995867628442,3.430155865643448,3.4599690326400974,3.4900413204934027,3.520374981349819,3.550972286930311,3.5818355287004824,3.6129670180421916,3.6443690864266474,3.67604408558902,3.707994387704563,3.7402223855662684,3.7727304927640666,3.8055211438655805,3.8385967945984554,3.871959922034269,3.905613024774044,3.939558623135371,3.9737992593411526,4.008337497710001]}},"id":"c64d61f9-81c2-4e74-92cd-996cd737a508","type":"ColumnDataSource"},{"attributes":{"callback":null,"end":51.708333969099996,"start":48.166666030900004},"id":"ba780616-e973-41e6-8abc-9729f73588f5","type":"Range1d"},{"attributes":{"callback":null,"column_names":["y","x","image","dh","dw"],"data":{"dh":[3.5416679381999927],"dw":[3024000000],"image":[[[4294916096,4292607744,4294934528,4294936320,4294936320,4294901767,4294907904],[4294920192,4293000960,4294946560,4294926336,4294936320,4294905856,4294909952],[4294916096,4291755776,4294962944,4294916096,4294928384,4294901892,4294901806],[4294909952,4292607744,4293263104,4294909952,4294938368,4294901839,4294901819],[4294952704,4291755776,4292607744,4294940416,4294311680,4294901799,4294909952],[4294934528,4290838272,4292148992,4294909952,4291755776,4294901925,4294901865],[4294901799,4291493632,4289134336,4294907904,4293656320,4294901964,4294901878],[4294901819,4294950656,4288282368,4294942464,4294905856,4294901931,4294901826],[4294901839,4294940416,4289789696,4294958848,4294901832,4294901885,4294901846],[4294901819,4294938368,4289593088,4294928384,4294901832,4294901898,4294901826],[4294901780,4294967040,4291297024,4294901799,4294922240,4294916096,4294901793],[4294954752,4294964992,4288741120,4294901760,4294950656,4294936320,4293263104],[4294948608,4284743424,4279762780,4294938368,4287627008,4288937728,4280549120],[4286316288,4290248448,4281466624,4287299328,4284088064,4280811264,4280549258],[4289593088,4293263104,4284743424,4285988608,4288478976,4284088064,4279238400],[4292411136,4294956800,4286643968,4285398784,4292148992,4290248448,4284415744],[4292804352,4294962944,4285726464,4291755776,4292148992,4290248448,4286643968],[4291952384,4294115072,4284743424,4294952704,4293000960,4289789696,4286971648],[4290838272,4291952384,4284088064,4294956800,4294508288,4291297024,4286316288],[4290248448,4292607744,4284415744,4294770432,4293918464,4291493632,4287299328],[4291297024,4293000960,4284415744,4294115072,4293918464,4291952384,4288937728],[4291493632,4293656320,4281794304,4294964992,4293263104,4291100416,4290641664],[4290248448,4294508288,4279566080,4294954752,4294508288,4290445056,4290248448],[4290641664,4294770432,4279893760,4294956800,4293918464,4289986304,4289789696],[4292148992,4291100416,4279238400,4293918464,4292607744,4289789696,4289789696],[4294508288,4285398784,4279631702,4291297024,4291493632,4288937728,4290838272],[4294115072,4282121984,4280745879,4292148992,4291297024,4288282368,4289986304],[4292148992,4281794304,4281466830,4285988608,4289986304,4286643968,4288282368],[4293459712,4278583040,4280680410,4281794304,4285071104,4283105024,4286643968],[4290641664,4278386439,4280877015,4283760384,4278583040,4278714138,4279238400],[4289593088,4278583060,4280549340,4279566080,4279304002,4280418180,4279238459],[4291297024,4279238400,4280877015,4279107381,4279959401,4280614801,4279631702],[4294311680,4281466624,4280418270,4279238459,4280418180,4280418180,4278910720],[4293656320,4286971648,4281270225,4278714138,4280418180,4280811422,4279238400],[4292411136,4290445056,4280811422,4280549258,4279566159,4280614801,4278451981],[4292607744,4291493632,4278583060,4278779681,4279631702,4279041838,4280549120],[4292804352,4291755776,4279566080,4278255360,4279631702,4278779681,4280221440],[4290445056,4291297024,4281466624,4278779681,4279304002,4278451981,4278451981],[4289330944,4290838272,4283760384,4279566159,4279107381,4278910759,4279435080],[4290838272,4290838272,4285398784,4281073579,4278583060,4278583040,4279041838],[4292804352,4291755776,4286643968,4280418180,4278583040,4279893760,4279566159],[4291952384,4291755776,4288741120,4279566159,4278386439,4278386439,4280614801],[4289789696,4292148992,4287627008,4278255360,4279304002,4279041838,4281597900],[4289789696,4292411136,4286971648,4278714138,4278255360,4279238459,4281466821],[4286971648,4292804352,4289789696,4278910759,4280221440,4278910759,4280549258],[4290838272,4293263104,4289986304,4279435080,4283760384,4279566080,4279304002],[4290641664,4292804352,4290248448,4279304002,4286643968,4283432704,4279041838],[4288937728,4290641664,4289789696,4278583040,4286316288,4285398784,4278583060],[4287954688,4289593088,4288282368,4278386439,4286971648,4285398784,4278910759],[4286971648,4290641664,4288282368,4279893760,4288478976,4284415744,4278910759],[4286643968,4289986304,4288282368,4283105024,4286643968,4284088064,4279631702],[4286643968,4289789696,4286971648,4287954688,4287627008,4285071104,4279959401],[4283432704,4287299328,4282777344,4284415744,4287954688,4284743424,4280614801],[4278583040,4287299328,4280221440,4278451981,4282121984,4278386439,4281139122],[4279304002,4285071104,4279238400,4278910759,4280549120,4279566080,4280942501],[4279238459,4285071104,4279566080,4280221558,4279893760,4278255360,4281401279],[4279566159,4283432704,4278386439,4280811422,4278583040,4279238459,4281597900],[4279959401,4282121984,4278451981,4280418180,4279041838,4279893859,4281466830],[4280221558,4281794304,4278386439,4279762780,4279107381,4279762780,4281073620],[4279435080,4280811264,4278386439,4279304002,4278583060,4279762780,4281204690],[4279959401,4278386439,4278583060,4280549258,4280221558,4280811422,4280025060],[4278779681,4278583060,4278583060,4280680410,4280090480,4280090480,4279959526],[4283432704,4278910759,4279238459,4279435080,4280287101,4279893859,4279828455],[4288282368,4279566159,4279304002,4279566080,4279304002,4278386439,4281073620],[4294311680,4279238400,4279041838,4280090480,4278910759,4278779681,4280811422],[4294901767,4280221440,4278583060,4278779681,4279566080,4278910720,4280614801],[4294926336,4278583060,4279435080,4279893760,4282449664,4280221440,4280942501],[4294901760,4279304002,4280549120,4287954688,4284088064,4285726464,4280418180],[4294901846,4279566159,4278910720,4278714138,4280811264,4283432704,4280811422],[4291297024,4279041838,4281466830,4280221440,4279304002,4280745879,4279304175],[4294962944,4279959401,4280418180,4281270225,4280221558,4279304002,4279500780],[4294901806,4279435080,4278255360,4279107381,4280221440,4282449664,4280549340],[4294914048,4279762780,4281466624,4278386439,4282449664,4283760384,4280352735],[4287954688,4286643968,4281794304,4281466624,4282777344,4283105024,4279304175],[4287954688,4278976500,4279566159,4281466821,4279304002,4280745945,4278243071],[4280549258,4278246399,4279435080,4280549340,4280418270,4278247935,4278210518],[4279304002,4278250495,4280090480,4278247935,4279435245,4278252287,4278213083],[4280287101,4278245631,4279959401,4278386685,4280156130,4278583290,4278230271],[4278976500,4278243839,4279500780,4279435245,4278251519,4278253823,4278219497],[4278386685,4279631850,4279304175,4279828455,4278253055,4278246399,4278221807],[4278251519,4278254847,4278452220,4278252287,4279304175,4278246399,4278211801],[4279304175,4280352735,4278253823,4279828455,4279173105,4278253823,4278215649],[4278976500,4281466821,4279500780,4279107570,4278386685,4278910965,4278235391],[4278583290,4280942501,4279435245,4278255615,4278253055,4278976500,4278235391],[4278248959,4278779895,4278250495,4278253055,4278247167,4278246399,4278216932],[4278244607,4278242047,4278239487,4278248959,4278237951,4278236159,4278207952],[4279435245,4278214366,4278228220,4278232831,4278253055,4278236159,4278190250]]],"x":[1440590400000],"y":[48.166666030900004]}},"id":"7c00a4e3-5042-4b81-9958-043e3ed709ea","type":"ColumnDataSource"},{"attributes":{},"id":"e5e0528f-23f9-44a6-ab2e-3c591b82b31e","type":"BasicTickFormatter"},{"attributes":{"dimension":1,"plot":{"id":"61ba20f3-a7e3-412a-8239-85482ccf05fa","subtype":"Figure","type":"Plot"},"ticker":{"id":"8fa7dd2e-ba51-4e54-b201-3897432f6ed1","type":"LogTicker"}},"id":"8f5a1bcb-0073-4bf9-9add-1dc488eb69b6","type":"Grid"},{"attributes":{},"id":"9775bf04-7eb0-4b17-8bd7-3086985d02b2","type":"BasicTicker"},{"attributes":{"data_source":{"id":"c64d61f9-81c2-4e74-92cd-996cd737a508","type":"ColumnDataSource"},"glyph":{"id":"7f766b5a-1628-4e9e-8442-cf4baa49bcf1","type":"Rect"},"hover_glyph":null,"nonselection_glyph":{"id":"92e1509f-1fc4-48a7-a51e-dae1961f94bf","type":"Rect"},"selection_glyph":null},"id":"edba51e9-55b9-4cc4-bb26-b94847b194b4","type":"GlyphRenderer"},{"attributes":{"days":[1,8,15,22]},"id":"d989a978-b6b0-4b04-bdff-555d2dfc57a2","type":"DaysTicker"},{"attributes":{"plot":{"id":"124f954d-b213-4722-a556-fa8aa5fa0b84","subtype":"Figure","type":"Plot"},"ticker":{"id":"9775bf04-7eb0-4b17-8bd7-3086985d02b2","type":"BasicTicker"}},"id":"99c9a71e-6b91-44aa-b171-1d7279316d1d","type":"Grid"},{"attributes":{"plot":{"id":"124f954d-b213-4722-a556-fa8aa5fa0b84","subtype":"Figure","type":"Plot"}},"id":"83512054-17dd-464d-b816-864aeb8ac801","type":"HelpTool"},{"attributes":{"bottom_units":"screen","fill_alpha":{"value":0.5},"fill_color":{"value":"lightgrey"},"left_units":"screen","level":"overlay","line_alpha":{"value":1.0},"line_color":{"value":"black"},"line_dash":[4,4],"line_width":{"value":2},"plot":null,"render_mode":"css","right_units":"screen","top_units":"screen"},"id":"1da53aac-42b8-4a26-b92e-60e445f18dfa","type":"BoxAnnotation"},{"attributes":{"format":"0.000"},"id":"afdd457e-3bbc-439c-96a9-21ef1836f1f7","type":"NumeralTickFormatter"},{"attributes":{"plot":{"id":"61ba20f3-a7e3-412a-8239-85482ccf05fa","subtype":"Figure","type":"Plot"}},"id":"9b47a9d5-37a3-42e2-91b3-19dfbc466b56","type":"CrosshairTool"},{"attributes":{"plot":{"id":"61ba20f3-a7e3-412a-8239-85482ccf05fa","subtype":"Figure","type":"Plot"}},"id":"7a32578f-0fde-456e-b5a5-0c7507869a4a","type":"HelpTool"},{"attributes":{"plot":{"id":"124f954d-b213-4722-a556-fa8aa5fa0b84","subtype":"Figure","type":"Plot"}},"id":"d0987913-1241-4df4-9993-10bb56f67252","type":"PreviewSaveTool"},{"attributes":{},"id":"9f729029-af4a-4b74-8b5e-396e18cddb53","type":"YearsTicker"},{"attributes":{},"id":"e80a8b01-3eff-450f-846b-44a359cb6752","type":"ToolEvents"},{"attributes":{"max_interval":500.0,"num_minor_ticks":0},"id":"7ea4d20b-1eb7-4ae5-9371-04c078084a23","type":"AdaptiveTicker"},{"attributes":{"dh":{"field":"dh","units":"data"},"dw":{"field":"dw","units":"data"},"image":{"field":"image"},"x":{"field":"x"},"y":{"field":"y"}},"id":"467c5971-6964-48ba-bed8-fb90bacdcb39","type":"ImageRGBA"},{"attributes":{"overlay":{"id":"1da53aac-42b8-4a26-b92e-60e445f18dfa","type":"BoxAnnotation"},"plot":{"id":"61ba20f3-a7e3-412a-8239-85482ccf05fa","subtype":"Figure","type":"Plot"}},"id":"067b3c05-1823-438b-8b53-68b3a35e4f06","type":"BoxZoomTool"},{"attributes":{"children":[{"id":"124f954d-b213-4722-a556-fa8aa5fa0b84","subtype":"Figure","type":"Plot"},{"id":"61ba20f3-a7e3-412a-8239-85482ccf05fa","subtype":"Figure","type":"Plot"}]},"id":"a8fac484-b37c-4f56-b5a3-70f0b361757b","type":"HBox"},{"attributes":{"num_minor_ticks":5},"id":"b91917ea-4870-4ec0-b552-58d6b6707a2d","type":"DatetimeTicker"},{"attributes":{"plot":{"id":"124f954d-b213-4722-a556-fa8aa5fa0b84","subtype":"Figure","type":"Plot"}},"id":"4290e608-3969-4ab9-9a44-066ab82fca41","type":"PanTool"},{"attributes":{"plot":{"id":"124f954d-b213-4722-a556-fa8aa5fa0b84","subtype":"Figure","type":"Plot"}},"id":"11b5e9c9-4ae4-4888-96a8-b3c5b0e740c9","type":"WheelZoomTool"},{"attributes":{"plot":{"id":"61ba20f3-a7e3-412a-8239-85482ccf05fa","subtype":"Figure","type":"Plot"}},"id":"eb429d0b-18d8-4cdf-ba90-996fdb9f73b2","type":"PreviewSaveTool"},{"attributes":{"base":24,"mantissas":[1,2,4,6,8,12],"max_interval":43200000.0,"min_interval":3600000.0,"num_minor_ticks":0},"id":"bcb00d48-301f-42e0-b9f1-d51354e8eb9e","type":"AdaptiveTicker"},{"attributes":{"data_source":{"id":"7c00a4e3-5042-4b81-9958-043e3ed709ea","type":"ColumnDataSource"},"glyph":{"id":"3c8a1fbc-fe47-4105-8996-f33871b5b786","type":"ImageRGBA"},"hover_glyph":null,"nonselection_glyph":{"id":"467c5971-6964-48ba-bed8-fb90bacdcb39","type":"ImageRGBA"},"selection_glyph":null},"id":"22ddb292-fa2e-4ea3-85ba-636437ff47dd","type":"GlyphRenderer"},{"attributes":{"plot":{"id":"61ba20f3-a7e3-412a-8239-85482ccf05fa","subtype":"Figure","type":"Plot"},"ticker":{"id":"b91917ea-4870-4ec0-b552-58d6b6707a2d","type":"DatetimeTicker"}},"id":"e344128a-c990-4bdd-a800-9a6baa4fe8ce","type":"Grid"},{"attributes":{"bottom_units":"screen","fill_alpha":{"value":0.5},"fill_color":{"value":"lightgrey"},"left_units":"screen","level":"overlay","line_alpha":{"value":1.0},"line_color":{"value":"black"},"line_dash":[4,4],"line_width":{"value":2},"plot":null,"render_mode":"css","right_units":"screen","top_units":"screen"},"id":"31263275-ae2a-486f-8c2c-36eb40f4990a","type":"BoxAnnotation"},{"attributes":{"plot":{"id":"124f954d-b213-4722-a556-fa8aa5fa0b84","subtype":"Figure","type":"Plot"}},"id":"c4f04e3e-3ee9-406d-9f5e-5e65642328f3","type":"ResetTool"},{"attributes":{"plot":{"id":"61ba20f3-a7e3-412a-8239-85482ccf05fa","subtype":"Figure","type":"Plot"}},"id":"03c9a685-fc15-479b-a6be-9063e3f561b3","type":"PanTool"},{"attributes":{"below":[{"id":"a666b0bb-3e73-431b-a892-55702ef0ac26","type":"LinearAxis"}],"left":[{"id":"84b17bb0-0de2-4bed-9682-58510b4fda96","type":"LogAxis"}],"plot_width":150,"renderers":[{"id":"a666b0bb-3e73-431b-a892-55702ef0ac26","type":"LinearAxis"},{"id":"99c9a71e-6b91-44aa-b171-1d7279316d1d","type":"Grid"},{"id":"84b17bb0-0de2-4bed-9682-58510b4fda96","type":"LogAxis"},{"id":"2a06b7b4-4348-4e31-85aa-f50612996ca1","type":"Grid"},{"id":"31263275-ae2a-486f-8c2c-36eb40f4990a","type":"BoxAnnotation"},{"id":"edba51e9-55b9-4cc4-bb26-b94847b194b4","type":"GlyphRenderer"}],"tool_events":{"id":"e80a8b01-3eff-450f-846b-44a359cb6752","type":"ToolEvents"},"toolbar_location":null,"tools":[{"id":"4290e608-3969-4ab9-9a44-066ab82fca41","type":"PanTool"},{"id":"11b5e9c9-4ae4-4888-96a8-b3c5b0e740c9","type":"WheelZoomTool"},{"id":"fe94b895-61b8-4534-b8f9-dedbfddbcbdd","type":"BoxZoomTool"},{"id":"d0987913-1241-4df4-9993-10bb56f67252","type":"PreviewSaveTool"},{"id":"e583dcea-e56c-4204-8de1-b8e54794d957","type":"ResizeTool"},{"id":"c4f04e3e-3ee9-406d-9f5e-5e65642328f3","type":"ResetTool"},{"id":"83512054-17dd-464d-b816-864aeb8ac801","type":"HelpTool"}],"x_range":{"id":"2dfdeca6-36e5-48a1-9ca2-ca3a97ea98ac","type":"DataRange1d"},"y_mapper_type":"log","y_range":{"id":"c2c2b585-3d67-4cf5-aa23-e2bc00856a66","type":"Range1d"}},"id":"124f954d-b213-4722-a556-fa8aa5fa0b84","subtype":"Figure","type":"Plot"},{"attributes":{"dh":{"field":"dh","units":"data"},"dw":{"field":"dw","units":"data"},"image":{"field":"image"},"x":{"field":"x"},"y":{"field":"y"}},"id":"3c8a1fbc-fe47-4105-8996-f33871b5b786","type":"ImageRGBA"},{"attributes":{"overlay":{"id":"31263275-ae2a-486f-8c2c-36eb40f4990a","type":"BoxAnnotation"},"plot":{"id":"124f954d-b213-4722-a556-fa8aa5fa0b84","subtype":"Figure","type":"Plot"}},"id":"fe94b895-61b8-4534-b8f9-dedbfddbcbdd","type":"BoxZoomTool"},{"attributes":{"formatter":{"id":"e5e0528f-23f9-44a6-ab2e-3c591b82b31e","type":"BasicTickFormatter"},"plot":{"id":"124f954d-b213-4722-a556-fa8aa5fa0b84","subtype":"Figure","type":"Plot"},"ticker":{"id":"9775bf04-7eb0-4b17-8bd7-3086985d02b2","type":"BasicTicker"},"visible":false},"id":"a666b0bb-3e73-431b-a892-55702ef0ac26","type":"LinearAxis"},{"attributes":{},"id":"12fcbebd-2139-4b23-8f83-b73733f7d559","type":"ToolEvents"},{"attributes":{"dimension":1,"plot":{"id":"124f954d-b213-4722-a556-fa8aa5fa0b84","subtype":"Figure","type":"Plot"},"ticker":{"id":"65e8f046-21a9-4829-8ce3-c7ec170ac3fa","type":"LogTicker"}},"id":"2a06b7b4-4348-4e31-85aa-f50612996ca1","type":"Grid"},{"attributes":{"below":[{"id":"ec7b27e1-a66b-46df-8b52-473718c40a04","type":"DatetimeAxis"}],"left":[{"id":"ec8e741f-21fb-435d-9b26-2ba6e523693b","type":"LogAxis"}],"logo":null,"plot_width":800,"renderers":[{"id":"ec7b27e1-a66b-46df-8b52-473718c40a04","type":"DatetimeAxis"},{"id":"e344128a-c990-4bdd-a800-9a6baa4fe8ce","type":"Grid"},{"id":"ec8e741f-21fb-435d-9b26-2ba6e523693b","type":"LogAxis"},{"id":"8f5a1bcb-0073-4bf9-9add-1dc488eb69b6","type":"Grid"},{"id":"1da53aac-42b8-4a26-b92e-60e445f18dfa","type":"BoxAnnotation"},{"id":"22ddb292-fa2e-4ea3-85ba-636437ff47dd","type":"GlyphRenderer"}],"responsive":true,"title":"Hovmoller - Plymouth_Marine_Laboratory: Mass Concentration of Chlorophyll a in Sea Water","title_text_font_size":{"value":"14pt"},"tool_events":{"id":"12fcbebd-2139-4b23-8f83-b73733f7d559","type":"ToolEvents"},"tools":[{"id":"03c9a685-fc15-479b-a6be-9063e3f561b3","type":"PanTool"},{"id":"ffa66690-a9d2-4958-b8ae-3954c5eb7eab","type":"WheelZoomTool"},{"id":"067b3c05-1823-438b-8b53-68b3a35e4f06","type":"BoxZoomTool"},{"id":"eb429d0b-18d8-4cdf-ba90-996fdb9f73b2","type":"PreviewSaveTool"},{"id":"2315d6bb-ad1f-4678-b5eb-1e5476232074","type":"ResizeTool"},{"id":"d3bb28b8-f135-46e6-901c-2c92ba4914e5","type":"ResetTool"},{"id":"7a32578f-0fde-456e-b5a5-0c7507869a4a","type":"HelpTool"},{"id":"9b47a9d5-37a3-42e2-91b3-19dfbc466b56","type":"CrosshairTool"}],"x_range":{"id":"1c299572-b496-4b02-b0f7-ada4a4556f5e","type":"Range1d"},"y_mapper_type":"log","y_range":{"id":"ba780616-e973-41e6-8abc-9729f73588f5","type":"Range1d"}},"id":"61ba20f3-a7e3-412a-8239-85482ccf05fa","subtype":"Figure","type":"Plot"},{"attributes":{"days":[1,4,7,10,13,16,19,22,25,28]},"id":"05f168c9-2bd9-41e4-8692-ae6190c66b3a","type":"DaysTicker"},{"attributes":{"axis_label":"chlor_a Mass Concentration of Chlorophyll a in Sea Water (milligram m-3)","formatter":{"id":"afdd457e-3bbc-439c-96a9-21ef1836f1f7","type":"NumeralTickFormatter"},"plot":{"id":"124f954d-b213-4722-a556-fa8aa5fa0b84","subtype":"Figure","type":"Plot"},"ticker":{"id":"65e8f046-21a9-4829-8ce3-c7ec170ac3fa","type":"LogTicker"}},"id":"84b17bb0-0de2-4bed-9682-58510b4fda96","type":"LogAxis"},{"attributes":{"plot":{"id":"61ba20f3-a7e3-412a-8239-85482ccf05fa","subtype":"Figure","type":"Plot"}},"id":"ffa66690-a9d2-4958-b8ae-3954c5eb7eab","type":"WheelZoomTool"},{"attributes":{},"id":"cc21674e-d5c7-49fa-af4f-e6b2c3bec92f","type":"DatetimeTickFormatter"},{"attributes":{"axis_label":"Date","axis_label_text_font_size":{"value":"10pt"},"formatter":{"id":"cc21674e-d5c7-49fa-af4f-e6b2c3bec92f","type":"DatetimeTickFormatter"},"plot":{"id":"61ba20f3-a7e3-412a-8239-85482ccf05fa","subtype":"Figure","type":"Plot"},"ticker":{"id":"b91917ea-4870-4ec0-b552-58d6b6707a2d","type":"DatetimeTicker"}},"id":"ec7b27e1-a66b-46df-8b52-473718c40a04","type":"DatetimeAxis"},{"attributes":{"days":[1,15]},"id":"001a43ce-a0cb-491a-ba98-535428bdc26a","type":"DaysTicker"},{"attributes":{"plot":{"id":"61ba20f3-a7e3-412a-8239-85482ccf05fa","subtype":"Figure","type":"Plot"}},"id":"d3bb28b8-f135-46e6-901c-2c92ba4914e5","type":"ResetTool"},{"attributes":{"plot":{"id":"124f954d-b213-4722-a556-fa8aa5fa0b84","subtype":"Figure","type":"Plot"}},"id":"e583dcea-e56c-4204-8de1-b8e54794d957","type":"ResizeTool"},{"attributes":{"callback":null,"end":4.00833749771,"start":0.444981127977},"id":"c2c2b585-3d67-4cf5-aa23-e2bc00856a66","type":"Range1d"},{"attributes":{"plot":{"id":"61ba20f3-a7e3-412a-8239-85482ccf05fa","subtype":"Figure","type":"Plot"}},"id":"2315d6bb-ad1f-4678-b5eb-1e5476232074","type":"ResizeTool"},{"attributes":{"months":[0,2,4,6,8,10]},"id":"1f52e8f5-a850-4333-b411-58d1bd31feee","type":"MonthsTicker"},{"attributes":{"months":[0,6]},"id":"3e74bccd-cf13-4276-bf10-d740fb7fd73c","type":"MonthsTicker"},{"attributes":{"dilate":true,"fill_alpha":{"value":0.1},"fill_color":{"value":"#1f77b4"},"height":{"field":"heights","units":"data"},"line_alpha":{"value":0.1},"line_color":{"value":"#1f77b4"},"width":{"units":"data","value":1},"x":{"value":0.5},"y":{"field":"value"}},"id":"92e1509f-1fc4-48a7-a51e-dae1961f94bf","type":"Rect"}],"root_ids":["a8fac484-b37c-4f56-b5a3-70f0b361757b"]},"title":"Bokeh Application","version":"0.11.1"}};
            var render_items = [{"docid":"c0d85ecf-4e72-4fe8-8351-89ed80ccd8b5","elementid":"1be95a7f-c789-45d6-942d-266400e82a1d","modelid":"a8fac484-b37c-4f56-b5a3-70f0b361757b"}];
            
            Bokeh.embed.embed_items(docs_json, render_items);
        });
        </script>
    </body>
</html>