{"plot": {"style": "boxfill/alg", "y2Axis": {"scale": "linear", "tickFormat": "auto", "ticks": "auto", "weight": "auto", "label": "Bias of Absorption Coefficient for Dissolved and Detrital Material at 412 Nm. (m-1)"}, "downloadTypes": [{"key": "csv", "label": "CSV"}, {"key": "png", "label": "PNG"}, {"key": "meta-data", "label": "Meta Data"}, {"key": "logos", "label": "Logos"}, {"key": "svg", "label": "SVG"}], "title": "Plymouth_Marine_Laboratory: Mass Concentration of Chlorophyll a in Sea Water / Plymouth_Marine_Laboratory: Bias of Absorption Coefficient for Dissolved and Detrital Material at 412 Nm.", "data": {"series": [{"data_source": {"layer_id": "chlor_a__Plymouth_Marine_Laboratory1", "threddsUrl": "https://rsg.pml.ac.uk/thredds/wcs/CCI_ALL-v3.0-5DAY", "t_bounds": ["2015-09-01", "2015-10-01"], "bbox": "-5.883,48.159,2.104,51.718", "coverage": "chlor_a"}, "yAxis": 0, "label": "1) Mass Concentration of Chlorophyll a in Sea Water - Plymouth Marine Laboratory", "handler": "OPEC_SERVICE_WCS", "meta": "Region: undefined<br>Confidence: undefined<br>Provider: Plymouth_Marine_Laboratory<br>Interval: 5DAY<br>Bounding Box: -5.883,48.159,2.104,51.718<br>", "type": "line"}, {"data_source": {"layer_id": "adg_412_bias__Plymouth_Marine_Laboratory1", "threddsUrl": "https://rsg.pml.ac.uk/thredds/wcs/CCI_ALL-v3.0-5DAY", "t_bounds": ["2015-09-01", "2015-10-01"], "bbox": "-5.883,48.159,2.104,51.718", "coverage": "adg_412_bias"}, "yAxis": 1, "label": "2) Bias of Absorption Coefficient for Dissolved and Detrital Material at 412 Nm. - Plymouth Marine Laboratory", "handler": "OPEC_SERVICE_WCS", "meta": "Region: undefined<br>Confidence: undefined<br>Provider: Plymouth_Marine_Laboratory<br>Interval: 5DAY<br>Bounding Box: -5.883,48.159,2.104,51.718<br>", "type": "line"}]}, "matchup_log": false, "xAxis": {"scale": "log", "tickFormat": "auto", "ticks": "auto", "weight": "auto", "label": "Mass Concentration of Chlorophyll a in Sea Water (milligram m-3)"}, "y1Axis": {"scale": "linear", "tickFormat": "auto", "ticks": "auto", "weight": "auto", "label": "Bias of Absorption Coefficient for Dissolved and Detrital Material at 412 Nm. (m-1)"}, "type": "scatter"}, "style": {"logos": []}}