{"job_id": "7fc2b7d48a3d45d0450a82e297b01bad002f50a1", "completed": true, "traceback": "", "csv_url": "http://127.0.0.1:6789/plots//7fc2b7d48a3d45d0450a82e297b01bad002f50a1.zip", "minutes_remaining": 0, "filename": "/local1/data/scratch/nik/GISportal/html/plots//7fc2b7d48a3d45d0450a82e297b01bad002f50a1-plot.html", "state": "complete", "percentage": 100, "csv": "/local1/data/scratch/nik/GISportal/html/plots//7fc2b7d48a3d45d0450a82e297b01bad002f50a1.zip", "message": "Complete"}