{"status": "success", "dir_name": "/local1/data/scratch/nik/GISportal/html/plots/", "palette": "alg", "y2Axis": {"scale": "linear", "tickFormat": "auto", "ticks": "auto", "weight": "auto", "label": "Bias of Absorption Coefficient for Dissolved and Detrital Material at 412 Nm. (m-1)"}, "xAxis": {"scale": "log", "tickFormat": "auto", "ticks": "auto", "weight": "auto", "label": "Mass Concentration of Chlorophyll a in Sea Water (milligram m-3)"}, "title": "Plymouth_Marine_Laboratory: Mass Concentration of Chlorophyll a in Sea Water / Plymouth_Marine_Laboratory: Bias of Absorption Coefficient for Dissolved and Detrital Material at 412 Nm.", "data": [{"data": [[-0.015223173424601555, 1.0896574258804321, "2015-08-29T00:00:00"], [-0.026700565591454506, 1.1269172430038452, "2015-09-03T00:00:00"], [-0.036139316856861115, 1.3538981676101685, "2015-09-08T00:00:00"], [-0.0489213801920414, 1.3518019914627075, "2015-09-13T00:00:00"], [-0.028334040194749832, 1.290969729423523, "2015-09-18T00:00:00"], [-0.03555021807551384, 1.3788038492202759, "2015-09-23T00:00:00"], [-0.014344708994030952, 1.6359325647354126, "2015-09-28T00:00:00"]], "cov_meta": {"y": {"wcs_url": "https://rsg.pml.ac.uk/thredds/wcs/CCI_ALL-v3.0-5DAY", "time_bounds": ["2015-09-01/2015-10-01"], "bbox": "-5.883,48.159,2.104,51.718", "coverage": "adg_412_bias"}, "x": {"wcs_url": "https://rsg.pml.ac.uk/thredds/wcs/CCI_ALL-v3.0-5DAY", "time_bounds": ["2015-09-01/2015-10-01"], "bbox": "-5.883,48.159,2.104,51.718", "coverage": "chlor_a"}}, "order": ["adg_412_bias", "chlor_a", "Time"]}], "req_hash": "7fc2b7d48a3d45d0450a82e297b01bad002f50a1", "matchup_log": false, "req_id": "149312312416906", "y1Axis": {"scale": "linear", "tickFormat": "auto", "ticks": "auto", "weight": "auto", "label": "Bias of Absorption Coefficient for Dissolved and Detrital Material at 412 Nm. (m-1)"}, "type": "scatter"}