
<!DOCTYPE html>
<html lang="en">
    <head>
        <meta charset="utf-8">
        <title>Scatter Plot</title>
        
<link rel="stylesheet" href="https://cdn.pydata.org/bokeh/release/bokeh-0.11.1.min.css" type="text/css" />
        
<script type="text/javascript" src="https://cdn.pydata.org/bokeh/release/bokeh-0.11.1.min.js"></script>
<script type="text/javascript">
    Bokeh.set_log_level("info");
</script>
    </head>
    <body>
        
        <div class="plotdiv" id="ba4a0c85-e3e4-4d77-b6f9-fdc222a0453d"></div>
        
        <script type="text/javascript">
            Bokeh.$(function() {
            var docs_json = {"9b7e77db-f51d-49a9-ae47-ee7ba9a752c3":{"roots":{"references":[{"attributes":{"plot":{"id":"a1bf973c-2622-4df0-adab-16083f8f24f1","subtype":"Figure","type":"Plot"}},"id":"bf07b5d6-f999-4728-bd15-ab552e09696f","type":"PreviewSaveTool"},{"attributes":{"line_color":{"value":"#1f77b4"},"x":{"field":"x"},"y":{"field":"y"}},"id":"9bcd2af4-f571-4818-a340-ad9137702f13","type":"Line"},{"attributes":{"plot":{"id":"a1bf973c-2622-4df0-adab-16083f8f24f1","subtype":"Figure","type":"Plot"}},"id":"4e0bb7f5-b82f-4c9a-b49a-1b78ffa83a05","type":"WheelZoomTool"},{"attributes":{"below":[{"id":"f529f580-42b5-4d46-9f5a-361dd722fe6f","type":"LogAxis"}],"left":[{"id":"fa01b984-8dc9-45a5-8662-2b7d2ba51cc5","type":"LinearAxis"}],"logo":null,"plot_height":400,"plot_width":800,"renderers":[{"id":"f529f580-42b5-4d46-9f5a-361dd722fe6f","type":"LogAxis"},{"id":"5f2f24b5-586e-4bce-9c3e-5f200663ccd6","type":"Grid"},{"id":"fa01b984-8dc9-45a5-8662-2b7d2ba51cc5","type":"LinearAxis"},{"id":"ea79a763-16bd-4a23-91a0-edf7364e9f2c","type":"Grid"},{"id":"f33d2550-e41c-4b67-89d8-e4e2059f2051","type":"BoxAnnotation"},{"id":"752ab94c-7564-4338-8c04-5ed4bf4d503d","type":"GlyphRenderer"},{"id":"96aff747-09b9-4095-9ddf-11f3f125cf05","type":"GlyphRenderer"}],"responsive":true,"title":"Plymouth_Marine_Laboratory: Mass Concentration of Chlorophyll a in Sea Water / Plymouth_Marine_Laboratory: Bias of Absorption Coefficient for Dissolved and Detrital Material at 412 Nm.","title_text_font_size":{"value":"14pt"},"tool_events":{"id":"4789065c-01bf-4a8f-abc4-d64d07be93b2","type":"ToolEvents"},"tools":[{"id":"741bb54b-bdf6-4b77-8d01-f4395778fb8a","type":"PanTool"},{"id":"4e0bb7f5-b82f-4c9a-b49a-1b78ffa83a05","type":"WheelZoomTool"},{"id":"053b908f-d9dc-4f97-8417-c661c4bb735d","type":"BoxZoomTool"},{"id":"bf07b5d6-f999-4728-bd15-ab552e09696f","type":"PreviewSaveTool"},{"id":"54a02aa3-cce3-483f-bdc5-729ea95d5f6f","type":"ResizeTool"},{"id":"d798f174-fda7-4943-980b-75760b318f84","type":"ResetTool"},{"id":"9361be82-91aa-4bc0-8939-5a5dd1f16570","type":"HelpTool"},{"id":"093815b1-35e1-4730-8956-de4e4b5d0d7d","type":"HoverTool"},{"id":"7a276c6c-9fb1-47e7-b9c7-6310449a13e9","type":"HoverTool"}],"x_mapper_type":"log","x_range":{"id":"44fe2336-3743-46f2-88e7-85e43ba8fff9","type":"DataRange1d"},"y_range":{"id":"f3c807b2-b018-4cb1-8006-9712ee087c4b","type":"DataRange1d"}},"id":"a1bf973c-2622-4df0-adab-16083f8f24f1","subtype":"Figure","type":"Plot"},{"attributes":{},"id":"6106a43d-b787-4ebb-a4d2-1c98782ccc5d","type":"BasicTickFormatter"},{"attributes":{"data_source":{"id":"beb5737a-fac4-42f7-8787-5cde796471dc","type":"ColumnDataSource"},"glyph":{"id":"e1eade7e-aabf-44bc-81c0-1319f8d97366","type":"Circle"},"hover_glyph":null,"nonselection_glyph":{"id":"1cc3b8d1-5673-4b7e-89f5-5a4e7b88f985","type":"Circle"},"selection_glyph":null},"id":"752ab94c-7564-4338-8c04-5ed4bf4d503d","type":"GlyphRenderer"},{"attributes":{"line_alpha":{"value":0.1},"line_color":{"value":"#1f77b4"},"x":{"field":"x"},"y":{"field":"y"}},"id":"0482f7fd-cb08-4455-b788-53e33eb97fc1","type":"Line"},{"attributes":{"ticker":null},"id":"66b10910-ce2b-43de-8edf-c8fbbe70fe78","type":"LogTickFormatter"},{"attributes":{"callback":null},"id":"44fe2336-3743-46f2-88e7-85e43ba8fff9","type":"DataRange1d"},{"attributes":{"plot":{"id":"a1bf973c-2622-4df0-adab-16083f8f24f1","subtype":"Figure","type":"Plot"}},"id":"54a02aa3-cce3-483f-bdc5-729ea95d5f6f","type":"ResizeTool"},{"attributes":{"plot":{"id":"a1bf973c-2622-4df0-adab-16083f8f24f1","subtype":"Figure","type":"Plot"},"ticker":{"id":"5f6ea2f4-87c1-4cbc-b018-faa14b8acabe","type":"LogTicker"}},"id":"5f2f24b5-586e-4bce-9c3e-5f200663ccd6","type":"Grid"},{"attributes":{"callback":null,"column_names":["y","x","sdate","date"],"data":{"date":[1440806400000,1441238400000,1441670400000,1442102400000,1442534400000,1442966400000,1443398400000],"sdate":["2015-08-29T00:00:00","2015-09-03T00:00:00","2015-09-08T00:00:00","2015-09-13T00:00:00","2015-09-18T00:00:00","2015-09-23T00:00:00","2015-09-28T00:00:00"],"x":[1.0896574258804321,1.1269172430038452,1.3538981676101685,1.3518019914627075,1.290969729423523,1.3788038492202759,1.6359325647354126],"y":[-0.015223173424601555,-0.026700565591454506,-0.036139316856861115,-0.0489213801920414,-0.028334040194749832,-0.03555021807551384,-0.014344708994030952]}},"id":"beb5737a-fac4-42f7-8787-5cde796471dc","type":"ColumnDataSource"},{"attributes":{"callback":null},"id":"f3c807b2-b018-4cb1-8006-9712ee087c4b","type":"DataRange1d"},{"attributes":{"fill_alpha":{"value":0.1},"fill_color":{"value":"#1f77b4"},"line_alpha":{"value":0.1},"line_color":{"value":"#1f77b4"},"size":{"units":"screen","value":10},"x":{"field":"x"},"y":{"field":"y"}},"id":"1cc3b8d1-5673-4b7e-89f5-5a4e7b88f985","type":"Circle"},{"attributes":{"num_minor_ticks":10},"id":"5f6ea2f4-87c1-4cbc-b018-faa14b8acabe","type":"LogTicker"},{"attributes":{"dimension":1,"plot":{"id":"a1bf973c-2622-4df0-adab-16083f8f24f1","subtype":"Figure","type":"Plot"},"ticker":{"id":"8ed1cb2a-3f07-4b30-a37e-10e17b5054f9","type":"BasicTicker"}},"id":"ea79a763-16bd-4a23-91a0-edf7364e9f2c","type":"Grid"},{"attributes":{"plot":{"id":"a1bf973c-2622-4df0-adab-16083f8f24f1","subtype":"Figure","type":"Plot"}},"id":"9361be82-91aa-4bc0-8939-5a5dd1f16570","type":"HelpTool"},{"attributes":{"axis_label":"Bias of Absorption Coefficient for Dissolved and Detrital Material at 412 Nm. (m-1)","axis_label_text_font_size":{"value":"10pt"},"formatter":{"id":"6106a43d-b787-4ebb-a4d2-1c98782ccc5d","type":"BasicTickFormatter"},"plot":{"id":"a1bf973c-2622-4df0-adab-16083f8f24f1","subtype":"Figure","type":"Plot"},"ticker":{"id":"8ed1cb2a-3f07-4b30-a37e-10e17b5054f9","type":"BasicTicker"}},"id":"fa01b984-8dc9-45a5-8662-2b7d2ba51cc5","type":"LinearAxis"},{"attributes":{"bottom_units":"screen","fill_alpha":{"value":0.5},"fill_color":{"value":"lightgrey"},"left_units":"screen","level":"overlay","line_alpha":{"value":1.0},"line_color":{"value":"black"},"line_dash":[4,4],"line_width":{"value":2},"plot":null,"render_mode":"css","right_units":"screen","top_units":"screen"},"id":"f33d2550-e41c-4b67-89d8-e4e2059f2051","type":"BoxAnnotation"},{"attributes":{"callback":null,"line_policy":"interp","plot":{"id":"a1bf973c-2622-4df0-adab-16083f8f24f1","subtype":"Figure","type":"Plot"},"renderers":[{"id":"96aff747-09b9-4095-9ddf-11f3f125cf05","type":"GlyphRenderer"}],"tooltips":"Slope: -0.001<br>Intercept: -0.027<br>R<sup>2</sup>: 0.000"},"id":"093815b1-35e1-4730-8956-de4e4b5d0d7d","type":"HoverTool"},{"attributes":{"axis_label":"Mass Concentration of Chlorophyll a in Sea Water (milligram m-3)","axis_label_text_font_size":{"value":"10pt"},"formatter":{"id":"66b10910-ce2b-43de-8edf-c8fbbe70fe78","type":"LogTickFormatter"},"plot":{"id":"a1bf973c-2622-4df0-adab-16083f8f24f1","subtype":"Figure","type":"Plot"},"ticker":{"id":"5f6ea2f4-87c1-4cbc-b018-faa14b8acabe","type":"LogTicker"}},"id":"f529f580-42b5-4d46-9f5a-361dd722fe6f","type":"LogAxis"},{"attributes":{},"id":"8ed1cb2a-3f07-4b30-a37e-10e17b5054f9","type":"BasicTicker"},{"attributes":{"plot":{"id":"a1bf973c-2622-4df0-adab-16083f8f24f1","subtype":"Figure","type":"Plot"}},"id":"741bb54b-bdf6-4b77-8d01-f4395778fb8a","type":"PanTool"},{"attributes":{"overlay":{"id":"f33d2550-e41c-4b67-89d8-e4e2059f2051","type":"BoxAnnotation"},"plot":{"id":"a1bf973c-2622-4df0-adab-16083f8f24f1","subtype":"Figure","type":"Plot"}},"id":"053b908f-d9dc-4f97-8417-c661c4bb735d","type":"BoxZoomTool"},{"attributes":{},"id":"4789065c-01bf-4a8f-abc4-d64d07be93b2","type":"ToolEvents"},{"attributes":{"data_source":{"id":"7807e1c9-bffd-4200-aa79-c79203b5a0aa","type":"ColumnDataSource"},"glyph":{"id":"9bcd2af4-f571-4818-a340-ad9137702f13","type":"Line"},"hover_glyph":null,"nonselection_glyph":{"id":"0482f7fd-cb08-4455-b788-53e33eb97fc1","type":"Line"},"selection_glyph":null},"id":"96aff747-09b9-4095-9ddf-11f3f125cf05","type":"GlyphRenderer"},{"attributes":{"fill_alpha":{"value":0.5},"fill_color":{"value":"red"},"line_alpha":{"value":0},"line_color":{"value":"red"},"size":{"units":"screen","value":10},"x":{"field":"x"},"y":{"field":"y"}},"id":"e1eade7e-aabf-44bc-81c0-1319f8d97366","type":"Circle"},{"attributes":{"plot":{"id":"a1bf973c-2622-4df0-adab-16083f8f24f1","subtype":"Figure","type":"Plot"}},"id":"d798f174-fda7-4943-980b-75760b318f84","type":"ResetTool"},{"attributes":{"callback":null,"column_names":["y","x"],"data":{"x":[0.5433822870254517,2.182207703590393],"y":[-0.028247427652926684,-0.030507758616974308]}},"id":"7807e1c9-bffd-4200-aa79-c79203b5a0aa","type":"ColumnDataSource"},{"attributes":{"callback":null,"plot":{"id":"a1bf973c-2622-4df0-adab-16083f8f24f1","subtype":"Figure","type":"Plot"},"renderers":[{"id":"752ab94c-7564-4338-8c04-5ed4bf4d503d","type":"GlyphRenderer"}],"tooltips":[["Date","@sdate"],["chlor_a","@x{0.000}"],["adg_412_bias","@y{0.000}"]]},"id":"7a276c6c-9fb1-47e7-b9c7-6310449a13e9","type":"HoverTool"}],"root_ids":["a1bf973c-2622-4df0-adab-16083f8f24f1"]},"title":"Bokeh Application","version":"0.11.1"}};
            var render_items = [{"docid":"9b7e77db-f51d-49a9-ae47-ee7ba9a752c3","elementid":"ba4a0c85-e3e4-4d77-b6f9-fdc222a0453d","modelid":"a1bf973c-2622-4df0-adab-16083f8f24f1"}];
            
            Bokeh.embed.embed_items(docs_json, render_items);
        });
        </script>
    </body>
</html>