{"job_id": "f270ebf53f3d02c8506d6ab7181e0e99ddcd2369", "completed": true, "traceback": "", "csv_url": "http://127.0.0.1:6789/plots//f270ebf53f3d02c8506d6ab7181e0e99ddcd2369.zip", "minutes_remaining": 0, "filename": "/local1/data/scratch/nik/GISportal/html/plots//f270ebf53f3d02c8506d6ab7181e0e99ddcd2369-plot.html", "state": "complete", "percentage": 100, "csv": "/local1/data/scratch/nik/GISportal/html/plots//f270ebf53f3d02c8506d6ab7181e0e99ddcd2369.zip", "message": "Complete"}