{"plot": {"style": "boxfill/alg", "downloadTypes": [{"key": "csv", "label": "CSV"}, {"key": "png", "label": "PNG"}, {"key": "meta-data", "label": "Meta Data"}, {"key": "logos", "label": "Logos"}, {"key": "svg", "label": "SVG"}], "title": "Plymouth_Marine_Laboratory: Mass Concentration of Chlorophyll a in Sea Water", "data": {"series": [{"data_source": {"layer_id": "chlor_a__Plymouth_Marine_Laboratory1", "graphYAxis": "Time", "threddsUrl": "https://rsg.pml.ac.uk/thredds/wcs/CCI_ALL-v3.0-5DAY", "t_bounds": ["2015-09-01", "2015-10-01"], "graphXAxis": "Lon", "graphZAxis": "chlor_a", "bbox": "-5.883,48.159,2.104,51.718", "coverage": "chlor_a"}, "yAxis": 1, "label": "1) Mass Concentration of Chlorophyll a in Sea Water - Plymouth Marine Laboratory", "handler": "OPEC_SERVICE_WCS", "meta": "Region: undefined<br>Confidence: undefined<br>Provider: Plymouth_Marine_Laboratory<br>Interval: 5DAY<br>Bounding Box: -5.883,48.159,2.104,51.718<br>", "type": "line"}]}, "matchup_log": false, "xAxis": {"scale": "linear", "tickFormat": ",.2f", "ticks": "auto", "weight": "auto", "label": "Date/Time"}, "y1Axis": {"scale": "log", "tickFormat": "auto", "ticks": "auto", "weight": "auto", "label": "Mass Concentration of Chlorophyll a in Sea Water (milligram m-3)"}, "type": "hovmollerLon"}, "style": {"logos": []}}