<!DOCTYPE html><html lang="en-US"><body><div id="plot"><video controls><source src="plots/cd1ae320a55777f114ee6177bd409728c0954716-video.mp4" type="video/mp4"/><source src="plots/cd1ae320a55777f114ee6177bd409728c0954716-video.webm" type="video/webm"></video></div></body></html>