{"plot":{"type":"animation","title":"Plymouth_Marine_Laboratory: Mass Concentration of Chlorophyll a in Sea Water","style":"boxfill/alg","downloadTypes":[{"key":"csv","label":"CSV"},{"key":"png","label":"PNG"},{"key":"meta-data","label":"Meta Data"},{"key":"logos","label":"Logos"},{"key":"svg","label":"SVG"}],"matchup_log":false,"framerate":1,"xAxis":{"scale":"linear","label":"Date/Time","ticks":"auto","weight":"auto","tickFormat":",.2f"},"y1Axis":{"scale":"log","label":"Mass Concentration of Chlorophyll a in Sea Water (milligram m-3)","ticks":"auto","weight":"auto","tickFormat":"auto"},"data":{"series":[{"handler":"OPEC_SERVICE_WCS","data_source":{"coverage":"chlor_a","layer_id":"chlor_a__Plymouth_Marine_Laboratory2","t_bounds":["2015-11-01","2015-12-01"],"bbox":"-179.9791717529297,-89.97916412353516,179.9791717529297,89.97916412353516","threddsUrl":"https://rsg.pml.ac.uk/thredds/wcs/CCI_ALL-v3.0-MONTHLY","wmsUrl":"https://rsg.pml.ac.uk/thredds/wms/CCI_ALL-v3.0-MONTHLY?","wmsParams":{"LAYERS":"chlor_a","TRANSPARENT":true,"wrapDateLine":true,"SRS":"EPSG:4326","VERSION":"1.1.1","STYLES":"boxfill/alg","NUMCOLORBANDS":255,"time":"2015-12-01T00:00:00.000Z","colorscalerange":"0.01,67","logscale":true},"timesSlices":["2015-11-01T00:00:00.000Z","2015-12-01T00:00:00.000Z"]},"label":"1) Mass Concentration of Chlorophyll a in Sea Water - Plymouth Marine Laboratory","yAxis":1,"type":"line","meta":"Region: undefined<br>Confidence: undefined<br>Provider: Plymouth_Marine_Laboratory<br>Interval: undefined<br>Bounding Box: -179.9791717529297,-89.97916412353516,179.9791717529297,89.97916412353516<br>"}]}},"style":{"logos":[]}}