{"job_id":"cd1ae320a55777f114ee6177bd409728c0954716","completed":true,"message":"","traceback":"","state":"complete","percentage":100,"minutes_remaining":0}