{"job_id":"e5f991c76bd84a354a6f23870eb6d74886d62bf6","completed":true,"message":"","traceback":"","state":"complete","percentage":100,"minutes_remaining":0}