<!DOCTYPE html><html lang="en-US"><body><div id="plot"><video controls><source src="/plots/e5f991c76bd84a354a6f23870eb6d74886d62bf6-video.mp4" type="video/mp4"/><source src="/plots/e5f991c76bd84a354a6f23870eb6d74886d62bf6-video.webm" type="video/webm"></video></div></body></html>