{"job_id": "22c61d157b8a6e458f87869ff75bcda84c52e9d1", "completed": true, "traceback": "", "csv_url": "http://127.0.0.1:6789/plots//22c61d157b8a6e458f87869ff75bcda84c52e9d1.zip", "minutes_remaining": 0, "filename": "/local1/data/scratch/nik/GISportal/html/plots//22c61d157b8a6e458f87869ff75bcda84c52e9d1-plot.html", "state": "complete", "percentage": 100, "csv": "/local1/data/scratch/nik/GISportal/html/plots//22c61d157b8a6e458f87869ff75bcda84c52e9d1.zip", "message": "Complete"}