
<!DOCTYPE html>
<html lang="en-US">

<body>
<div id="plot">
    
<script type="text/javascript">
    Bokeh.$(function() {
    var docs_json = {"50c7e688-a2b4-42e0-936c-65eebffa8a0c":{"roots":{"references":[{"attributes":{"fill_alpha":{"value":0.1},"fill_color":{"value":"#1f77b4"},"line_alpha":{"value":0.1},"line_color":{"value":"#1f77b4"},"x":{"field":"x"},"y":{"field":"y"}},"id":"cf633e42-6f78-474f-bf9c-2235b326ce80","type":"Patch"},{"attributes":{},"id":"55a62310-39b6-4d23-9751-09f125fede0a","type":"YearsTicker"},{"attributes":{"data_source":{"id":"04d78034-96e3-4878-907d-89caf3d2b8f3","type":"ColumnDataSource"},"glyph":{"id":"a8beafdc-618b-4726-95f3-af2b882d3c59","type":"MultiLine"},"hover_glyph":null,"nonselection_glyph":{"id":"e8c638a5-16fd-44d6-9e45-e233a2440417","type":"MultiLine"},"selection_glyph":null},"id":"a8a41129-cc0b-49d4-924a-396428f601ce","type":"GlyphRenderer"},{"attributes":{"base":60,"mantissas":[1,2,5,10,15,20,30],"max_interval":1800000.0,"min_interval":1000.0,"num_minor_ticks":0},"id":"8694f5b8-201f-4ae5-bd23-6dadae97d8cf","type":"AdaptiveTicker"},{"attributes":{"fill_alpha":{"value":0.05},"fill_color":{"value":"#7570B3"},"line_alpha":{"value":0},"line_color":{"value":"#7570B3"},"x":{"field":"x"},"y":{"field":"y"}},"id":"f46c450a-b7ff-4d5d-a039-374934e26566","type":"Patch"},{"attributes":{"legends":[["Mean chlor_a",[{"id":"57b0a17a-c40f-4128-b9e2-52a15af1132d","type":"GlyphRenderer"}]]],"location":"top_left","plot":{"id":"400f54aa-183d-45d5-ae4f-e3425b624eba","subtype":"Figure","type":"Plot"}},"id":"ba6afcd9-a0ca-4165-9a93-a8eabcafaab2","type":"Legend"},{"attributes":{"callback":null,"column_names":["sdate","min","max","err_xs","err_ys","stderr","date","mean"],"data":{"date":[1440806400000,1441238400000,1441670400000,1442102400000,1442534400000,1442966400000,1443398400000],"err_xs":[[1440806400000,1440806400000],[1441238400000,1441238400000],[1441670400000,1441670400000],[1442102400000,1442102400000],[1442534400000,1442534400000],[1442966400000,1442966400000],[1443398400000,1443398400000]],"err_ys":[[0.504731982947,1.327917844057],[0.497684985399,1.241639465093],[0.4117633700330001,1.913524448867],[0.40570884942700003,1.792971789833],[0.34233403205699997,1.7324075698830002],[0.35615038871899996,1.8375985622409998],[0.6314747929619999,1.764296233658]],"max":["3.22222089767","3.52665734291","5.87497234344","5.26527023315","5.14844036102","6.51082706451","3.87331461906"],"mean":["0.916324913502","0.869662225246","1.16264390945","1.09934031963","1.03737080097","1.09687447548","1.19788551331"],"min":["0.474041193724","0.415177106857","0.530595183372","0.481752246618","0.430444717407","0.445584058762","0.546327650547"],"sdate":["2015-08-29T00:00:00","2015-09-03T00:00:00","2015-09-08T00:00:00","2015-09-13T00:00:00","2015-09-18T00:00:00","2015-09-23T00:00:00","2015-09-28T00:00:00"],"stderr":["0.411592930555","0.371977239847","0.750880539417","0.693631470203","0.695036768913","0.740724086761","0.566410720348"]}},"id":"04d78034-96e3-4878-907d-89caf3d2b8f3","type":"ColumnDataSource"},{"attributes":{"below":[{"id":"423b3ae3-9f45-47eb-9a71-4edd13c14b4f","type":"DatetimeAxis"}],"left":[{"id":"026a340f-1694-4151-8569-88e6b5a8c090","type":"LogAxis"}],"logo":null,"plot_height":400,"plot_width":1200,"renderers":[{"id":"423b3ae3-9f45-47eb-9a71-4edd13c14b4f","type":"DatetimeAxis"},{"id":"340899d0-754a-46f9-8300-ccc12edcb118","type":"Grid"},{"id":"026a340f-1694-4151-8569-88e6b5a8c090","type":"LogAxis"},{"id":"7e733343-a3bb-4f35-876f-ddfd8ea1f5d2","type":"Grid"},{"id":"171dcb08-6767-4215-b825-99d5f99fdd34","type":"BoxAnnotation"},{"id":"14555632-04b1-4c62-adbe-e8f0f8de703f","type":"GlyphRenderer"},{"id":"ba6afcd9-a0ca-4165-9a93-a8eabcafaab2","type":"Legend"},{"id":"57b0a17a-c40f-4128-b9e2-52a15af1132d","type":"GlyphRenderer"},{"id":"976c8f6a-d81d-4977-af49-5b6a6f52d110","type":"GlyphRenderer"},{"id":"a8a41129-cc0b-49d4-924a-396428f601ce","type":"GlyphRenderer"}],"responsive":true,"title":"Plymouth_Marine_Laboratory: Mass Concentration of Chlorophyll a in Sea Water","title_text_font_size":{"value":"14pt"},"tool_events":{"id":"bd70b77d-5375-40f7-8739-3fe5d5c26c9e","type":"ToolEvents"},"tools":[{"id":"96dac0bc-2ffe-401f-b63f-be8cf35fe545","type":"PanTool"},{"id":"7f899157-4746-4a31-8443-fff8fa0af771","type":"WheelZoomTool"},{"id":"f55a31fb-532a-461c-ad58-7c25aa9a1243","type":"BoxZoomTool"},{"id":"2566f40b-2826-49b4-8cb3-21b6caac651a","type":"PreviewSaveTool"},{"id":"df0ff038-ef40-4427-976e-5b80edfa6b6f","type":"ResizeTool"},{"id":"20c1ebde-8fc0-4104-b0eb-6e6f53683968","type":"ResetTool"},{"id":"57c3831a-f60b-4bbc-b1b7-824a957c7c19","type":"HelpTool"},{"id":"d60f59d3-8f86-4314-a44a-7c36badb4cc2","type":"CrosshairTool"},{"id":"fda8de7b-d884-41b0-8f53-8fc10a46be40","type":"HoverTool"}],"x_range":{"id":"72620759-fc91-4493-8cbb-508384c90e25","type":"DataRange1d"},"y_mapper_type":"log","y_range":{"id":"eff9da34-45b9-418d-9ff6-54c3696cb643","type":"Range1d"}},"id":"400f54aa-183d-45d5-ae4f-e3425b624eba","subtype":"Figure","type":"Plot"},{"attributes":{"line_color":{"value":"blue"},"x":{"field":"date"},"y":{"field":"mean"}},"id":"327d0810-2084-4da7-91c4-6d2a8bfd8bea","type":"Line"},{"attributes":{"callback":null,"end":1.9920839697075001,"start":0.2637745112165},"id":"eff9da34-45b9-418d-9ff6-54c3696cb643","type":"Range1d"},{"attributes":{"max_interval":500.0,"num_minor_ticks":0},"id":"7c7f07c2-3e3f-41f7-8375-71da73043ec3","type":"AdaptiveTicker"},{"attributes":{"months":[0,1,2,3,4,5,6,7,8,9,10,11]},"id":"770e4e6e-ad2b-49c2-b2d3-dbd023dfa85f","type":"MonthsTicker"},{"attributes":{"data_source":{"id":"9e62ff65-40fa-4dc3-bd03-34887a116356","type":"ColumnDataSource"},"glyph":{"id":"f46c450a-b7ff-4d5d-a039-374934e26566","type":"Patch"},"hover_glyph":null,"nonselection_glyph":{"id":"cf633e42-6f78-474f-bf9c-2235b326ce80","type":"Patch"},"selection_glyph":null},"id":"14555632-04b1-4c62-adbe-e8f0f8de703f","type":"GlyphRenderer"},{"attributes":{"axis_label":"Mass Concentration of Chlorophyll a in Sea Water (milligram m-3)","axis_label_text_font_size":{"value":"10pt"},"formatter":{"id":"05911fcc-fda8-47bd-8261-56d5ab95e4d5","type":"NumeralTickFormatter"},"plot":{"id":"400f54aa-183d-45d5-ae4f-e3425b624eba","subtype":"Figure","type":"Plot"},"ticker":{"id":"81bb4bb3-9d96-4242-ab00-59373c7062c7","type":"LogTicker"}},"id":"026a340f-1694-4151-8569-88e6b5a8c090","type":"LogAxis"},{"attributes":{"axis_label":"Date","axis_label_text_font_size":{"value":"10pt"},"formatter":{"id":"cf79bf76-d2be-4543-878f-660811ec182a","type":"DatetimeTickFormatter"},"plot":{"id":"400f54aa-183d-45d5-ae4f-e3425b624eba","subtype":"Figure","type":"Plot"},"ticker":{"id":"b38e579e-60fb-4a5a-a7bb-4b7470b07138","type":"DatetimeTicker"}},"id":"423b3ae3-9f45-47eb-9a71-4edd13c14b4f","type":"DatetimeAxis"},{"attributes":{"plot":{"id":"400f54aa-183d-45d5-ae4f-e3425b624eba","subtype":"Figure","type":"Plot"},"ticker":{"id":"b38e579e-60fb-4a5a-a7bb-4b7470b07138","type":"DatetimeTicker"}},"id":"340899d0-754a-46f9-8300-ccc12edcb118","type":"Grid"},{"attributes":{"days":[1,15]},"id":"3912aa32-a500-4e5b-960e-3d9bf3eed5e4","type":"DaysTicker"},{"attributes":{"plot":{"id":"400f54aa-183d-45d5-ae4f-e3425b624eba","subtype":"Figure","type":"Plot"}},"id":"20c1ebde-8fc0-4104-b0eb-6e6f53683968","type":"ResetTool"},{"attributes":{"base":24,"mantissas":[1,2,4,6,8,12],"max_interval":43200000.0,"min_interval":3600000.0,"num_minor_ticks":0},"id":"a07e124b-1f8a-4feb-8eff-5d2ae9286313","type":"AdaptiveTicker"},{"attributes":{"bottom_units":"screen","fill_alpha":{"value":0.5},"fill_color":{"value":"lightgrey"},"left_units":"screen","level":"overlay","line_alpha":{"value":1.0},"line_color":{"value":"black"},"line_dash":[4,4],"line_width":{"value":2},"plot":null,"render_mode":"css","right_units":"screen","top_units":"screen"},"id":"171dcb08-6767-4215-b825-99d5f99fdd34","type":"BoxAnnotation"},{"attributes":{"data_source":{"id":"04d78034-96e3-4878-907d-89caf3d2b8f3","type":"ColumnDataSource"},"glyph":{"id":"327d0810-2084-4da7-91c4-6d2a8bfd8bea","type":"Line"},"hover_glyph":null,"nonselection_glyph":{"id":"b69027ad-ceae-4568-b8ab-82a7feef9ab8","type":"Line"},"selection_glyph":null},"id":"57b0a17a-c40f-4128-b9e2-52a15af1132d","type":"GlyphRenderer"},{"attributes":{"format":"0.000"},"id":"05911fcc-fda8-47bd-8261-56d5ab95e4d5","type":"NumeralTickFormatter"},{"attributes":{"line_alpha":{"value":0.1},"line_color":{"value":"#1f77b4"},"x":{"field":"date"},"y":{"field":"mean"}},"id":"b69027ad-ceae-4568-b8ab-82a7feef9ab8","type":"Line"},{"attributes":{"plot":{"id":"400f54aa-183d-45d5-ae4f-e3425b624eba","subtype":"Figure","type":"Plot"}},"id":"2566f40b-2826-49b4-8cb3-21b6caac651a","type":"PreviewSaveTool"},{"attributes":{"line_alpha":{"value":0.5},"line_color":{"value":"red"},"xs":{"field":"err_xs"},"ys":{"field":"err_ys"}},"id":"a8beafdc-618b-4726-95f3-af2b882d3c59","type":"MultiLine"},{"attributes":{"months":[0,2,4,6,8,10]},"id":"2c824583-9ff7-44fd-bf83-a943f00c943b","type":"MonthsTicker"},{"attributes":{"plot":{"id":"400f54aa-183d-45d5-ae4f-e3425b624eba","subtype":"Figure","type":"Plot"}},"id":"96dac0bc-2ffe-401f-b63f-be8cf35fe545","type":"PanTool"},{"attributes":{"months":[0,6]},"id":"6c72e6ca-9420-4210-a117-ad7647ec47b6","type":"MonthsTicker"},{"attributes":{"callback":null},"id":"72620759-fc91-4493-8cbb-508384c90e25","type":"DataRange1d"},{"attributes":{},"id":"bd70b77d-5375-40f7-8739-3fe5d5c26c9e","type":"ToolEvents"},{"attributes":{"num_minor_ticks":10},"id":"81bb4bb3-9d96-4242-ab00-59373c7062c7","type":"LogTicker"},{"attributes":{"data_source":{"id":"04d78034-96e3-4878-907d-89caf3d2b8f3","type":"ColumnDataSource"},"glyph":{"id":"12bf8c54-6c5e-4a42-ae0f-d5ae2c157eca","type":"Circle"},"hover_glyph":null,"nonselection_glyph":{"id":"8f6e0966-0feb-48d4-aecc-c19351641073","type":"Circle"},"selection_glyph":null},"id":"976c8f6a-d81d-4977-af49-5b6a6f52d110","type":"GlyphRenderer"},{"attributes":{"months":[0,4,8]},"id":"8c6164ee-3e0a-46d9-a7a4-e5b3e63fe4e3","type":"MonthsTicker"},{"attributes":{"dimension":1,"plot":{"id":"400f54aa-183d-45d5-ae4f-e3425b624eba","subtype":"Figure","type":"Plot"},"ticker":{"id":"81bb4bb3-9d96-4242-ab00-59373c7062c7","type":"LogTicker"}},"id":"7e733343-a3bb-4f35-876f-ddfd8ea1f5d2","type":"Grid"},{"attributes":{"overlay":{"id":"171dcb08-6767-4215-b825-99d5f99fdd34","type":"BoxAnnotation"},"plot":{"id":"400f54aa-183d-45d5-ae4f-e3425b624eba","subtype":"Figure","type":"Plot"}},"id":"f55a31fb-532a-461c-ad58-7c25aa9a1243","type":"BoxZoomTool"},{"attributes":{},"id":"cf79bf76-d2be-4543-878f-660811ec182a","type":"DatetimeTickFormatter"},{"attributes":{"callback":null,"column_names":["y","x"],"data":{"x":[1440806400000,1441238400000,1441670400000,1442102400000,1442534400000,1442966400000,1443398400000,1443398400000,1442966400000,1442534400000,1442102400000,1441670400000,1441238400000,1440806400000],"y":[3.22222089767,3.52665734291,5.87497234344,5.26527023315,5.14844036102,6.51082706451,3.87331461906,0.546327650547,0.445584058762,0.430444717407,0.481752246618,0.530595183372,0.415177106857,0.474041193724]}},"id":"9e62ff65-40fa-4dc3-bd03-34887a116356","type":"ColumnDataSource"},{"attributes":{"days":[1,4,7,10,13,16,19,22,25,28]},"id":"c1757622-eb30-4bd0-9801-ed1214f8b8c0","type":"DaysTicker"},{"attributes":{"days":[1,8,15,22]},"id":"f6d2bc90-8dc7-4300-9f6e-a583ad555651","type":"DaysTicker"},{"attributes":{"plot":{"id":"400f54aa-183d-45d5-ae4f-e3425b624eba","subtype":"Figure","type":"Plot"}},"id":"7f899157-4746-4a31-8443-fff8fa0af771","type":"WheelZoomTool"},{"attributes":{"plot":{"id":"400f54aa-183d-45d5-ae4f-e3425b624eba","subtype":"Figure","type":"Plot"}},"id":"d60f59d3-8f86-4314-a44a-7c36badb4cc2","type":"CrosshairTool"},{"attributes":{"days":[1,2,3,4,5,6,7,8,9,10,11,12,13,14,15,16,17,18,19,20,21,22,23,24,25,26,27,28,29,30,31]},"id":"28c30211-19a5-4984-9076-ea6cb2c6593c","type":"DaysTicker"},{"attributes":{"num_minor_ticks":5},"id":"b38e579e-60fb-4a5a-a7bb-4b7470b07138","type":"DatetimeTicker"},{"attributes":{"line_alpha":{"value":0.1},"line_color":{"value":"#1f77b4"},"xs":{"field":"err_xs"},"ys":{"field":"err_ys"}},"id":"e8c638a5-16fd-44d6-9e45-e233a2440417","type":"MultiLine"},{"attributes":{"plot":{"id":"400f54aa-183d-45d5-ae4f-e3425b624eba","subtype":"Figure","type":"Plot"}},"id":"df0ff038-ef40-4427-976e-5b80edfa6b6f","type":"ResizeTool"},{"attributes":{"callback":null,"plot":{"id":"400f54aa-183d-45d5-ae4f-e3425b624eba","subtype":"Figure","type":"Plot"},"tooltips":[["Date","@sdate"],["Mean","@mean{0.000}"],["Max ","@max{0.000}"],["Min ","@min{0.000}"],["Std ","@stderr{0.000}"]]},"id":"fda8de7b-d884-41b0-8f53-8fc10a46be40","type":"HoverTool"},{"attributes":{"fill_alpha":{"value":0.5},"fill_color":{"value":"red"},"line_alpha":{"value":0},"line_color":{"value":"red"},"size":{"units":"screen","value":5},"x":{"field":"date"},"y":{"field":"mean"}},"id":"12bf8c54-6c5e-4a42-ae0f-d5ae2c157eca","type":"Circle"},{"attributes":{"fill_alpha":{"value":0.1},"fill_color":{"value":"#1f77b4"},"line_alpha":{"value":0.1},"line_color":{"value":"#1f77b4"},"size":{"units":"screen","value":5},"x":{"field":"date"},"y":{"field":"mean"}},"id":"8f6e0966-0feb-48d4-aecc-c19351641073","type":"Circle"},{"attributes":{"plot":{"id":"400f54aa-183d-45d5-ae4f-e3425b624eba","subtype":"Figure","type":"Plot"}},"id":"57c3831a-f60b-4bbc-b1b7-824a957c7c19","type":"HelpTool"}],"root_ids":["400f54aa-183d-45d5-ae4f-e3425b624eba"]},"title":"Bokeh Application","version":"0.11.1"}};
    var render_items = [{"docid":"50c7e688-a2b4-42e0-936c-65eebffa8a0c","elementid":"bf26a999-5581-4b5f-b868-93ef968ab5d6","modelid":"400f54aa-183d-45d5-ae4f-e3425b624eba"}];
    
    Bokeh.embed.embed_items(docs_json, render_items);
});
</script>
    
    
<div class="plotdiv" id="bf26a999-5581-4b5f-b868-93ef968ab5d6"></div>
</div>
</body>

</html>
